******************************************************************************
            TI ARM Clang Linker Unix v3.2.2                    
******************************************************************************
>> Linked Fri Aug 29 15:08:26 2025

OUTPUT FILE NAME:   <qspi_flash_diag_wcsp.release.out>
ENTRY POINT SYMBOL: "_c_int00"  address: 00408089


MEMORY CONFIGURATION

         name            origin    length      used     unused   attr    fill
----------------------  --------  ---------  --------  --------  ----  --------
  M4F_VECS              00400000   00000200  00000140  000000c0  RWIX
  M4F_RAM12             00400200   00057e00  0000a4f3  0004d90d  RWIX
  M4F_RBL               00458000   00008000  00004000  00004000  RWIX
  M4F_RAM3              00460000   00020000  00000000  00020000  RWIX
  HWASS_SHM_MEM         60000000   00080000  00000000  00080000  RWIX


SEGMENT ALLOCATION MAP

run origin  load origin   length   init length attrs members
----------  ----------- ---------- ----------- ----- -------
00400000    00400000    00000140   00000140    rw-
  00400000    00400000    00000140   00000140    rw- .vectors
00400200    00400200    00000f00   00000000    rw-
  00400200    00400200    00000f00   00000000    rw- .bss
00401100    00401100    0000913a   0000913a    r-x
  00401100    00401100    00007de8   00007de8    r-x .text
  00408ee8    00408ee8    00001352   00001352    r-- .rodata
0040a240    0040a240    000004b9   000004b9    rw-
  0040a240    0040a240    000004b9   000004b9    rw- .data
00458000    00458000    00004000   00000000    rw-
  00458000    00458000    00002000   00000000    rw- .stack
  0045a000    0045a000    00002000   00000000    rw- .sysmem


SECTION ALLOCATION MAP

 output                                  attributes/
section   page    origin      length       input sections
--------  ----  ----------  ----------   ----------------
.vectors   0    00400000    00000140     
                  00400000    00000140     nortos.xwrL64xx.m4f.ti-arm-clang.release.lib : HwiP_armv7m_handlers_nortos.obj (.vectors)

.bss       0    00400200    00000f00     UNINITIALIZED
                  00400200    000002c8     (.common:gNorSpiDevDefines)
                  004004c8    00000280     (.common:gHwiCtrl)
                  00400748    0000021c     ti_drivers_config.obj (.bss.gUartObjects)
                  00400964    00000194     ti_drivers_config.obj (.bss.gQspiObjects)
                  00400af8    00000120     libsysbm.a : trgmsg.c.obj (.bss:_CIOBUF_)
                  00400c18    00000068     (.common:gParamHeaders)
                  00400c80    00000100     (.common:gQspiRxBuf)
                  00400d80    00000100     (.common:gQspiTxBuf)
                  00400e80    000000a0     libc.a : defs.c.obj (.bss.__TI_tmpnams)
                  00400f20    00000070     (.common:gSccr)
                  00400f90    00000058     ti_drivers_config.obj (.bss.gEdmaObjects)
                  00400fe8    00000050     (.common:gBfpt)
                  00401038    00000038     (.common:gClockCtrl)
                  00401070    00000014     (.common:gXpt1)
                  00401084    00000010     (.common:gSfdpHeader)
                  00401094    00000008     libsysbm.a : hostopen.c.obj (.bss.parmbuf)
                  0040109c    00000008     (.common:g4bait)
                  004010a4    00000008     (.common:gSmpt)
                  004010ac    00000004     libc.a : memory.c.obj (.bss.sys_free)
                  004010b0    00000004     (.common:gBfptHeader)
                  004010b4    00000004     (.common:gEdmaHandle)
                  004010b8    00000004     (.common:gQspiHandle)
                  004010bc    00000004     (.common:gUartHandle)
                  004010c0    00000040     --HOLE--

.stack     0    00458000    00002000     UNINITIALIZED
                  00458000    00000004     nortos.xwrL64xx.m4f.ti-arm-clang.release.lib : boot_armv7m.obj (.stack)
                  00458004    00001ffc     --HOLE--

.sysmem    0    0045a000    00002000     UNINITIALIZED
                  0045a000    00000010     libc.a : memory.c.obj (.sysmem)
                  0045a010    00001ff0     --HOLE--

__llvm_prf_cnts 
*          0    00400200    00000000     UNINITIALIZED

__llvm_prf_bits 
*          0    00400200    00000000     UNINITIALIZED

.text      0    00401100    00007de8     
                  00401100    00000570     nortos.xwrL64xx.m4f.ti-arm-clang.release.lib : printf.obj (.text._vsnprintf)
                  00401670    000004be     qspi_flash_diag.obj (.text.qspi_flash_diag_print_defines_json)
                  00401b2e    00000002     ti_board_config.obj (.text.Board_deinit)
                  00401b30    000004a8     nortos.xwrL64xx.m4f.ti-arm-clang.release.lib : printf.obj (.text._etoa)
                  00401fd8    00000440                                                  : printf.obj (.text._ftoa)
                  00402418    000003b0                                                  : HwiP_armv7m.obj (.text.hwi)
                  004027c8    00000360     drivers.xwrL64xx.m4f.ti-arm-clang.release.lib : uart_sci.obj (.text.UART_open)
                  00402b28    00000350     board.xwrL64xx.m4f.ti-arm-clang.release.lib : nor_spi_sfdp.obj (.text.NorSpi_Sfdp_parseBfpt)
                  00402e78    00000346                                                 : nor_spi_sfdp.obj (.text.NorSpi_Sfdp_parseSccr)
                  004031be    00000002     ti_board_open_close.obj (.text.Board_driversClose)
                  004031c0    00000310     drivers.xwrL64xx.m4f.ti-arm-clang.release.lib : soc_rcm.obj (.text.SOC_rcmGetPeripheralClock)
                  004034d0    0000030a                                                   : edma.obj (.text.EDMA_init)
                  004037da    00000006                                                   : edma.obj (.text.EDMA_isInterruptEnabled)
                  004037e0    000002dc     libc.a : strcmp_t2.S.obj (.text:strcmp)
                  00403abc    000002be     qspi_flash_diag.obj (.text.qspi_flash_diag_print_sfdp)
                  00403d7a    00000002     ti_board_config.obj (.text.Board_init)
                  00403d7c    0000022e     drivers.xwrL64xx.m4f.ti-arm-clang.release.lib : qspi.obj (.text.QSPI_open)
                  00403faa    0000022c                                                   : uart_sci.obj (.text.UART_write)
                  004041d6    00000002     nortos.xwrL64xx.m4f.ti-arm-clang.release.lib : CacheP_null.obj (.text.CacheP_inv)
                  004041d8    000001ca                                                  : MpuP_armv7m.obj (.text.mpu)
                  004043a2    00000002                                                  : CacheP_null.obj (.text.CacheP_wb)
                  004043a4    000001b6     libclang_rt.builtins.a : adddf3.S.obj (.text.adddf3_subdf3)
                  0040455a    00000002     nortos.xwrL64xx.m4f.ti-arm-clang.release.lib : ClockP_nortos_m4.obj (.text.ClockP_timerClearOverflowInt)
                  0040455c    000001a6     drivers.xwrL64xx.m4f.ti-arm-clang.release.lib : edma.obj (.text.EDMA_deinit)
                  00404702    00000190                                                   : uart_sci_edma.obj (.text.UART_edmaChannelConfig)
                  00404892    00000002     nortos.xwrL64xx.m4f.ti-arm-clang.release.lib : SemaphoreP_nortos.obj (.text.SemaphoreP_destruct)
                  00404894    0000018c     drivers.xwrL64xx.m4f.ti-arm-clang.release.lib : qspi_edma.obj (.text.QSPI_edmaTransfer)
                  00404a20    0000017a                                                   : uart_sci.obj (.text.UART_controllerIsr)
                  00404b9a    00000176                                                   : qspi_edma.obj (.text.QSPI_edmaChannelConfig)
                  00404d10    00000170                                                   : soc_rcm.obj (.text.SOC_rcmEnablePeripheralClock)
                  00404e80    00000162                                                   : soc_rcm.obj (.text.SOC_rcmSetPeripheralClock)
                  00404fe2    00000002     nortos.xwrL64xx.m4f.ti-arm-clang.release.lib : TaskP_nortos.obj (.text.TaskP_yield)
                  00404fe4    0000015e     qspi_flash_diag.obj (.text.qspi_flash_diag)
                  00405142    00000002     libclang_rt.builtins.a : aeabi_div0.c.obj (.text.__aeabi_ldiv0)
                  00405144    00000156     drivers.xwrL64xx.m4f.ti-arm-clang.release.lib : qspi.obj (.text.QSPI_readCmd)
                  0040529a    00000148                                                   : uart_sci.obj (.text.UART_close)
                  004053e2    00000002     libc.a : _lock.c.obj (.text._nop)
                  004053e4    00000144     nortos.xwrL64xx.m4f.ti-arm-clang.release.lib : printf.obj (.text._ntoa_format)
                  00405528    00000136     libclang_rt.builtins.a : divdf3.S.obj (.text.__divdf3)
                  0040565e    00000002     nortos.xwrL64xx.m4f.ti-arm-clang.release.lib : printf.obj (.text._out_null)
                  00405660    00000132     drivers.xwrL64xx.m4f.ti-arm-clang.release.lib : edma.obj (.text.allocResource)
                  00405792    0000012c                                                   : edma.obj (.text.EDMA_open)
                  004058be    00000002     --HOLE-- [fill = 0]
                  004058c0    00000120     libc.a : memory.c.obj (.text.aligned_alloc)
                  004059e0    00000104     drivers.xwrL64xx.m4f.ti-arm-clang.release.lib : edma.obj (.text.EDMA_transferCompletionMasterIsrFxn)
                  00405ae4    000000fc     libclang_rt.builtins.a : muldf3.S.obj (.text.__muldf3)
                  00405be0    000000fa     drivers.xwrL64xx.m4f.ti-arm-clang.release.lib : edma.obj (.text.EDMA_freeResource)
                  00405cda    00000002     --HOLE-- [fill = 0]
                  00405cdc    000000fa                                                   : qspi.obj (.text.QSPI_readMemMapMode)
                  00405dd6    000000f6     nortos.xwrL64xx.m4f.ti-arm-clang.release.lib : ClockP_nortos_m4.obj (.text.ClockP_init)
                  00405ecc    000000f0     libc.a : memory.c.obj (.text.free)
                  00405fbc    000000e8     drivers.xwrL64xx.m4f.ti-arm-clang.release.lib : qspi.obj (.text.QSPI_writeCmd)
                  004060a4    000000da     nortos.xwrL64xx.m4f.ti-arm-clang.release.lib : HwiP_armv7m_handlers_nortos.obj (.text.hwi)
                  0040617e    00000002     --HOLE-- [fill = 0]
                  00406180    000000d8     drivers.xwrL64xx.m4f.ti-arm-clang.release.lib : edma.obj (.text.EDMA_allocResource)
                  00406258    000000d8                                                   : uart_sci_edma.obj (.text.UART_writeDma)
                  00406330    000000d8     libc.a : setvbuf.c.obj (.text.setvbuf)
                  00406408    000000d6     drivers.xwrL64xx.m4f.ti-arm-clang.release.lib : edma.obj (.text.EDMA_unregisterIntr)
                  004064de    00000002     --HOLE-- [fill = 0]
                  004064e0    000000ca                                                   : edma.obj (.text.EDMA_registerIntr)
                  004065aa    00000002     --HOLE-- [fill = 0]
                  004065ac    000000bc                                                   : qspi.obj (.text.QSPI_spiConfigWrite)
                  00406668    000000bc     nortos.xwrL64xx.m4f.ti-arm-clang.release.lib : SysTickTimerP.obj (.text.SysTickTimerP_setup)
                  00406724    000000b4     qspi_nor_flash_1s.obj (.text.QSPI_norFlashWrite)
                  004067d8    000000b0     libclang_rt.builtins.a : udivmoddi4.S.obj (.text)
                  00406888    000000a4     nortos.xwrL64xx.m4f.ti-arm-clang.release.lib : printf.obj (.text._ntoa_long_long)
                  0040692c    000000a4                                                  : printf.obj (.text._out_rev)
                  004069d0    000000a2     drivers.xwrL64xx.m4f.ti-arm-clang.release.lib : uart_sci.obj (.text.UART_flushTxFifo)
                  00406a72    00000002     --HOLE-- [fill = 0]
                  00406a74    0000009c     libc.a : s_floorf.c.obj (.text.floorf)
                  00406b10    00000098     nortos.xwrL64xx.m4f.ti-arm-clang.release.lib : SemaphoreP_nortos.obj (.text.SemaphoreP_pend)
                  00406ba8    00000096     board.xwrL64xx.m4f.ti-arm-clang.release.lib : nor_spi_sfdp.obj (.text.NorSpi_Sfdp_parseXpt1)
                  00406c3e    00000002     --HOLE-- [fill = 0]
                  00406c40    00000094     drivers.xwrL64xx.m4f.ti-arm-clang.release.lib : uart_sci.obj (.text.UART_init)
                  00406cd4    00000094     nortos.xwrL64xx.m4f.ti-arm-clang.release.lib : printf.obj (.text._ntoa_long)
                  00406d68    00000090     drivers.xwrL64xx.m4f.ti-arm-clang.release.lib : edma.obj (.text.EDMADisableTransferRegion)
                  00406df8    00000090                                                   : edma.obj (.text.EDMAEnableTransferRegion)
                  00406e88    0000008e     qspi_nor_flash_1s.obj (.text.QSPI_norFlashWaitReady)
                  00406f16    00000002     --HOLE-- [fill = 0]
                  00406f18    0000008e     qspi_nor_flash_1s.obj (.text.QSPI_norFlashWriteEnableLatched)
                  00406fa6    00000002     --HOLE-- [fill = 0]
                  00406fa8    00000088     libc.a : fputc.c.obj (.text.fputc)
                  00407030    00000086     drivers.xwrL64xx.m4f.ti-arm-clang.release.lib : uart_sci_edma.obj (.text.UART_txEdmaIsrFxn)
                  004070b6    00000002     --HOLE-- [fill = 0]
                  004070b8    00000082                                                   : qspi.obj (.text.QSPI_init)
                  0040713a    00000080                                                   : uart_sci_edma.obj (.text.UART_rxEdmaIsrFxn)
                  004071ba    0000007e     libc.a : s_roundf.c.obj (.text.roundf)
                  00407238    00000078     qspi_nor_flash_1s.obj (.text.QSPI_norFlashInit)
                  004072b0    00000074     libc.a : fclose.c.obj (.text.__TI_closefile)
                  00407324    00000072     drivers.xwrL64xx.m4f.ti-arm-clang.release.lib : edma.obj (.text.EDMA_close)
                  00407396    00000072     qspi_nor_flash_1s.obj (.text.QSPI_norFlashErase)
                  00407408    00000070     drivers.xwrL64xx.m4f.ti-arm-clang.release.lib : edma.obj (.text.EDMAConfigureChannelRegion)
                  00407478    0000006e     libclang_rt.builtins.a : comparedf2.c.obj (.text.__gedf2)
                  004074e6    00000002     --HOLE-- [fill = 0]
                  004074e8    0000006e                            : comparedf2.c.obj (.text.__ledf2)
                  00407556    0000006c     drivers.xwrL64xx.m4f.ti-arm-clang.release.lib : qspi_edma.obj (.text.QSPI_edmaChannelFree)
                  004075c2    00000002     --HOLE-- [fill = 0]
                  004075c4    0000006c     libc.a : memory.c.obj (.text.split)
                  00407630    0000006a     nortos.xwrL64xx.m4f.ti-arm-clang.release.lib : AddrTranslateP.obj (.text.AddrTranslateP_getLocalAddr)
                  0040769a    00000068     board.xwrL64xx.m4f.ti-arm-clang.release.lib : nor_spi_sfdp.obj (.text.NorSpi_Sfdp_parse4bait)
                  00407702    00000068     drivers.xwrL64xx.m4f.ti-arm-clang.release.lib : uart_sci.obj (.text.UART_writeCancelNoCB)
                  0040776a    00000002     --HOLE-- [fill = 0]
                  0040776c    00000068     libc.a : fseek.c.obj (.text.fseeko)
                  004077d4    00000068            : getdevice.c.obj (.text.getdevice)
                  0040783c    00000064     nortos.xwrL64xx.m4f.ti-arm-clang.release.lib : ClockP_nortos.obj (.text.ClockP_timerTickIsr)
                  004078a0    00000064     drivers.xwrL64xx.m4f.ti-arm-clang.release.lib : edma.obj (.text.EDMAFreeChannelRegion)
                  00407904    00000064     libsysbm.a : hostrename.c.obj (.text.HOSTrename)
                  00407968    00000062     libclang_rt.builtins.a : aeabi_dcmp.S.obj (.text.__aeabi_dcmp)
                  004079ca    00000060     libc.a : _io_perm.c.obj (.text.__TI_wrt_ok)
                  00407a2a    00000002     --HOLE-- [fill = 0]
                  00407a2c    00000060     libsysbm.a : close.c.obj (.text.close)
                  00407a8c    0000005e     nortos.xwrL64xx.m4f.ti-arm-clang.release.lib : DebugP_log.obj (.text._DebugP_assert)
                  00407aea    00000002     --HOLE-- [fill = 0]
                  00407aec    00000058                                                  : ClockP_nortos.obj (.text.ClockP_getTimeUsec)
                  00407b44    00000058     libsysbm.a : hostlseek.c.obj (.text.HOSTlseek)
                  00407b9c    00000058                : hostopen.c.obj (.text.HOSTopen)
                  00407bf4    00000054                : hostread.c.obj (.text.HOSTread)
                  00407c48    00000054                : hostwrite.c.obj (.text.HOSTwrite)
                  00407c9c    00000054     drivers.xwrL64xx.m4f.ti-arm-clang.release.lib : qspi.obj (.text.QSPI_close)
                  00407cf0    00000052     qspi_nor_flash_1s.obj (.text.QSPI_norFlashReadId)
                  00407d42    00000050     drivers.xwrL64xx.m4f.ti-arm-clang.release.lib : soc.obj (.text.SOC_virtToPhy)
                  00407d92    00000050     libc.a : fflush.c.obj (.text.__TI_doflush)
                  00407de2    00000002     --HOLE-- [fill = 0]
                  00407de4    0000004e     nortos.xwrL64xx.m4f.ti-arm-clang.release.lib : ClockP_nortos.obj (.text.ClockP_addToList)
                  00407e32    0000004c     ti_drivers_open_close.obj (.text.Drivers_edmaOpen)
                  00407e7e    0000004c     ti_drivers_open_close.obj (.text.Drivers_qspiOpen)
                  00407eca    0000004c     ti_drivers_open_close.obj (.text.Drivers_uartOpen)
                  00407f16    0000004c     qspi_nor_flash_1s.obj (.text.QSPI_norFlashReadSfdp)
                  00407f62    0000004a     nortos.xwrL64xx.m4f.ti-arm-clang.release.lib : ClockP_nortos.obj (.text.ClockP_construct)
                  00407fac    0000004a     drivers.xwrL64xx.m4f.ti-arm-clang.release.lib : edma.obj (.text.EDMADisableChInShadowRegRegion)
                  00407ff6    00000002     --HOLE-- [fill = 0]
                  00407ff8    00000048     libclang_rt.builtins.a : fixdfsi.S.obj (.text.__fixdfsi)
                  00408040    00000048     qspi_flash_diag.obj (.text.qspi_flash_diag_test_compare_buffers)
                  00408088    00000048     nortos.xwrL64xx.m4f.ti-arm-clang.release.lib : boot_armv7m.obj (.text:_c_int00)
                  004080d0    00000046     drivers.xwrL64xx.m4f.ti-arm-clang.release.lib : edma.obj (.text.EDMA_getBaseAddr)
                  00408116    00000002     --HOLE-- [fill = 0]
                  00408118    00000044     libsysbm.a : hostunlink.c.obj (.text.HOSTunlink)
                  0040815c    00000044     libclang_rt.builtins.a : fixunsdfsi.S.obj (.text.__fixunsdfsi)
                  004081a0    00000040     nortos.xwrL64xx.m4f.ti-arm-clang.release.lib : ClockP_nortos.obj (.text.ClockP_stop)
                  004081e0    00000040     ti_drivers_open_close.obj (.text.Drivers_close)
                  00408220    0000003e     drivers.xwrL64xx.m4f.ti-arm-clang.release.lib : edma.obj (.text.EDMAMapChToEvtQ)
                  0040825e    00000002     --HOLE-- [fill = 0]
                  00408260    0000003e                                                   : edma.obj (.text.EDMASetPaRAM)
                  0040829e    0000003e                                                   : qspi_edma.obj (.text.QSPI_edmaIsrFxn)
                  004082dc    0000003e     nortos.xwrL64xx.m4f.ti-arm-clang.release.lib : SemaphoreP_nortos.obj (.text.SemaphoreP_constructBinary)
                  0040831a    0000003e     ti_drivers_config.obj (.text.System_init)
                  00408358    0000003c     libsysbm.a : hostclose.c.obj (.text.HOSTclose)
                  00408394    0000003c     nortos.xwrL64xx.m4f.ti-arm-clang.release.lib : SemaphoreP_nortos.obj (.text.SemaphoreP_constructMutex)
                  004083d0    0000003a                                                  : ClockP_nortos.obj (.text.ClockP_destruct)
                  0040840a    0000003a                                                  : DebugP_uartLogWriter.obj (.text.DebugP_uartLogWriterPutChar)
                  00408444    00000038     ti_drivers_config.obj (.text.Drivers_uartInit)
                  0040847c    00000038     ti_power_clock_config.obj (.text.Module_clockSetFrequency)
                  004084b4    00000038     drivers.xwrL64xx.m4f.ti-arm-clang.release.lib : qspi.obj (.text.QSPI_writeConfigMode)
                  004084ec    00000038                                                   : soc_rcm.obj (.text.SOC_rcmEnableADPLLClock)
                  00408524    00000038     nortos.xwrL64xx.m4f.ti-arm-clang.release.lib : DebugP_nortos.obj (.text._DebugP_logZone)
                  0040855c    00000038     libclang_rt.builtins.a : extendsfdf2.S.obj (.text.__extendsfdf2)
                  00408594    00000038     libc.a : autoinit.c.obj (.text:__TI_auto_init_nobinit_nopinit)
                  004085cc    00000036     drivers.xwrL64xx.m4f.ti-arm-clang.release.lib : pinmux.obj (.text.Pinmux_config)
                  00408602    00000034     nortos.xwrL64xx.m4f.ti-arm-clang.release.lib : ClockP_nortos.obj (.text.ClockP_start)
                  00408636    00000002     --HOLE-- [fill = 0]
                  00408638    00000034     libc.a : fopen.c.obj (.text.__TI_cleanup)
                  0040866c    00000034     libsysbm.a : trgmsg.c.obj (.text.__TI_writemsg)
                  004086a0    00000032     nortos.xwrL64xx.m4f.ti-arm-clang.release.lib : ClockP_nortos.obj (.text.ClockP_usleep)
                  004086d2    00000032     drivers.xwrL64xx.m4f.ti-arm-clang.release.lib : edma.obj (.text.EDMA_getHandle)
                  00408704    00000032     ti_power_clock_config.obj (.text.Module_clockEnable)
                  00408736    00000032     nortos.xwrL64xx.m4f.ti-arm-clang.release.lib : SemaphoreP_nortos.obj (.text.SemaphoreP_post)
                  00408768    00000030     libsysbm.a : trgmsg.c.obj (.text.__TI_readmsg)
                  00408798    00000030     libclang_rt.builtins.a : comparedf2.c.obj (.text.__unorddf2)
                  004087c8    00000030     libc.a : exit.c.obj (.text.exit)
                  004087f8    0000002e     drivers.xwrL64xx.m4f.ti-arm-clang.release.lib : edma.obj (.text.EDMAEnableChInShadowRegRegion)
                  00408826    00000002     --HOLE-- [fill = 0]
                  00408828    0000002e     ti_power_clock_config.obj (.text.Module_clockDisable)
                  00408856    00000002     --HOLE-- [fill = 0]
                  00408858    0000002e     board.xwrL64xx.m4f.ti-arm-clang.release.lib : nor_spi_sfdp.obj (.text.NorSpi_Sfdp_getParameterTableName)
                  00408886    0000002e     drivers.xwrL64xx.m4f.ti-arm-clang.release.lib : qspi.obj (.text.QSPI_getHandle)
                  004088b4    0000002e     libclang_rt.builtins.a : floatsidf.S.obj (.text.__floatsidf)
                  004088e2    00000002     --HOLE-- [fill = 0]
                  004088e4    0000002c     drivers.xwrL64xx.m4f.ti-arm-clang.release.lib : soc_rcm.obj (.text.SOC_rcmSetM4ClockSrc)
                  00408910    0000002c                                                   : uart_sci.obj (.text.UART_getHandle)
                  0040893c    0000002c     libc.a : getdevice.c.obj (.text.finddevice)
                  00408968    0000002c     libsysbm.a : lseek.c.obj (.text.lseek)
                  00408994    0000002c                : unlink.c.obj (.text.unlink)
                  004089c0    0000002c                : write.c.obj (.text.write)
                  004089ec    0000002a     qspi_nor_flash_1s.obj (.text.QSPI_norFlashRead)
                  00408a16    00000028     nortos.xwrL64xx.m4f.ti-arm-clang.release.lib : ClockP_nortos.obj (.text.ClockP_sleepTicks)
                  00408a3e    00000002     --HOLE-- [fill = 0]
                  00408a40    00000028     libc.a : memory.c.obj (.text.free_list_insert)
                  00408a68    00000024     ti_dpl_config.obj (.text.Dpl_init)
                  00408a8c    00000024     drivers.xwrL64xx.m4f.ti-arm-clang.release.lib : edma.obj (.text.EDMAReadIntrStatusRegion)
                  00408ab0    00000024     nortos.xwrL64xx.m4f.ti-arm-clang.release.lib : printf.obj (.text.vprintf_)
                  00408ad4    00000022     drivers.xwrL64xx.m4f.ti-arm-clang.release.lib : soc.obj (.text.SOC_controlModuleUnlockMMR)
                  00408af6    00000020     nortos.xwrL64xx.m4f.ti-arm-clang.release.lib : DebugP_log.obj (.text.DebugP_logZoneEnable)
                  00408b16    00000002     --HOLE-- [fill = 0]
                  00408b18    00000020     libclang_rt.builtins.a : floatunsidf.S.obj (.text.__floatunsidf)
                  00408b38    0000001e     drivers.xwrL64xx.m4f.ti-arm-clang.release.lib : edma.obj (.text.EDMAClrIntrRegion)
                  00408b56    00000002     --HOLE-- [fill = 0]
                  00408b58    0000001e     nortos.xwrL64xx.m4f.ti-arm-clang.release.lib : DebugP_log.obj (.text._DebugP_assertNoLog)
                  00408b76    00000002     --HOLE-- [fill = 0]
                  00408b78    0000001c     libc.a : memory.c.obj (.text.free_list_remove)
                  00408b94    0000001c     main.obj (.text.main)
                  00408bb0    0000001a     drivers.xwrL64xx.m4f.ti-arm-clang.release.lib : qspi.obj (.text.QSPI_deinit)
                  00408bca    0000001a     nortos.xwrL64xx.m4f.ti-arm-clang.release.lib : SysTickTimerP.obj (.text.SysTickTimerP_Params_init)
                  00408be4    0000001a     ti_drivers_config.obj (.text.System_deinit)
                  00408bfe    0000001a     drivers.xwrL64xx.m4f.ti-arm-clang.release.lib : uart_sci.obj (.text.UART_deinit)
                  00408c18    0000001a     nortos.xwrL64xx.m4f.ti-arm-clang.release.lib : boot_armv7m.obj (.text.stack_init)
                  00408c32    00000018                                                  : ClockP_nortos_m4.obj (.text.ClockP_deinit)
                  00408c4a    00000018     board.xwrL64xx.m4f.ti-arm-clang.release.lib : nor_spi_sfdp.obj (.text.NorSpi_Sfdp_getPtp)
                  00408c62    00000018     drivers.xwrL64xx.m4f.ti-arm-clang.release.lib : qspi.obj (.text.QSPI_readCmdParams_init)
                  00408c7a    00000018                                                   : qspi.obj (.text.QSPI_writeCmdParams_init)
                  00408c92    00000016     nortos.xwrL64xx.m4f.ti-arm-clang.release.lib : HwiP_armv7m.obj (.text.HwiP_inISR)
                  00408ca8    00000016     drivers.xwrL64xx.m4f.ti-arm-clang.release.lib : qspi.obj (.text.QSPI_transaction_init)
                  00408cbe    00000016                                                   : soc_rcm.obj (.text.SOC_getEfusePgVersion)
                  00408cd4    00000014                                                   : edma.obj (.text.EDMA_getRegionId)
                  00408ce8    00000014                                                   : soc.obj (.text.SOC_controlModuleLockMMR)
                  00408cfc    00000014     libclang_rt.builtins.a : aeabi_uldivmod.S.obj (.text.__aeabi_uldivmod)
                  00408d10    00000012     ti_drivers_open_close.obj (.text.Drivers_open)
                  00408d22    00000012     drivers.xwrL64xx.m4f.ti-arm-clang.release.lib : soc.obj (.text.SOC_clocksEnable)
                  00408d34    00000012     nortos.xwrL64xx.m4f.ti-arm-clang.release.lib : SysTickTimerP.obj (.text.SysTickTimerP_start)
                  00408d46    00000012                                                  : SysTickTimerP.obj (.text.SysTickTimerP_stop)
                  00408d58    00000012     ti_dpl_config.obj (.text.putchar_)
                  00408d6a    00000010     drivers.xwrL64xx.m4f.ti-arm-clang.release.lib : qspi.obj (.text.QSPI_setAddressByteCount)
                  00408d7a    00000010                                                   : qspi.obj (.text.QSPI_setDummyBitCount)
                  00408d8a    00000010                                                   : qspi.obj (.text.QSPI_setReadCmd)
                  00408d9a    00000010                                                   : qspi.obj (.text.QSPI_setWriteCmd)
                  00408daa    0000000e                                                   : edma.obj (.text.EDMACCPaRAMEntry_init)
                  00408db8    0000000e     ti_pinmux_config.obj (.text.Pinmux_init)
                  00408dc6    0000000e     ti_power_clock_config.obj (.text.PowerClock_init)
                  00408dd4    0000000e     drivers.xwrL64xx.m4f.ti-arm-clang.release.lib : qspi.obj (.text.QSPI_isr)
                  00408de2    0000000e     nortos.xwrL64xx.m4f.ti-arm-clang.release.lib : SysTickTimerP.obj (.text.SysTickTimerP_getCount)
                  00408df0    0000000e                                                  : SysTickTimerP.obj (.text.SysTickTimerP_getReloadCount)
                  00408dfe    0000000e     libsysbm.a : hostrename.c.obj (.text.strcpy)
                  00408e0c    0000000e                : hostrename.c.obj (.text.strlen)
                  00408e1a    0000000e     libc.a : memset_t2.S.obj (.text:TI_memset_small)
                  00408e28    0000000c     nortos.xwrL64xx.m4f.ti-arm-clang.release.lib : ClockP_nortos.obj (.text.ClockP_getTicks)
                  00408e34    0000000c                                                  : DebugP_uartLogWriter.obj (.text.DebugP_uartSetDrvIndex)
                  00408e40    0000000c     drivers.xwrL64xx.m4f.ti-arm-clang.release.lib : soc.obj (.text.SOC_moduleClockEnable)
                  00408e4c    0000000c     libc.a : fputc.c.obj (.text.putchar)
                  00408e58    0000000a     nortos.xwrL64xx.m4f.ti-arm-clang.release.lib : ClockP_nortos.obj (.text.ClockP_Params_init)
                  00408e62    0000000a                                                  : ClockP_nortos.obj (.text.ClockP_isActive)
                  00408e6c    0000000a     libclang_rt.builtins.a : aeabi_memset.S.obj (.text.__aeabi_memset)
                  00408e76    0000000a     nortos.xwrL64xx.m4f.ti-arm-clang.release.lib : printf.obj (.text._out_char)
                  00408e80    00000008     drivers.xwrL64xx.m4f.ti-arm-clang.release.lib : edma.obj (.text.EDMA_allocDmaChannel)
                  00408e88    00000008                                                   : edma.obj (.text.EDMA_allocParam)
                  00408e90    00000008                                                   : edma.obj (.text.EDMA_allocTcc)
                  00408e98    00000008                                                   : edma.obj (.text.EDMA_freeDmaChannel)
                  00408ea0    00000008                                                   : edma.obj (.text.EDMA_freeParam)
                  00408ea8    00000008                                                   : edma.obj (.text.EDMA_freeTcc)
                  00408eb0    00000008     libclang_rt.builtins.a : aeabi_memset.S.obj (.text.__aeabi_memclr)
                  00408eb8    00000008     libc.a : memory.c.obj (.text.malloc)
                  00408ec0    00000004     ti_board_open_close.obj (.text.Board_driversOpen)
                  00408ec4    00000004     nortos.xwrL64xx.m4f.ti-arm-clang.release.lib : ClockP_nortos_m4.obj (.text.ClockP_getTimerCount)
                  00408ec8    00000004     ti_dpl_config.obj (.text.Dpl_deinit)
                  00408ecc    00000004     board.xwrL64xx.m4f.ti-arm-clang.release.lib : nor_spi_sfdp.obj (.text.NorSpi_Sfdp_parseSmpt)
                  00408ed0    00000004     ti_power_clock_config.obj (.text.PowerClock_deinit)
                  00408ed4    00000004     drivers.xwrL64xx.m4f.ti-arm-clang.release.lib : soc.obj (.text.SOC_moduleSetClockFrequency)
                  00408ed8    00000004     ti_dpl_config.obj (.text.boot)
                  00408edc    00000004     libc.a : fseek.c.obj (.text.fseek)
                  00408ee0    00000004     libsysbm.a : remove.c.obj (.text.remove)
                  00408ee4    00000004     libc.a : exit.c.obj (.text:abort)

.rodata    0    00408ee8    00001352     
                  00408ee8    0000005e     qspi_flash_diag.obj (.rodata.str1.24621527046474569541)
                  00408f46    00000002     --HOLE-- [fill = 0]
                  00408f48    00000050     nortos.xwrL64xx.m4f.ti-arm-clang.release.lib : printf.obj (.rodata._ftoa.pow10)
                  00408f98    00000049     board.xwrL64xx.m4f.ti-arm-clang.release.lib : nor_spi_sfdp.obj (.rodata.str1.82843984401293222831)
                  00408fe1    00000048                                                 : nor_spi_sfdp.obj (.rodata.str1.76635127000973277161)
                  00409029    00000047     qspi_flash_diag.obj (.rodata.str1.125610699187916744861)
                  00409070    00000045     board.xwrL64xx.m4f.ti-arm-clang.release.lib : nor_spi_sfdp.obj (.rodata.str1.21087647340699912811)
                  004090b5    0000003d     qspi_flash_diag.obj (.rodata.str1.39749372953335813041)
                  004090f2    0000003c     qspi_flash_diag.obj (.rodata.str1.153238363252507018291)
                  0040912e    0000003c     qspi_flash_diag.obj (.rodata.str1.82081747730856101291)
                  0040916a    00000037     qspi_flash_diag.obj (.rodata.str1.134672640889216110161)
                  004091a1    00000037     nortos.xwrL64xx.m4f.ti-arm-clang.release.lib : SemaphoreP_nortos.obj (.rodata.str1.77784356401422800491)
                  004091d8    00000036     qspi_flash_diag.obj (.rodata.str1.138736738179472784771)
                  0040920e    00000035     ti_drivers_open_close.obj (.rodata.str1.135241915826326793361)
                  00409243    00000035     qspi_flash_diag.obj (.rodata.str1.65747144066438492981)
                  00409278    00000035     ti_drivers_open_close.obj (.rodata.str1.83291568192396921451)
                  004092ad    00000035     ti_drivers_open_close.obj (.rodata.str1.89322429334436556861)
                  004092e2    00000034     board.xwrL64xx.m4f.ti-arm-clang.release.lib : nor_spi_sfdp.obj (.rodata.str1.90457239351876639791)
                  00409316    00000033     qspi_flash_diag.obj (.rodata.str1.137368205808121091361)
                  00409349    00000033     qspi_flash_diag.obj (.rodata.str1.145648993088785160641)
                  0040937c    00000033     qspi_flash_diag.obj (.rodata.str1.16760164439124498391)
                  004093af    00000033     qspi_flash_diag.obj (.rodata.str1.16960559363570963851)
                  004093e2    00000033     qspi_flash_diag.obj (.rodata.str1.177450393544996676661)
                  00409415    00000033     qspi_flash_diag.obj (.rodata.str1.99140917113671058621)
                  00409448    00000032     board.xwrL64xx.m4f.ti-arm-clang.release.lib : nor_spi_sfdp.obj (.rodata.str1.106346057711434061861)
                  0040947a    00000030                                                 : nor_spi_sfdp.obj (.rodata.str1.72553438970903767291)
                  004094aa    0000002e     nortos.xwrL64xx.m4f.ti-arm-clang.release.lib : ClockP_nortos.obj (.rodata.str1.60552435462749564001)
                  004094d8    0000002d     qspi_flash_diag.obj (.rodata.str1.183976939291813481261)
                  00409505    0000002c     qspi_flash_diag.obj (.rodata.str1.151836891606325508741)
                  00409531    0000002c     qspi_flash_diag.obj (.rodata.str1.174802764269029799941)
                  0040955d    0000002a     board.xwrL64xx.m4f.ti-arm-clang.release.lib : nor_spi_sfdp.obj (.rodata.str1.118936697906492125511)
                  00409587    0000002a     qspi_flash_diag.obj (.rodata.str1.136991657115776107561)
                  004095b1    0000002a     nortos.xwrL64xx.m4f.ti-arm-clang.release.lib : DebugP_log.obj (.rodata.str1.8568035916953519521)
                  004095db    00000028                                                  : SysTickTimerP.obj (.rodata.str1.124645680920677519181)
                  00409603    00000028     qspi_flash_diag.obj (.rodata.str1.129088847836396890721)
                  0040962b    00000027     nortos.xwrL64xx.m4f.ti-arm-clang.release.lib : ClockP_nortos_m4.obj (.rodata.str1.5874506960196990421)
                  00409652    00000026     board.xwrL64xx.m4f.ti-arm-clang.release.lib : nor_spi_sfdp.obj (.rodata.str1.102541460057948352891)
                  00409678    00000025     qspi_flash_diag.obj (.rodata.str1.122281927535420059761)
                  0040969d    00000025     board.xwrL64xx.m4f.ti-arm-clang.release.lib : nor_spi_sfdp.obj (.rodata.str1.144517145936605665691)
                  004096c2    00000024     drivers.xwrL64xx.m4f.ti-arm-clang.release.lib : edma.obj (.rodata.str1.76418684701105564031)
                  004096e6    00000023     nortos.xwrL64xx.m4f.ti-arm-clang.release.lib : ClockP_nortos_m4.obj (.rodata.str1.48637854522803579141)
                  00409709    00000022     qspi_flash_diag.obj (.rodata.str1.40631463068633160641)
                  0040972b    00000021     qspi_flash_diag.obj (.rodata.str1.125026921249891851311)
                  0040974c    00000021     qspi_flash_diag.obj (.rodata.str1.43887714629352924711)
                  0040976d    00000021     qspi_flash_diag.obj (.rodata.str1.46478213888973808371)
                  0040978e    00000021     nortos.xwrL64xx.m4f.ti-arm-clang.release.lib : ClockP_nortos_m4.obj (.rodata.str1.99773122168583189571)
                  004097af    00000001     --HOLE-- [fill = 0]
                  004097b0    00000020     board.xwrL64xx.m4f.ti-arm-clang.release.lib : nor_spi_sfdp.obj (.rodata.cst16)
                  004097d0    00000020     drivers.xwrL64xx.m4f.ti-arm-clang.release.lib : soc_rcm.obj (.rodata.cst16)
                  004097f0    00000020     qspi_flash_diag.obj (.rodata.str1.50976209009166764191)
                  00409810    00000020     qspi_flash_diag.obj (.rodata.str1.52464783112156043931)
                  00409830    0000001f     nortos.xwrL64xx.m4f.ti-arm-clang.release.lib : ClockP_nortos_m4.obj (.rodata.str1.10592210478019630971)
                  0040984f    0000001f                                                  : SemaphoreP_nortos.obj (.rodata.str1.93106250239489445331)
                  0040986e    0000001e     qspi_flash_diag.obj (.rodata.str1.16720918846642118421)
                  0040988c    0000001e     qspi_flash_diag.obj (.rodata.str1.65654237970521676981)
                  004098aa    0000001d     drivers.xwrL64xx.m4f.ti-arm-clang.release.lib : qspi.obj (.rodata.str1.135910412420766670741)
                  004098c7    0000001d     qspi_flash_diag.obj (.rodata.str1.145457570918715997321)
                  004098e4    0000001c     qspi_flash_diag.obj (.rodata.str1.164518730994760308631)
                  00409900    0000001c     qspi_flash_diag.obj (.rodata.str1.180439899514341592681)
                  0040991c    0000001c     qspi_flash_diag.obj (.rodata.str1.29195745809154470721)
                  00409938    0000001c     qspi_flash_diag.obj (.rodata.str1.34130718328300888761)
                  00409954    0000001c     drivers.xwrL64xx.m4f.ti-arm-clang.release.lib : soc_rcm.obj (.rodata.str1.56477286324532805231)
                  00409970    0000001b     nortos.xwrL64xx.m4f.ti-arm-clang.release.lib : ClockP_nortos.obj (.rodata.str1.25471646840808198631)
                  0040998b    0000001b     qspi_flash_diag.obj (.rodata.str1.34783194204205749791)
                  004099a6    0000001b     nortos.xwrL64xx.m4f.ti-arm-clang.release.lib : SysTickTimerP.obj (.rodata.str1.62417832979391646401)
                  004099c1    0000001b     qspi_flash_diag.obj (.rodata.str1.8047310039277081341)
                  004099dc    0000001a     drivers.xwrL64xx.m4f.ti-arm-clang.release.lib : edma.obj (.rodata.str1.100996213821086933721)
                  004099f6    0000001a     qspi_flash_diag.obj (.rodata.str1.109266264749434905541)
                  00409a10    0000001a     qspi_flash_diag.obj (.rodata.str1.123991365001399920421)
                  00409a2a    0000001a     board.xwrL64xx.m4f.ti-arm-clang.release.lib : nor_spi_sfdp.obj (.rodata.str1.128680760368500930351)
                  00409a44    0000001a     drivers.xwrL64xx.m4f.ti-arm-clang.release.lib : soc_rcm.obj (.rodata.str1.13846211276285849311)
                  00409a5e    0000001a                                                   : qspi_edma.obj (.rodata.str1.143677181573357729111)
                  00409a78    0000001a                                                   : qspi_edma.obj (.rodata.str1.31994798867268193021)
                  00409a92    0000001a                                                   : soc_rcm.obj (.rodata.str1.52576848066905547631)
                  00409aac    0000001a     qspi_flash_diag.obj (.rodata.str1.52771629408740601321)
                  00409ac6    0000001a     drivers.xwrL64xx.m4f.ti-arm-clang.release.lib : soc_rcm.obj (.rodata.str1.73573858413138203341)
                  00409ae0    0000001a     nortos.xwrL64xx.m4f.ti-arm-clang.release.lib : ClockP_nortos_m4.obj (.rodata.str1.90786756798019705061)
                  00409afa    00000019     qspi_flash_diag.obj (.rodata.str1.110611936306534174851)
                  00409b13    00000019     drivers.xwrL64xx.m4f.ti-arm-clang.release.lib : soc_rcm.obj (.rodata.str1.164767278446434951321)
                  00409b2c    00000019                                                   : uart_sci_edma.obj (.rodata.str1.1694563462317297321)
                  00409b45    00000019     qspi_flash_diag.obj (.rodata.str1.172537859733033098731)
                  00409b5e    00000019     nortos.xwrL64xx.m4f.ti-arm-clang.release.lib : SysTickTimerP.obj (.rodata.str1.31813016594639626501)
                  00409b77    00000019     drivers.xwrL64xx.m4f.ti-arm-clang.release.lib : qspi_edma.obj (.rodata.str1.48709671272779746201)
                  00409b90    00000019                                                   : uart_sci.obj (.rodata.str1.55013173113347637961)
                  00409ba9    00000019                                                   : uart_sci.obj (.rodata.str1.87895611013758742281)
                  00409bc2    00000018                                                   : uart_sci.obj (.rodata.str1.120312415395384906381)
                  00409bda    00000018     qspi_flash_diag.obj (.rodata.str1.149997644572631003161)
                  00409bf2    00000018     qspi_flash_diag.obj (.rodata.str1.178374121709317429371)
                  00409c0a    00000018     qspi_flash_diag.obj (.rodata.str1.183330116037082778481)
                  00409c22    00000018     qspi_flash_diag.obj (.rodata.str1.34084522555748625901)
                  00409c3a    00000018     qspi_flash_diag.obj (.rodata.str1.42628008734722844071)
                  00409c52    00000018     qspi_flash_diag.obj (.rodata.str1.61649733270030591241)
                  00409c6a    00000018     qspi_flash_diag.obj (.rodata.str1.95027048016147694901)
                  00409c82    00000018     drivers.xwrL64xx.m4f.ti-arm-clang.release.lib : uart_sci_edma.obj (.rodata.str1.96300436347963894471)
                  00409c9a    00000017                                                   : qspi_edma.obj (.rodata.str1.124354099690648782791)
                  00409cb1    00000017                                                   : edma.obj (.rodata.str1.124854076466481638881)
                  00409cc8    00000017     qspi_flash_diag.obj (.rodata.str1.148917490011276398761)
                  00409cdf    00000017     drivers.xwrL64xx.m4f.ti-arm-clang.release.lib : uart_sci.obj (.rodata.str1.165585763696907955751)
                  00409cf6    00000017     nortos.xwrL64xx.m4f.ti-arm-clang.release.lib : SysTickTimerP.obj (.rodata.str1.26547744409832483041)
                  00409d0d    00000017     board.xwrL64xx.m4f.ti-arm-clang.release.lib : nor_spi_sfdp.obj (.rodata.str1.54988894661931672941)
                  00409d24    00000017     qspi_flash_diag.obj (.rodata.str1.7308513867751007721)
                  00409d3b    00000017     qspi_flash_diag.obj (.rodata.str1.83621265819826491691)
                  00409d52    00000017     drivers.xwrL64xx.m4f.ti-arm-clang.release.lib : soc_rcm.obj (.rodata.str1.85053832093120688671)
                  00409d69    00000016                                                   : qspi.obj (.rodata.str1.12560174967481994231)
                  00409d7f    00000016     board.xwrL64xx.m4f.ti-arm-clang.release.lib : nor_spi_sfdp.obj (.rodata.str1.162243852379721648651)
                  00409d95    00000016     drivers.xwrL64xx.m4f.ti-arm-clang.release.lib : edma.obj (.rodata.str1.168695502010531622391)
                  00409dab    00000016     board.xwrL64xx.m4f.ti-arm-clang.release.lib : nor_spi_sfdp.obj (.rodata.str1.26181744107164034341)
                  00409dc1    00000016                                                 : nor_spi_sfdp.obj (.rodata.str1.49220082492514354971)
                  00409dd7    00000016     drivers.xwrL64xx.m4f.ti-arm-clang.release.lib : uart_sci.obj (.rodata.str1.85700947625728835951)
                  00409ded    00000016     board.xwrL64xx.m4f.ti-arm-clang.release.lib : nor_spi_sfdp.obj (.rodata.str1.8917323515005861751)
                  00409e03    00000016     qspi_flash_diag.obj (.rodata.str1.9242165673148814251)
                  00409e19    00000016     drivers.xwrL64xx.m4f.ti-arm-clang.release.lib : qspi.obj (.rodata.str1.92825623095800856511)
                  00409e2f    00000015                                                   : uart_sci.obj (.rodata.str1.30326902893263927811)
                  00409e44    00000015     nortos.xwrL64xx.m4f.ti-arm-clang.release.lib : SemaphoreP_nortos.obj (.rodata.str1.67625122021398397081)
                  00409e59    00000014     drivers.xwrL64xx.m4f.ti-arm-clang.release.lib : edma.obj (.rodata.str1.111851871490580105611)
                  00409e6d    00000014     qspi_flash_diag.obj (.rodata.str1.119260485374127767031)
                  00409e81    00000014     drivers.xwrL64xx.m4f.ti-arm-clang.release.lib : uart_sci.obj (.rodata.str1.121623592925719072031)
                  00409e95    00000014                                                   : uart_sci.obj (.rodata.str1.156252650444771372741)
                  00409ea9    00000014     nortos.xwrL64xx.m4f.ti-arm-clang.release.lib : SysTickTimerP.obj (.rodata.str1.51182185672064785091)
                  00409ebd    00000013     qspi_flash_diag.obj (.rodata.str1.103948950761667998111)
                  00409ed0    00000013     drivers.xwrL64xx.m4f.ti-arm-clang.release.lib : edma.obj (.rodata.str1.161616063420144653881)
                  00409ee3    00000013                                                   : uart_sci.obj (.rodata.str1.165533286247086816691)
                  00409ef6    00000013     qspi_flash_diag.obj (.rodata.str1.181334479697172342331)
                  00409f09    00000013     qspi_flash_diag.obj (.rodata.str1.63277176532762798051)
                  00409f1c    00000013     drivers.xwrL64xx.m4f.ti-arm-clang.release.lib : uart_sci.obj (.rodata.str1.69545364057784193721)
                  00409f2f    00000013     qspi_flash_diag.obj (.rodata.str1.91744152593298848801)
                  00409f42    00000012     drivers.xwrL64xx.m4f.ti-arm-clang.release.lib : edma.obj (.rodata.str1.108028640702030349071)
                  00409f54    00000012     qspi_flash_diag.obj (.rodata.str1.154047512076272213461)
                  00409f66    00000012     drivers.xwrL64xx.m4f.ti-arm-clang.release.lib : uart_sci_edma.obj (.rodata.str1.160953260642837941861)
                  00409f78    00000012     qspi_flash_diag.obj (.rodata.str1.165673143283540183541)
                  00409f8a    00000012     drivers.xwrL64xx.m4f.ti-arm-clang.release.lib : edma.obj (.rodata.str1.168183851025455507691)
                  00409f9c    00000012                                                   : uart_sci.obj (.rodata.str1.178001865525784930881)
                  00409fae    00000012                                                   : uart_sci_edma.obj (.rodata.str1.26883157310831064051)
                  00409fc0    00000012                                                   : qspi_edma.obj (.rodata.str1.74620174135756680921)
                  00409fd2    00000011                                                   : edma.obj (.rodata.str1.106738448986847799941)
                  00409fe3    00000011     board.xwrL64xx.m4f.ti-arm-clang.release.lib : nor_spi_sfdp.obj (.rodata.str1.135240204496261608161)
                  00409ff4    00000011     ti_drivers_open_close.obj (.rodata.str1.139024142228835422611)
                  0040a005    00000011     drivers.xwrL64xx.m4f.ti-arm-clang.release.lib : uart_sci.obj (.rodata.str1.45363221463256978381)
                  0040a016    00000011     ti_drivers_open_close.obj (.rodata.str1.47319419042038394831)
                  0040a027    00000011     ti_drivers_open_close.obj (.rodata.str1.49542467075964467631)
                  0040a038    00000011     nortos.xwrL64xx.m4f.ti-arm-clang.release.lib : ClockP_nortos.obj (.rodata.str1.56392992661620616651)
                  0040a049    00000001     --HOLE-- [fill = 0]
                  0040a04a    00000010     drivers.xwrL64xx.m4f.ti-arm-clang.release.lib : soc_rcm.obj (.rodata.cst8)
                  0040a05a    00000010     qspi_flash_diag.obj (.rodata.str1.140526227613184640341)
                  0040a06a    00000010     drivers.xwrL64xx.m4f.ti-arm-clang.release.lib : soc_rcm.obj (.rodata.str1.1771380296078173761)
                  0040a07a    00000010     qspi_flash_diag.obj (.rodata.str1.47707805324587986171)
                  0040a08a    00000010     drivers.xwrL64xx.m4f.ti-arm-clang.release.lib : qspi_edma.obj (.rodata.str1.73117382213956597391)
                  0040a09a    0000000f                                                   : uart_sci_edma.obj (.rodata.str1.111748486407635674111)
                  0040a0a9    0000000f                                                   : qspi.obj (.rodata.str1.144057298332754841671)
                  0040a0b8    0000000f                                                   : edma.obj (.rodata.str1.146140478628064919631)
                  0040a0c7    0000000f     qspi_flash_diag.obj (.rodata.str1.151283625608790270011)
                  0040a0d6    0000000f     drivers.xwrL64xx.m4f.ti-arm-clang.release.lib : edma.obj (.rodata.str1.161917553004410528641)
                  0040a0e5    0000000f                                                   : uart_sci.obj (.rodata.str1.58838004102269809421)
                  0040a0f4    0000000f                                                   : edma.obj (.rodata.str1.7213619448781788421)
                  0040a103    0000000e                                                   : uart_sci.obj (.rodata.str1.103833506493370671461)
                  0040a111    0000000e     qspi_flash_diag.obj (.rodata.str1.180446206344067046041)
                  0040a11f    0000000e     qspi_flash_diag.obj (.rodata.str1.180519487256348853811)
                  0040a12d    0000000e     qspi_flash_diag.obj (.rodata.str1.65576288538577474171)
                  0040a13b    0000000e     drivers.xwrL64xx.m4f.ti-arm-clang.release.lib : edma.obj (.rodata.str1.71946734960229262581)
                  0040a149    0000000d                                                   : edma.obj (.rodata.str1.20711589974906254701)
                  0040a156    0000000c                                                   : soc_rcm.obj (.rodata.gSocRcmSpiClkSrcValMap)
                  0040a162    0000000c     nortos.xwrL64xx.m4f.ti-arm-clang.release.lib : ClockP_nortos_m4.obj (.rodata.str1.102805212716916126391)
                  0040a16e    0000000c     drivers.xwrL64xx.m4f.ti-arm-clang.release.lib : edma.obj (.rodata.str1.23715209751856245321)
                  0040a17a    0000000c                                                   : qspi.obj (.rodata.str1.76608676823413182551)
                  0040a186    0000000b                                                   : uart_sci.obj (.rodata.str1.132042644373295978941)
                  0040a191    0000000b                                                   : uart_sci.obj (.rodata.str1.174583129905367634191)
                  0040a19c    0000000b                                                   : edma.obj (.rodata.str1.76990244014968518721)
                  0040a1a7    0000000b     board.xwrL64xx.m4f.ti-arm-clang.release.lib : nor_spi_sfdp.obj (.rodata.str1.80577943846607667711)
                  0040a1b2    0000000a     drivers.xwrL64xx.m4f.ti-arm-clang.release.lib : soc_rcm.obj (.rodata.gSocRcmWdtClkSrcValMap)
                  0040a1bc    0000000a                                                   : uart_sci.obj (.rodata.str1.124552654841916713531)
                  0040a1c6    0000000a                                                   : edma.obj (.rodata.str1.138945604539585827651)
                  0040a1d0    0000000a                                                   : edma.obj (.rodata.str1.155011958078798190681)
                  0040a1da    0000000a                                                   : uart_sci.obj (.rodata.str1.170731718426455550511)
                  0040a1e4    0000000a                                                   : qspi.obj (.rodata.str1.42250777056531364411)
                  0040a1ee    0000000a                                                   : qspi.obj (.rodata.str1.74616868707024351891)
                  0040a1f8    00000007     qspi_flash_diag.obj (.rodata.str1.121946728247262664501)
                  0040a1ff    00000006     qspi_flash_diag.obj (.rodata.str1.122741140640224397881)
                  0040a205    00000006     qspi_flash_diag.obj (.rodata.str1.145258167992452545171)
                  0040a20b    00000006     qspi_flash_diag.obj (.rodata.str1.31136493158434877901)
                  0040a211    00000006     drivers.xwrL64xx.m4f.ti-arm-clang.release.lib : edma.obj (.rodata.str1.88401663264709294401)
                  0040a217    00000005     qspi_flash_diag.obj (.rodata.str1.141157839740309040001)
                  0040a21c    00000005     nortos.xwrL64xx.m4f.ti-arm-clang.release.lib : printf.obj (.rodata.str1.180255128143303278211)
                  0040a221    00000005     qspi_flash_diag.obj (.rodata.str1.59132910565533208831)
                  0040a226    00000005     nortos.xwrL64xx.m4f.ti-arm-clang.release.lib : printf.obj (.rodata.str1.62992066646743021711)
                  0040a22b    00000004     qspi_flash_diag.obj (.rodata.str1.46043335340650388661)
                  0040a22f    00000004     nortos.xwrL64xx.m4f.ti-arm-clang.release.lib : printf.obj (.rodata.str1.83442741595977738081)
                  0040a233    00000004                                                  : printf.obj (.rodata.str1.92767893489218153371)
                  0040a237    00000003     qspi_flash_diag.obj (.rodata.str1.125844716630893771411)

.data      0    0040a240    000004b9     
                  0040a240    000000f0     libc.a : defs.c.obj (.data._ftable)
                  0040a330    00000078     libsysbm.a : host_device.c.obj (.data._device)
                  0040a3a8    00000064     drivers.xwrL64xx.m4f.ti-arm-clang.release.lib : qspi.obj (.data.gQspiDrvObj)
                  0040a40c    00000064                                                   : uart_sci.obj (.data.gUartDrvObj)
                  0040a470    00000050     libsysbm.a : host_device.c.obj (.data._stream)
                  0040a4c0    00000050     ti_drivers_config.obj (.data.gEdmaAttrs)
                  0040a510    00000048     ti_pinmux_config.obj (.data.gPinMuxMainDomainCfg)
                  0040a558    00000038     ti_drivers_config.obj (.data.gQspiAttrs)
                  0040a590    00000038     ti_drivers_open_close.obj (.data.gUartParams)
                  0040a5c8    00000034     board.xwrL64xx.m4f.ti-arm-clang.release.lib : nor_spi_sfdp.obj (.data.gNorSpi_Sfdp_ParamTableIds)
                  0040a5fc    00000034                                                 : nor_spi_sfdp.obj (.data.gNorSpi_Sfdp_ParamTableNames)
                  0040a630    00000024     ti_power_clock_config.obj (.data.gSocModulesClockFrequency)
                  0040a654    00000014     ti_dpl_config.obj (.data.gClockConfig)
                  0040a668    00000010     ti_dpl_config.obj (.data.gMpuRegionConfig)
                  0040a678    00000010     ti_power_clock_config.obj (.data.gSocModules)
                  0040a688    0000000c     nortos.xwrL64xx.m4f.ti-arm-clang.release.lib : AddrTranslateP.obj (.data.gAddrTranslateConfig)
                  0040a694    0000000c     ti_dpl_config.obj (.data.gMpuConfig)
                  0040a6a0    00000008     libc.a : exit.c.obj (.data..L_MergedGlobals)
                  0040a6a8    00000008     ti_drivers_config.obj (.data.gEdmaConfig)
                  0040a6b0    00000008     ti_drivers_config.obj (.data.gQspiConfig)
                  0040a6b8    00000008     ti_drivers_config.obj (.data.gUartAttrs)
                  0040a6c0    00000008     ti_drivers_config.obj (.data.gUartConfig)
                  0040a6c8    00000004     libc.a : defs.c.obj (.data.__TI_ft_end)
                  0040a6cc    00000004            : _lock.c.obj (.data._lock)
                  0040a6d0    00000004            : _lock.c.obj (.data._unlock)
                  0040a6d4    00000004     board.xwrL64xx.m4f.ti-arm-clang.release.lib : nor_spi_sfdp.obj (.data.gBlockIdx)
                  0040a6d8    00000004     nortos.xwrL64xx.m4f.ti-arm-clang.release.lib : DebugP_log.obj (.data.gDebugLogZone)
                  0040a6dc    00000004                                                  : DebugP_uartLogWriter.obj (.data.gDebugP_uartDrvIndex)
                  0040a6e0    00000004     ti_drivers_config.obj (.data.gEdmaConfigNum)
                  0040a6e4    00000004     ti_drivers_open_close.obj (.data.gEdmaParams)
                  0040a6e8    00000004     ti_drivers_config.obj (.data.gQspiConfigNum)
                  0040a6ec    00000004     ti_drivers_open_close.obj (.data.gQspiParams)
                  0040a6f0    00000004     board.xwrL64xx.m4f.ti-arm-clang.release.lib : nor_spi_sfdp.obj (.data.gSectorIdx)
                  0040a6f4    00000004     ti_drivers_config.obj (.data.gUartConfigNum)
                  0040a6f8    00000001     libc.a : memory.c.obj (.data.memory_is_initialized)

MODULE SUMMARY

       Module                            code    ro data   rw data
       ------                            ----    -------   -------
    obj/release/
       qspi_flash_diag.obj               2338    2168      1576   
       ti_drivers_config.obj             144     0         1212   
       qspi_nor_flash_1s.obj             898     0         0      
       ti_drivers_open_close.obj         310     210       76     
       ti_power_clock_config.obj         170     0         52     
       ti_dpl_config.obj                 62      0         48     
       ti_pinmux_config.obj              14      0         72     
       main.obj                          28      0         0      
       ti_board_open_close.obj           6       0         0      
       ti_board_config.obj               4       0         0      
    +--+---------------------------------+-------+---------+---------+
       Total:                            3974    2378      3036   
                                                                  
    /home/epswbld7/ti/ccs1271/ccs/tools/compiler/ti-cgt-armllvm_3.2.2.LTS/lib/armv7em-ti-none-eabihf/c/libc.a
       strcmp_t2.S.obj                   732     0         0      
       memory.c.obj                      712     0         5      
       defs.c.obj                        0       0         404    
       setvbuf.c.obj                     216     0         0      
       s_floorf.c.obj                    156     0         0      
       fputc.c.obj                       148     0         0      
       getdevice.c.obj                   148     0         0      
       s_roundf.c.obj                    126     0         0      
       fclose.c.obj                      116     0         0      
       fseek.c.obj                       108     0         0      
       _io_perm.c.obj                    96      0         0      
       fflush.c.obj                      80      0         0      
       exit.c.obj                        52      0         8      
       autoinit.c.obj                    56      0         0      
       fopen.c.obj                       52      0         0      
       memset_t2.S.obj                   14      0         0      
       _lock.c.obj                       2       0         8      
    +--+---------------------------------+-------+---------+---------+
       Total:                            2814    0         425    
                                                                  
    /home/epswbld7/ti/ccs1271/ccs/tools/compiler/ti-cgt-armllvm_3.2.2.LTS/lib/armv7em-ti-none-eabihf/c/libsysbm.a
       trgmsg.c.obj                      100     0         288    
       host_device.c.obj                 0       0         200    
       hostrename.c.obj                  128     0         0      
       close.c.obj                       96      0         0      
       hostopen.c.obj                    88      0         8      
       hostlseek.c.obj                   88      0         0      
       hostread.c.obj                    84      0         0      
       hostwrite.c.obj                   84      0         0      
       hostunlink.c.obj                  68      0         0      
       hostclose.c.obj                   60      0         0      
       lseek.c.obj                       44      0         0      
       unlink.c.obj                      44      0         0      
       write.c.obj                       44      0         0      
       remove.c.obj                      4       0         0      
    +--+---------------------------------+-------+---------+---------+
       Total:                            932     0         496    
                                                                  
    /home/epswbld7/ti/ccs1271/ccs/tools/compiler/ti-cgt-armllvm_3.2.2.LTS/lib/clang/15.0.7/lib/armv7em-ti-none-eabihf/libclang_rt.builtins.a
       adddf3.S.obj                      438     0         0      
       divdf3.S.obj                      310     0         0      
       comparedf2.c.obj                  268     0         0      
       muldf3.S.obj                      252     0         0      
       udivmoddi4.S.obj                  176     0         0      
       aeabi_dcmp.S.obj                  98      0         0      
       fixdfsi.S.obj                     72      0         0      
       fixunsdfsi.S.obj                  68      0         0      
       extendsfdf2.S.obj                 56      0         0      
       floatsidf.S.obj                   46      0         0      
       floatunsidf.S.obj                 32      0         0      
       aeabi_uldivmod.S.obj              20      0         0      
       aeabi_memset.S.obj                18      0         0      
       aeabi_div0.c.obj                  2       0         0      
    +--+---------------------------------+-------+---------+---------+
       Total:                            1856    0         0      
                                                                  
    /nightlybuilds/mmwave_sdk_internal/mcupsdk_internal/jenkins/MMWAVE_L_SDK_05_05_04_02/source/board/lib/board.xwrL64xx.m4f.ti-arm-clang.release.lib
       nor_spi_sfdp.obj                  2014    678       112    
    +--+---------------------------------+-------+---------+---------+
       Total:                            2014    678       112    
                                                                  
    /nightlybuilds/mmwave_sdk_internal/mcupsdk_internal/jenkins/MMWAVE_L_SDK_05_05_04_02/source/drivers/lib/drivers.xwrL64xx.m4f.ti-arm-clang.release.lib
       edma.obj                          4080    320       0      
       uart_sci.obj                      2610    324       100    
       qspi.obj                          2060    120       100    
       soc_rcm.obj                       1628    240       0      
       qspi_edma.obj                     940     134       0      
       uart_sci_edma.obj                 878     100       0      
       soc.obj                           168     0         0      
       pinmux.obj                        54      0         0      
    +--+---------------------------------+-------+---------+---------+
       Total:                            12418   1238      200    
                                                                  
    /nightlybuilds/mmwave_sdk_internal/mcupsdk_internal/jenkins/MMWAVE_L_SDK_05_05_04_02/source/kernel/nortos/lib/nortos.xwrL64xx.m4f.ti-arm-clang.release.lib
       printf.obj                        4520    98        0      
       HwiP_armv7m.obj                   966     0         640    
       ClockP_nortos.obj                 636     90        56     
       HwiP_armv7m_handlers_nortos.obj   218     0         320    
       MpuP_armv7m.obj                   458     0         0      
       ClockP_nortos_m4.obj              276     176       0      
       SemaphoreP_nortos.obj             326     107       0      
       SysTickTimerP.obj                 278     135       0      
       DebugP_log.obj                    156     42        4      
       AddrTranslateP.obj                106     0         12     
       boot_armv7m.obj                   98      0         0      
       DebugP_uartLogWriter.obj          70      0         4      
       DebugP_nortos.obj                 56      0         0      
       CacheP_null.obj                   4       0         0      
       TaskP_nortos.obj                  2       0         0      
    +--+---------------------------------+-------+---------+---------+
       Total:                            8170    648       1036   
                                                                  
       Heap:                             0       0         8192   
       Stack:                            0       0         8192   
    +--+---------------------------------+-------+---------+---------+
       Grand Total:                      32178   4942      21689  


GLOBAL SYMBOLS: SORTED ALPHABETICALLY BY Name 

address   name                                
-------   ----                                
00407631  AddrTranslateP_getLocalAddr         
00401b2f  Board_deinit                        
004031bf  Board_driversClose                  
00408ec1  Board_driversOpen                   
00403d7b  Board_init                          
00408ee4  C$$EXIT                             
00408697  C$$IO$$                             
004041d7  CacheP_inv                          
004043a3  CacheP_wb                           
00408e59  ClockP_Params_init                  
00407f63  ClockP_construct                    
00408c33  ClockP_deinit                       
004083d1  ClockP_destruct                     
00408e29  ClockP_getTicks                     
00407aed  ClockP_getTimeUsec                  
00408ec5  ClockP_getTimerCount                
00405dd7  ClockP_init                         
00408e63  ClockP_isActive                     
00408603  ClockP_start                        
004081a1  ClockP_stop                         
0040455b  ClockP_timerClearOverflowInt        
0040783d  ClockP_timerTickIsr                 
004086a1  ClockP_usleep                       
00408af7  DebugP_logZoneEnable                
0040840b  DebugP_uartLogWriterPutChar         
00408e35  DebugP_uartSetDrvIndex              
00408ec9  Dpl_deinit                          
00408a69  Dpl_init                            
004081e1  Drivers_close                       
00407e33  Drivers_edmaOpen                    
00408d11  Drivers_open                        
00407e7f  Drivers_qspiOpen                    
00408445  Drivers_uartInit                    
00407ecb  Drivers_uartOpen                    
00408dab  EDMACCPaRAMEntry_init               
00408b39  EDMAClrIntrRegion                   
00407409  EDMAConfigureChannelRegion          
00407fad  EDMADisableChInShadowRegRegion      
00406d69  EDMADisableTransferRegion           
004087f9  EDMAEnableChInShadowRegRegion       
00406df9  EDMAEnableTransferRegion            
004078a1  EDMAFreeChannelRegion               
00408221  EDMAMapChToEvtQ                     
00408a8d  EDMAReadIntrStatusRegion            
00408261  EDMASetPaRAM                        
00408e81  EDMA_allocDmaChannel                
00408e89  EDMA_allocParam                     
00408e91  EDMA_allocTcc                       
00407325  EDMA_close                          
0040455d  EDMA_deinit                         
00408e99  EDMA_freeDmaChannel                 
00408ea1  EDMA_freeParam                      
00408ea9  EDMA_freeTcc                        
004080d1  EDMA_getBaseAddr                    
004086d3  EDMA_getHandle                      
00408cd5  EDMA_getRegionId                    
004034d1  EDMA_init                           
004037db  EDMA_isInterruptEnabled             
00405793  EDMA_open                           
004064e1  EDMA_registerIntr                   
00406409  EDMA_unregisterIntr                 
00408359  HOSTclose                           
00407b45  HOSTlseek                           
00407b9d  HOSTopen                            
00407bf5  HOSTread                            
00407905  HOSTrename                          
00408119  HOSTunlink                          
00407c49  HOSTwrite                           
0040259b  HwiP_Params_init                    
0040611f  HwiP_busFault_handler               
0040252b  HwiP_clearInt                       
004025ad  HwiP_construct                      
0040615f  HwiP_debugMon_handler               
00402655  HwiP_destruct                       
004026e3  HwiP_disable                        
00402471  HwiP_disableInt                     
004026ef  HwiP_enable                         
00402419  HwiP_enableInt                      
004060ff  HwiP_hardFault_handler              
00408c93  HwiP_inISR                          
004026fb  HwiP_init                           
004060a5  HwiP_interrupt_handler              
0040610f  HwiP_memFault_handler               
004060d9  HwiP_nmi_handler                    
0040616f  HwiP_pendSV_handler                 
004026cf  HwiP_post                           
0040613f  HwiP_reserved_handler               
00402467  HwiP_restore                        
004024cd  HwiP_restoreInt                     
0040254d  HwiP_setPri                         
0040614f  HwiP_svc_handler                    
0040612f  HwiP_usageFault_handler             
00408829  Module_clockDisable                 
00408705  Module_clockEnable                  
0040847d  Module_clockSetFrequency            
004041d9  MpuP_RegionAttrs_init               
004042f3  MpuP_disable                        
004042b9  MpuP_enable                         
00404329  MpuP_init                           
00404319  MpuP_isEnable                       
004041f1  MpuP_setRegion                      
00408859  NorSpi_Sfdp_getParameterTableName   
00408c4b  NorSpi_Sfdp_getPtp                  
0040769b  NorSpi_Sfdp_parse4bait              
00402b29  NorSpi_Sfdp_parseBfpt               
00402e79  NorSpi_Sfdp_parseSccr               
00408ecd  NorSpi_Sfdp_parseSmpt               
00406ba9  NorSpi_Sfdp_parseXpt1               
004085cd  Pinmux_config                       
00408db9  Pinmux_init                         
00408ed1  PowerClock_deinit                   
00408dc7  PowerClock_init                     
00407c9d  QSPI_close                          
00408bb1  QSPI_deinit                         
00404b9b  QSPI_edmaChannelConfig              
00407557  QSPI_edmaChannelFree                
00404895  QSPI_edmaTransfer                   
00408887  QSPI_getHandle                      
004070b9  QSPI_init                           
00407397  QSPI_norFlashErase                  
00407239  QSPI_norFlashInit                   
004089ed  QSPI_norFlashRead                   
00407cf1  QSPI_norFlashReadId                 
00407f17  QSPI_norFlashReadSfdp               
00406e89  QSPI_norFlashWaitReady              
00406725  QSPI_norFlashWrite                  
00406f19  QSPI_norFlashWriteEnableLatched     
00403d7d  QSPI_open                           
00405145  QSPI_readCmd                        
00408c63  QSPI_readCmdParams_init             
00405cdd  QSPI_readMemMapMode                 
00408d6b  QSPI_setAddressByteCount            
00408d7b  QSPI_setDummyBitCount               
00408d8b  QSPI_setReadCmd                     
00408d9b  QSPI_setWriteCmd                    
00408ca9  QSPI_transaction_init               
00405fbd  QSPI_writeCmd                       
00408c7b  QSPI_writeCmdParams_init            
004084b5  QSPI_writeConfigMode                
00408d23  SOC_clocksEnable                    
00408ce9  SOC_controlModuleLockMMR            
00408ad5  SOC_controlModuleUnlockMMR          
00408cbf  SOC_getEfusePgVersion               
00408e41  SOC_moduleClockEnable               
00408ed5  SOC_moduleSetClockFrequency         
004084ed  SOC_rcmEnableADPLLClock             
00404d11  SOC_rcmEnablePeripheralClock        
004031c1  SOC_rcmGetPeripheralClock           
004088e5  SOC_rcmSetM4ClockSrc                
00404e81  SOC_rcmSetPeripheralClock           
00407d43  SOC_virtToPhy                       
004082dd  SemaphoreP_constructBinary          
00408395  SemaphoreP_constructMutex           
00404893  SemaphoreP_destruct                 
00406b11  SemaphoreP_pend                     
00408737  SemaphoreP_post                     
00408bcb  SysTickTimerP_Params_init           
00408de3  SysTickTimerP_getCount              
00408df1  SysTickTimerP_getReloadCount        
00406669  SysTickTimerP_setup                 
00408d35  SysTickTimerP_start                 
00408d47  SysTickTimerP_stop                  
00408be5  System_deinit                       
0040831b  System_init                         
00408e1b  TI_memset_small                     
00404fe3  TaskP_yield                         
0040529b  UART_close                          
00408bff  UART_deinit                         
00404703  UART_edmaChannelConfig              
004069d1  UART_flushTxFifo                    
00408911  UART_getHandle                      
00406c41  UART_init                           
004027c9  UART_open                           
00403fab  UART_write                          
00406259  UART_writeDma                       
00400af8  _CIOBUF_                            
00407a8d  _DebugP_assert                      
00408b59  _DebugP_assertNoLog                 
00408525  _DebugP_logZone                     
00401100  __BSS_END                           
00400200  __BSS_START                         
00400af8  __CIOBUF_                           
0045a000  __STACK_END                         
00002000  __STACK_SIZE                        
00002000  __SYSMEM_SIZE                       
00000000  __TI_ATRegion0_region_sz            
00000000  __TI_ATRegion0_src_addr             
00000000  __TI_ATRegion0_trg_addr             
00000000  __TI_ATRegion1_region_sz            
00000000  __TI_ATRegion1_src_addr             
00000000  __TI_ATRegion1_trg_addr             
00000000  __TI_ATRegion2_region_sz            
00000000  __TI_ATRegion2_src_addr             
00000000  __TI_ATRegion2_trg_addr             
UNDEFED   __TI_CINIT_Base                     
UNDEFED   __TI_CINIT_Limit                    
UNDEFED   __TI_Handler_Table_Base             
UNDEFED   __TI_Handler_Table_Limit            
00408595  __TI_auto_init_nobinit_nopinit      
00408639  __TI_cleanup                        
0040a6a0  __TI_cleanup_ptr                    
004072b1  __TI_closefile                      
00407d93  __TI_doflush                        
0040a6a4  __TI_dtors_ptr                      
0040a6c8  __TI_ft_end                         
ffffffff  __TI_pprof_out_hndl                 
ffffffff  __TI_prof_data_size                 
ffffffff  __TI_prof_data_start                
00408769  __TI_readmsg                        
00400000  __TI_static_base__                  
00400e80  __TI_tmpnams                        
0040866d  __TI_writemsg                       
004079cb  __TI_wrt_ok                         
004043af  __adddf3                            
00407ff9  __aeabi_d2iz                        
0040815d  __aeabi_d2uiz                       
004043af  __aeabi_dadd                        
00407969  __aeabi_dcmpeq                      
004079a5  __aeabi_dcmpge                      
004079b9  __aeabi_dcmpgt                      
00407991  __aeabi_dcmple                      
0040797d  __aeabi_dcmplt                      
00408799  __aeabi_dcmpun                      
00405529  __aeabi_ddiv                        
00405ae5  __aeabi_dmul                        
004043a5  __aeabi_dsub                        
0040855d  __aeabi_f2d                         
004088b5  __aeabi_i2d                         
00405143  __aeabi_ldiv0                       
00408eb1  __aeabi_memclr                      
00408eb1  __aeabi_memclr4                     
00408eb1  __aeabi_memclr8                     
00408e6d  __aeabi_memset                      
00408e6d  __aeabi_memset4                     
00408e6d  __aeabi_memset8                     
00408b19  __aeabi_ui2d                        
00408cfd  __aeabi_uldivmod                    
ffffffff  __binit__                           
004074e9  __cmpdf2                            
00405529  __divdf3                            
004074e9  __eqdf2                             
0040855d  __extendsfdf2                       
00407ff9  __fixdfsi                           
0040815d  __fixunsdfsi                        
004088b5  __floatsidf                         
00408b19  __floatunsidf                       
00407479  __gedf2                             
00407479  __gtdf2                             
004074e9  __ledf2                             
004074e9  __ltdf2                             
00408ed9  __mpu_init                          
00405ae5  __muldf3                            
004074e9  __nedf2                             
00458000  __stack                             
00400200  __start___llvm_prf_bits             
00400200  __start___llvm_prf_cnts             
00400200  __stop___llvm_prf_bits              
00400200  __stop___llvm_prf_cnts              
004043a5  __subdf3                            
004067d9  __udivmoddi4                        
00408799  __unorddf2                          
00408089  _c_int00                            
0040a330  _device                             
0040a240  _ftable                             
0040a6cc  _lock                               
004053e3  _nop                                
0040a470  _stream                             
0045a000  _sys_memory                         
UNDEFED   _system_post_cinit                  
0040a6d0  _unlock                             
00408ee5  abort                               
004058c1  aligned_alloc                       
ffffffff  binit                               
00407a2d  close                               
004087c9  exit                                
0040893d  finddevice                          
00406a75  floorf                              
00406fa9  fputc                               
00405ecd  free                                
00408edd  fseek                               
0040776d  fseeko                              
0040109c  g4bait                              
0040a688  gAddrTranslateConfig                
00400fe8  gBfpt                               
004010b0  gBfptHeader                         
0040a654  gClockConfig                        
00401038  gClockCtrl                          
0040a6d8  gDebugLogZone                       
0040a6dc  gDebugP_uartDrvIndex                
0040a6a8  gEdmaConfig                         
0040a6e0  gEdmaConfigNum                      
004010b4  gEdmaHandle                         
0040a6e4  gEdmaParams                         
004004c8  gHwiCtrl                            
00400000  gHwiP_vectorTable                   
0040a694  gMpuConfig                          
0040a668  gMpuRegionConfig                    
00400200  gNorSpiDevDefines                   
0040a5c8  gNorSpi_Sfdp_ParamTableIds          
0040a5fc  gNorSpi_Sfdp_ParamTableNames        
00400c18  gParamHeaders                       
0040a6b0  gQspiConfig                         
0040a6e8  gQspiConfigNum                      
004010b8  gQspiHandle                         
0040a6ec  gQspiParams                         
00400c80  gQspiRxBuf                          
00400d80  gQspiTxBuf                          
00400f20  gSccr                               
00401084  gSfdpHeader                         
004010a4  gSmpt                               
0040a678  gSocModules                         
0040a630  gSocModulesClockFrequency           
0040a6c0  gUartConfig                         
0040a6f4  gUartConfigNum                      
004010bc  gUartHandle                         
0040a590  gUartParams                         
00401070  gXpt1                               
004077d5  getdevice                           
00408969  lseek                               
00408b95  main                                
00408eb9  malloc                              
004058c1  memalign                            
00401094  parmbuf                             
00408e4d  putchar                             
00408d59  putchar_                            
00404fe5  qspi_flash_diag                     
00401671  qspi_flash_diag_print_defines_json  
00403abd  qspi_flash_diag_print_sfdp          
00408041  qspi_flash_diag_test_compare_buffers
00408ee1  remove                              
004071bb  roundf                              
00406331  setvbuf                             
00408c19  stack_init                          
004037e9  strcmp                              
00408995  unlink                              
00408ab1  vprintf_                            
004089c1  write                               


GLOBAL SYMBOLS: SORTED BY Symbol Address 

address   name                                
-------   ----                                
00000000  __TI_ATRegion0_region_sz            
00000000  __TI_ATRegion0_src_addr             
00000000  __TI_ATRegion0_trg_addr             
00000000  __TI_ATRegion1_region_sz            
00000000  __TI_ATRegion1_src_addr             
00000000  __TI_ATRegion1_trg_addr             
00000000  __TI_ATRegion2_region_sz            
00000000  __TI_ATRegion2_src_addr             
00000000  __TI_ATRegion2_trg_addr             
00002000  __STACK_SIZE                        
00002000  __SYSMEM_SIZE                       
00400000  __TI_static_base__                  
00400000  gHwiP_vectorTable                   
00400200  __BSS_START                         
00400200  __start___llvm_prf_bits             
00400200  __start___llvm_prf_cnts             
00400200  __stop___llvm_prf_bits              
00400200  __stop___llvm_prf_cnts              
00400200  gNorSpiDevDefines                   
004004c8  gHwiCtrl                            
00400af8  _CIOBUF_                            
00400af8  __CIOBUF_                           
00400c18  gParamHeaders                       
00400c80  gQspiRxBuf                          
00400d80  gQspiTxBuf                          
00400e80  __TI_tmpnams                        
00400f20  gSccr                               
00400fe8  gBfpt                               
00401038  gClockCtrl                          
00401070  gXpt1                               
00401084  gSfdpHeader                         
00401094  parmbuf                             
0040109c  g4bait                              
004010a4  gSmpt                               
004010b0  gBfptHeader                         
004010b4  gEdmaHandle                         
004010b8  gQspiHandle                         
004010bc  gUartHandle                         
00401100  __BSS_END                           
00401671  qspi_flash_diag_print_defines_json  
00401b2f  Board_deinit                        
00402419  HwiP_enableInt                      
00402467  HwiP_restore                        
00402471  HwiP_disableInt                     
004024cd  HwiP_restoreInt                     
0040252b  HwiP_clearInt                       
0040254d  HwiP_setPri                         
0040259b  HwiP_Params_init                    
004025ad  HwiP_construct                      
00402655  HwiP_destruct                       
004026cf  HwiP_post                           
004026e3  HwiP_disable                        
004026ef  HwiP_enable                         
004026fb  HwiP_init                           
004027c9  UART_open                           
00402b29  NorSpi_Sfdp_parseBfpt               
00402e79  NorSpi_Sfdp_parseSccr               
004031bf  Board_driversClose                  
004031c1  SOC_rcmGetPeripheralClock           
004034d1  EDMA_init                           
004037db  EDMA_isInterruptEnabled             
004037e9  strcmp                              
00403abd  qspi_flash_diag_print_sfdp          
00403d7b  Board_init                          
00403d7d  QSPI_open                           
00403fab  UART_write                          
004041d7  CacheP_inv                          
004041d9  MpuP_RegionAttrs_init               
004041f1  MpuP_setRegion                      
004042b9  MpuP_enable                         
004042f3  MpuP_disable                        
00404319  MpuP_isEnable                       
00404329  MpuP_init                           
004043a3  CacheP_wb                           
004043a5  __aeabi_dsub                        
004043a5  __subdf3                            
004043af  __adddf3                            
004043af  __aeabi_dadd                        
0040455b  ClockP_timerClearOverflowInt        
0040455d  EDMA_deinit                         
00404703  UART_edmaChannelConfig              
00404893  SemaphoreP_destruct                 
00404895  QSPI_edmaTransfer                   
00404b9b  QSPI_edmaChannelConfig              
00404d11  SOC_rcmEnablePeripheralClock        
00404e81  SOC_rcmSetPeripheralClock           
00404fe3  TaskP_yield                         
00404fe5  qspi_flash_diag                     
00405143  __aeabi_ldiv0                       
00405145  QSPI_readCmd                        
0040529b  UART_close                          
004053e3  _nop                                
00405529  __aeabi_ddiv                        
00405529  __divdf3                            
00405793  EDMA_open                           
004058c1  aligned_alloc                       
004058c1  memalign                            
00405ae5  __aeabi_dmul                        
00405ae5  __muldf3                            
00405cdd  QSPI_readMemMapMode                 
00405dd7  ClockP_init                         
00405ecd  free                                
00405fbd  QSPI_writeCmd                       
004060a5  HwiP_interrupt_handler              
004060d9  HwiP_nmi_handler                    
004060ff  HwiP_hardFault_handler              
0040610f  HwiP_memFault_handler               
0040611f  HwiP_busFault_handler               
0040612f  HwiP_usageFault_handler             
0040613f  HwiP_reserved_handler               
0040614f  HwiP_svc_handler                    
0040615f  HwiP_debugMon_handler               
0040616f  HwiP_pendSV_handler                 
00406259  UART_writeDma                       
00406331  setvbuf                             
00406409  EDMA_unregisterIntr                 
004064e1  EDMA_registerIntr                   
00406669  SysTickTimerP_setup                 
00406725  QSPI_norFlashWrite                  
004067d9  __udivmoddi4                        
004069d1  UART_flushTxFifo                    
00406a75  floorf                              
00406b11  SemaphoreP_pend                     
00406ba9  NorSpi_Sfdp_parseXpt1               
00406c41  UART_init                           
00406d69  EDMADisableTransferRegion           
00406df9  EDMAEnableTransferRegion            
00406e89  QSPI_norFlashWaitReady              
00406f19  QSPI_norFlashWriteEnableLatched     
00406fa9  fputc                               
004070b9  QSPI_init                           
004071bb  roundf                              
00407239  QSPI_norFlashInit                   
004072b1  __TI_closefile                      
00407325  EDMA_close                          
00407397  QSPI_norFlashErase                  
00407409  EDMAConfigureChannelRegion          
00407479  __gedf2                             
00407479  __gtdf2                             
004074e9  __cmpdf2                            
004074e9  __eqdf2                             
004074e9  __ledf2                             
004074e9  __ltdf2                             
004074e9  __nedf2                             
00407557  QSPI_edmaChannelFree                
00407631  AddrTranslateP_getLocalAddr         
0040769b  NorSpi_Sfdp_parse4bait              
0040776d  fseeko                              
004077d5  getdevice                           
0040783d  ClockP_timerTickIsr                 
004078a1  EDMAFreeChannelRegion               
00407905  HOSTrename                          
00407969  __aeabi_dcmpeq                      
0040797d  __aeabi_dcmplt                      
00407991  __aeabi_dcmple                      
004079a5  __aeabi_dcmpge                      
004079b9  __aeabi_dcmpgt                      
004079cb  __TI_wrt_ok                         
00407a2d  close                               
00407a8d  _DebugP_assert                      
00407aed  ClockP_getTimeUsec                  
00407b45  HOSTlseek                           
00407b9d  HOSTopen                            
00407bf5  HOSTread                            
00407c49  HOSTwrite                           
00407c9d  QSPI_close                          
00407cf1  QSPI_norFlashReadId                 
00407d43  SOC_virtToPhy                       
00407d93  __TI_doflush                        
00407e33  Drivers_edmaOpen                    
00407e7f  Drivers_qspiOpen                    
00407ecb  Drivers_uartOpen                    
00407f17  QSPI_norFlashReadSfdp               
00407f63  ClockP_construct                    
00407fad  EDMADisableChInShadowRegRegion      
00407ff9  __aeabi_d2iz                        
00407ff9  __fixdfsi                           
00408041  qspi_flash_diag_test_compare_buffers
00408089  _c_int00                            
004080d1  EDMA_getBaseAddr                    
00408119  HOSTunlink                          
0040815d  __aeabi_d2uiz                       
0040815d  __fixunsdfsi                        
004081a1  ClockP_stop                         
004081e1  Drivers_close                       
00408221  EDMAMapChToEvtQ                     
00408261  EDMASetPaRAM                        
004082dd  SemaphoreP_constructBinary          
0040831b  System_init                         
00408359  HOSTclose                           
00408395  SemaphoreP_constructMutex           
004083d1  ClockP_destruct                     
0040840b  DebugP_uartLogWriterPutChar         
00408445  Drivers_uartInit                    
0040847d  Module_clockSetFrequency            
004084b5  QSPI_writeConfigMode                
004084ed  SOC_rcmEnableADPLLClock             
00408525  _DebugP_logZone                     
0040855d  __aeabi_f2d                         
0040855d  __extendsfdf2                       
00408595  __TI_auto_init_nobinit_nopinit      
004085cd  Pinmux_config                       
00408603  ClockP_start                        
00408639  __TI_cleanup                        
0040866d  __TI_writemsg                       
00408697  C$$IO$$                             
004086a1  ClockP_usleep                       
004086d3  EDMA_getHandle                      
00408705  Module_clockEnable                  
00408737  SemaphoreP_post                     
00408769  __TI_readmsg                        
00408799  __aeabi_dcmpun                      
00408799  __unorddf2                          
004087c9  exit                                
004087f9  EDMAEnableChInShadowRegRegion       
00408829  Module_clockDisable                 
00408859  NorSpi_Sfdp_getParameterTableName   
00408887  QSPI_getHandle                      
004088b5  __aeabi_i2d                         
004088b5  __floatsidf                         
004088e5  SOC_rcmSetM4ClockSrc                
00408911  UART_getHandle                      
0040893d  finddevice                          
00408969  lseek                               
00408995  unlink                              
004089c1  write                               
004089ed  QSPI_norFlashRead                   
00408a69  Dpl_init                            
00408a8d  EDMAReadIntrStatusRegion            
00408ab1  vprintf_                            
00408ad5  SOC_controlModuleUnlockMMR          
00408af7  DebugP_logZoneEnable                
00408b19  __aeabi_ui2d                        
00408b19  __floatunsidf                       
00408b39  EDMAClrIntrRegion                   
00408b59  _DebugP_assertNoLog                 
00408b95  main                                
00408bb1  QSPI_deinit                         
00408bcb  SysTickTimerP_Params_init           
00408be5  System_deinit                       
00408bff  UART_deinit                         
00408c19  stack_init                          
00408c33  ClockP_deinit                       
00408c4b  NorSpi_Sfdp_getPtp                  
00408c63  QSPI_readCmdParams_init             
00408c7b  QSPI_writeCmdParams_init            
00408c93  HwiP_inISR                          
00408ca9  QSPI_transaction_init               
00408cbf  SOC_getEfusePgVersion               
00408cd5  EDMA_getRegionId                    
00408ce9  SOC_controlModuleLockMMR            
00408cfd  __aeabi_uldivmod                    
00408d11  Drivers_open                        
00408d23  SOC_clocksEnable                    
00408d35  SysTickTimerP_start                 
00408d47  SysTickTimerP_stop                  
00408d59  putchar_                            
00408d6b  QSPI_setAddressByteCount            
00408d7b  QSPI_setDummyBitCount               
00408d8b  QSPI_setReadCmd                     
00408d9b  QSPI_setWriteCmd                    
00408dab  EDMACCPaRAMEntry_init               
00408db9  Pinmux_init                         
00408dc7  PowerClock_init                     
00408de3  SysTickTimerP_getCount              
00408df1  SysTickTimerP_getReloadCount        
00408e1b  TI_memset_small                     
00408e29  ClockP_getTicks                     
00408e35  DebugP_uartSetDrvIndex              
00408e41  SOC_moduleClockEnable               
00408e4d  putchar                             
00408e59  ClockP_Params_init                  
00408e63  ClockP_isActive                     
00408e6d  __aeabi_memset                      
00408e6d  __aeabi_memset4                     
00408e6d  __aeabi_memset8                     
00408e81  EDMA_allocDmaChannel                
00408e89  EDMA_allocParam                     
00408e91  EDMA_allocTcc                       
00408e99  EDMA_freeDmaChannel                 
00408ea1  EDMA_freeParam                      
00408ea9  EDMA_freeTcc                        
00408eb1  __aeabi_memclr                      
00408eb1  __aeabi_memclr4                     
00408eb1  __aeabi_memclr8                     
00408eb9  malloc                              
00408ec1  Board_driversOpen                   
00408ec5  ClockP_getTimerCount                
00408ec9  Dpl_deinit                          
00408ecd  NorSpi_Sfdp_parseSmpt               
00408ed1  PowerClock_deinit                   
00408ed5  SOC_moduleSetClockFrequency         
00408ed9  __mpu_init                          
00408edd  fseek                               
00408ee1  remove                              
00408ee4  C$$EXIT                             
00408ee5  abort                               
0040a240  _ftable                             
0040a330  _device                             
0040a470  _stream                             
0040a590  gUartParams                         
0040a5c8  gNorSpi_Sfdp_ParamTableIds          
0040a5fc  gNorSpi_Sfdp_ParamTableNames        
0040a630  gSocModulesClockFrequency           
0040a654  gClockConfig                        
0040a668  gMpuRegionConfig                    
0040a678  gSocModules                         
0040a688  gAddrTranslateConfig                
0040a694  gMpuConfig                          
0040a6a0  __TI_cleanup_ptr                    
0040a6a4  __TI_dtors_ptr                      
0040a6a8  gEdmaConfig                         
0040a6b0  gQspiConfig                         
0040a6c0  gUartConfig                         
0040a6c8  __TI_ft_end                         
0040a6cc  _lock                               
0040a6d0  _unlock                             
0040a6d8  gDebugLogZone                       
0040a6dc  gDebugP_uartDrvIndex                
0040a6e0  gEdmaConfigNum                      
0040a6e4  gEdmaParams                         
0040a6e8  gQspiConfigNum                      
0040a6ec  gQspiParams                         
0040a6f4  gUartConfigNum                      
00458000  __stack                             
0045a000  __STACK_END                         
0045a000  _sys_memory                         
ffffffff  __TI_pprof_out_hndl                 
ffffffff  __TI_prof_data_size                 
ffffffff  __TI_prof_data_start                
ffffffff  __binit__                           
ffffffff  binit                               
UNDEFED   __TI_CINIT_Base                     
UNDEFED   __TI_CINIT_Limit                    
UNDEFED   __TI_Handler_Table_Base             
UNDEFED   __TI_Handler_Table_Limit            
UNDEFED   _system_post_cinit                  

[337 symbols]
