******************************************************************************
            TI ARM Clang Linker Unix v3.2.2                    
******************************************************************************
>> Linked Fri Aug 29 15:04:55 2025

OUTPUT FILE NAME:   <crc_16bit.release.out>
ENTRY POINT SYMBOL: "_c_int00"  address: 004059d5


MEMORY CONFIGURATION

         name            origin    length      used     unused   attr    fill
----------------------  --------  ---------  --------  --------  ----  --------
  M4F_VECS              00400000   00000200  00000140  000000c0  RWIX
  M4F_RAM12             00400200   00057e00  00006f9b  00050e65  RWIX
  M4F_RBL               00458000   00008000  00004000  00004000  RWIX
  M4F_RAM3              00460000   00020000  00000000  00020000  RWIX
  HWASS_SHM_MEM         60000000   00080000  00000000  00080000  RWIX


SEGMENT ALLOCATION MAP

run origin  load origin   length   init length attrs members
----------  ----------- ---------- ----------- ----- -------
00400000    00400000    00000140   00000140    rw-
  00400000    00400000    00000140   00000140    rw- .vectors
00400200    00400200    00000700   00000000    rw-
  00400200    00400200    00000700   00000000    rw- .bss
00400900    00400900    00006520   00006520    r-x
  00400900    00400900    00005d6a   00005d6a    r-x .text
  00406670    00406670    000007b0   000007b0    r-- .rodata
00406e20    00406e20    00000381   00000381    rw-
  00406e20    00406e20    00000381   00000381    rw- .data
00458000    00458000    00004000   00000000    rw-
  00458000    00458000    00002000   00000000    rw- .stack
  0045a000    0045a000    00002000   00000000    rw- .sysmem


SECTION ALLOCATION MAP

 output                                  attributes/
section   page    origin      length       input sections
--------  ----  ----------  ----------   ----------------
.vectors   0    00400000    00000140     
                  00400000    00000140     nortos.xwrL64xx.m4f.ti-arm-clang.release.lib : HwiP_armv7m_handlers_nortos.obj (.vectors)

.bss       0    00400200    00000700     UNINITIALIZED
                  00400200    00000280     (.common:gHwiCtrl)
                  00400480    0000021c     ti_drivers_config.obj (.bss.gUartObjects)
                  0040069c    00000120     libsysbm.a : trgmsg.c.obj (.bss:_CIOBUF_)
                  004007bc    000000a0     libc.a : defs.c.obj (.bss.__TI_tmpnams)
                  0040085c    00000058     ti_drivers_config.obj (.bss.gEdmaObjects)
                  004008b4    00000004     libc.a : memory.c.obj (.bss.sys_free)
                  004008b8    00000038     (.common:gClockCtrl)
                  004008f0    00000008     libsysbm.a : hostopen.c.obj (.bss.parmbuf)
                  004008f8    00000004     (.common:gEdmaHandle)
                  004008fc    00000004     (.common:gUartHandle)

.stack     0    00458000    00002000     UNINITIALIZED
                  00458000    00000004     nortos.xwrL64xx.m4f.ti-arm-clang.release.lib : boot_armv7m.obj (.stack)
                  00458004    00001ffc     --HOLE--

.sysmem    0    0045a000    00002000     UNINITIALIZED
                  0045a000    00000010     libc.a : memory.c.obj (.sysmem)
                  0045a010    00001ff0     --HOLE--

__llvm_prf_cnts 
*          0    00400200    00000000     UNINITIALIZED

__llvm_prf_bits 
*          0    00400200    00000000     UNINITIALIZED

.text      0    00400900    00005d6a     
                  00400900    00000570     nortos.xwrL64xx.m4f.ti-arm-clang.release.lib : printf.obj (.text._vsnprintf)
                  00400e70    000004a8                                                  : printf.obj (.text._etoa)
                  00401318    00000440                                                  : printf.obj (.text._ftoa)
                  00401758    000003b0                                                  : HwiP_armv7m.obj (.text.hwi)
                  00401b08    00000360     drivers.xwrL64xx.m4f.ti-arm-clang.release.lib : uart_sci.obj (.text.UART_open)
                  00401e68    00000310                                                   : soc_rcm.obj (.text.SOC_rcmGetPeripheralClock)
                  00402178    0000030a                                                   : edma.obj (.text.EDMA_init)
                  00402482    0000001e                                                   : edma.obj (.text.EDMAClrIntrRegion)
                  004024a0    000002dc     libc.a : strcmp_t2.S.obj (.text:strcmp)
                  0040277c    0000022c     drivers.xwrL64xx.m4f.ti-arm-clang.release.lib : uart_sci.obj (.text.UART_write)
                  004029a8    000001ca     nortos.xwrL64xx.m4f.ti-arm-clang.release.lib : MpuP_armv7m.obj (.text.mpu)
                  00402b72    00000002     ti_board_config.obj (.text.Board_deinit)
                  00402b74    000001b6     libclang_rt.builtins.a : adddf3.S.obj (.text.adddf3_subdf3)
                  00402d2a    00000002     ti_board_open_close.obj (.text.Board_driversClose)
                  00402d2c    000001a6     drivers.xwrL64xx.m4f.ti-arm-clang.release.lib : edma.obj (.text.EDMA_deinit)
                  00402ed2    00000190                                                   : uart_sci_edma.obj (.text.UART_edmaChannelConfig)
                  00403062    0000017a                                                   : uart_sci.obj (.text.UART_controllerIsr)
                  004031dc    00000170                                                   : soc_rcm.obj (.text.SOC_rcmEnablePeripheralClock)
                  0040334c    00000162                                                   : soc_rcm.obj (.text.SOC_rcmSetPeripheralClock)
                  004034ae    00000148                                                   : uart_sci.obj (.text.UART_close)
                  004035f6    00000002     ti_board_config.obj (.text.Board_init)
                  004035f8    00000144     nortos.xwrL64xx.m4f.ti-arm-clang.release.lib : printf.obj (.text._ntoa_format)
                  0040373c    00000136     libclang_rt.builtins.a : divdf3.S.obj (.text.__divdf3)
                  00403872    00000002     nortos.xwrL64xx.m4f.ti-arm-clang.release.lib : ClockP_nortos_m4.obj (.text.ClockP_timerClearOverflowInt)
                  00403874    00000132     drivers.xwrL64xx.m4f.ti-arm-clang.release.lib : edma.obj (.text.allocResource)
                  004039a6    0000012c                                                   : edma.obj (.text.EDMA_open)
                  00403ad2    00000002     nortos.xwrL64xx.m4f.ti-arm-clang.release.lib : SemaphoreP_nortos.obj (.text.SemaphoreP_destruct)
                  00403ad4    00000120     libc.a : memory.c.obj (.text.aligned_alloc)
                  00403bf4    00000104     drivers.xwrL64xx.m4f.ti-arm-clang.release.lib : edma.obj (.text.EDMA_transferCompletionMasterIsrFxn)
                  00403cf8    00000102                                                   : crc.obj (.text.CRC_configure)
                  00403dfa    00000002     nortos.xwrL64xx.m4f.ti-arm-clang.release.lib : TaskP_nortos.obj (.text.TaskP_yield)
                  00403dfc    000000fc     libclang_rt.builtins.a : muldf3.S.obj (.text.__muldf3)
                  00403ef8    000000fa     drivers.xwrL64xx.m4f.ti-arm-clang.release.lib : edma.obj (.text.EDMA_freeResource)
                  00403ff2    000000f6     nortos.xwrL64xx.m4f.ti-arm-clang.release.lib : ClockP_nortos_m4.obj (.text.ClockP_init)
                  004040e8    000000f0     libc.a : memory.c.obj (.text.free)
                  004041d8    000000da     nortos.xwrL64xx.m4f.ti-arm-clang.release.lib : HwiP_armv7m_handlers_nortos.obj (.text.hwi)
                  004042b2    00000002     libclang_rt.builtins.a : aeabi_div0.c.obj (.text.__aeabi_ldiv0)
                  004042b4    000000d8     drivers.xwrL64xx.m4f.ti-arm-clang.release.lib : edma.obj (.text.EDMA_allocResource)
                  0040438c    000000d8                                                   : uart_sci_edma.obj (.text.UART_writeDma)
                  00404464    000000d8     libc.a : setvbuf.c.obj (.text.setvbuf)
                  0040453c    000000d0     crc_16bit.obj (.text.crc_16bit_main)
                  0040460c    000000ca     drivers.xwrL64xx.m4f.ti-arm-clang.release.lib : edma.obj (.text.EDMA_registerIntr)
                  004046d6    000000bc     nortos.xwrL64xx.m4f.ti-arm-clang.release.lib : SysTickTimerP.obj (.text.SysTickTimerP_setup)
                  00404792    00000002     libc.a : _lock.c.obj (.text._nop)
                  00404794    000000b0     libclang_rt.builtins.a : udivmoddi4.S.obj (.text)
                  00404844    000000a4     nortos.xwrL64xx.m4f.ti-arm-clang.release.lib : printf.obj (.text._ntoa_long_long)
                  004048e8    000000a4                                                  : printf.obj (.text._out_rev)
                  0040498c    000000a2     drivers.xwrL64xx.m4f.ti-arm-clang.release.lib : uart_sci.obj (.text.UART_flushTxFifo)
                  00404a2e    00000002     nortos.xwrL64xx.m4f.ti-arm-clang.release.lib : printf.obj (.text._out_null)
                  00404a30    0000009c     libc.a : s_floorf.c.obj (.text.floorf)
                  00404acc    00000098     nortos.xwrL64xx.m4f.ti-arm-clang.release.lib : SemaphoreP_nortos.obj (.text.SemaphoreP_pend)
                  00404b64    00000094     drivers.xwrL64xx.m4f.ti-arm-clang.release.lib : uart_sci.obj (.text.UART_init)
                  00404bf8    00000094     nortos.xwrL64xx.m4f.ti-arm-clang.release.lib : printf.obj (.text._ntoa_long)
                  00404c8c    00000090     drivers.xwrL64xx.m4f.ti-arm-clang.release.lib : edma.obj (.text.EDMAEnableTransferRegion)
                  00404d1c    00000088     libc.a : fputc.c.obj (.text.fputc)
                  00404da4    00000086     drivers.xwrL64xx.m4f.ti-arm-clang.release.lib : uart_sci_edma.obj (.text.UART_txEdmaIsrFxn)
                  00404e2a    00000080                                                   : uart_sci_edma.obj (.text.UART_rxEdmaIsrFxn)
                  00404eaa    0000007e     libc.a : s_roundf.c.obj (.text.roundf)
                  00404f28    00000074            : fclose.c.obj (.text.__TI_closefile)
                  00404f9c    00000072     drivers.xwrL64xx.m4f.ti-arm-clang.release.lib : edma.obj (.text.EDMA_close)
                  0040500e    00000070                                                   : edma.obj (.text.EDMAConfigureChannelRegion)
                  0040507e    00000002     --HOLE-- [fill = 0]
                  00405080    0000006e     libclang_rt.builtins.a : comparedf2.c.obj (.text.__gedf2)
                  004050ee    00000002     --HOLE-- [fill = 0]
                  004050f0    0000006e                            : comparedf2.c.obj (.text.__ledf2)
                  0040515e    00000002     --HOLE-- [fill = 0]
                  00405160    0000006c     libc.a : memory.c.obj (.text.split)
                  004051cc    0000006a     nortos.xwrL64xx.m4f.ti-arm-clang.release.lib : AddrTranslateP.obj (.text.AddrTranslateP_getLocalAddr)
                  00405236    00000068     drivers.xwrL64xx.m4f.ti-arm-clang.release.lib : uart_sci.obj (.text.UART_writeCancelNoCB)
                  0040529e    00000002     --HOLE-- [fill = 0]
                  004052a0    00000068     libc.a : fseek.c.obj (.text.fseeko)
                  00405308    00000068            : getdevice.c.obj (.text.getdevice)
                  00405370    00000064     nortos.xwrL64xx.m4f.ti-arm-clang.release.lib : ClockP_nortos.obj (.text.ClockP_timerTickIsr)
                  004053d4    00000064     libsysbm.a : hostrename.c.obj (.text.HOSTrename)
                  00405438    00000062     libclang_rt.builtins.a : aeabi_dcmp.S.obj (.text.__aeabi_dcmp)
                  0040549a    00000060     libc.a : _io_perm.c.obj (.text.__TI_wrt_ok)
                  004054fa    00000002     --HOLE-- [fill = 0]
                  004054fc    00000060     libsysbm.a : close.c.obj (.text.close)
                  0040555c    0000005e     nortos.xwrL64xx.m4f.ti-arm-clang.release.lib : DebugP_log.obj (.text._DebugP_assert)
                  004055ba    00000002     --HOLE-- [fill = 0]
                  004055bc    00000058                                                  : ClockP_nortos.obj (.text.ClockP_getTimeUsec)
                  00405614    00000058     libsysbm.a : hostlseek.c.obj (.text.HOSTlseek)
                  0040566c    00000058                : hostopen.c.obj (.text.HOSTopen)
                  004056c4    00000054                : hostread.c.obj (.text.HOSTread)
                  00405718    00000054                : hostwrite.c.obj (.text.HOSTwrite)
                  0040576c    00000050     drivers.xwrL64xx.m4f.ti-arm-clang.release.lib : crc.obj (.text.CRC_initialize)
                  004057bc    00000050                                                   : soc.obj (.text.SOC_virtToPhy)
                  0040580c    00000050     libc.a : fflush.c.obj (.text.__TI_doflush)
                  0040585c    0000004e     nortos.xwrL64xx.m4f.ti-arm-clang.release.lib : ClockP_nortos.obj (.text.ClockP_addToList)
                  004058aa    0000004c     ti_drivers_open_close.obj (.text.Drivers_edmaOpen)
                  004058f6    0000004c     ti_drivers_open_close.obj (.text.Drivers_uartOpen)
                  00405942    0000004a     nortos.xwrL64xx.m4f.ti-arm-clang.release.lib : ClockP_nortos.obj (.text.ClockP_construct)
                  0040598c    00000048     libclang_rt.builtins.a : fixdfsi.S.obj (.text.__fixdfsi)
                  004059d4    00000048     nortos.xwrL64xx.m4f.ti-arm-clang.release.lib : boot_armv7m.obj (.text:_c_int00)
                  00405a1c    00000046     drivers.xwrL64xx.m4f.ti-arm-clang.release.lib : edma.obj (.text.EDMA_getBaseAddr)
                  00405a62    00000002     --HOLE-- [fill = 0]
                  00405a64    00000044     libsysbm.a : hostunlink.c.obj (.text.HOSTunlink)
                  00405aa8    00000044     libclang_rt.builtins.a : fixunsdfsi.S.obj (.text.__fixunsdfsi)
                  00405aec    00000040     nortos.xwrL64xx.m4f.ti-arm-clang.release.lib : ClockP_nortos.obj (.text.ClockP_stop)
                  00405b2c    0000003e     drivers.xwrL64xx.m4f.ti-arm-clang.release.lib : edma.obj (.text.EDMAMapChToEvtQ)
                  00405b6a    00000002     --HOLE-- [fill = 0]
                  00405b6c    0000003e                                                   : edma.obj (.text.EDMASetPaRAM)
                  00405baa    0000003e     nortos.xwrL64xx.m4f.ti-arm-clang.release.lib : SemaphoreP_nortos.obj (.text.SemaphoreP_constructBinary)
                  00405be8    0000003c     libsysbm.a : hostclose.c.obj (.text.HOSTclose)
                  00405c24    0000003c     nortos.xwrL64xx.m4f.ti-arm-clang.release.lib : SemaphoreP_nortos.obj (.text.SemaphoreP_constructMutex)
                  00405c60    0000003a                                                  : ClockP_nortos.obj (.text.ClockP_destruct)
                  00405c9a    0000003a                                                  : DebugP_uartLogWriter.obj (.text.DebugP_uartLogWriterPutChar)
                  00405cd4    0000003a     ti_drivers_config.obj (.text.System_init)
                  00405d0e    00000038     ti_drivers_config.obj (.text.Drivers_uartInit)
                  00405d46    00000002     --HOLE-- [fill = 0]
                  00405d48    00000038     ti_power_clock_config.obj (.text.Module_clockSetFrequency)
                  00405d80    00000038     drivers.xwrL64xx.m4f.ti-arm-clang.release.lib : soc_rcm.obj (.text.SOC_rcmEnableADPLLClock)
                  00405db8    00000038     nortos.xwrL64xx.m4f.ti-arm-clang.release.lib : DebugP_nortos.obj (.text._DebugP_logZone)
                  00405df0    00000038     libclang_rt.builtins.a : extendsfdf2.S.obj (.text.__extendsfdf2)
                  00405e28    00000038     libc.a : autoinit.c.obj (.text:__TI_auto_init_nobinit_nopinit)
                  00405e60    00000036     drivers.xwrL64xx.m4f.ti-arm-clang.release.lib : pinmux.obj (.text.Pinmux_config)
                  00405e96    00000034     nortos.xwrL64xx.m4f.ti-arm-clang.release.lib : ClockP_nortos.obj (.text.ClockP_start)
                  00405eca    00000002     --HOLE-- [fill = 0]
                  00405ecc    00000034     libc.a : fopen.c.obj (.text.__TI_cleanup)
                  00405f00    00000034     libsysbm.a : trgmsg.c.obj (.text.__TI_writemsg)
                  00405f34    00000032     drivers.xwrL64xx.m4f.ti-arm-clang.release.lib : edma.obj (.text.EDMA_getHandle)
                  00405f66    00000002     --HOLE-- [fill = 0]
                  00405f68    00000032     ti_power_clock_config.obj (.text.Module_clockEnable)
                  00405f9a    00000032     nortos.xwrL64xx.m4f.ti-arm-clang.release.lib : SemaphoreP_nortos.obj (.text.SemaphoreP_post)
                  00405fcc    00000030     drivers.xwrL64xx.m4f.ti-arm-clang.release.lib : crc.obj (.text.CRC_channelReset)
                  00405ffc    00000030     libsysbm.a : trgmsg.c.obj (.text.__TI_readmsg)
                  0040602c    00000030     libclang_rt.builtins.a : comparedf2.c.obj (.text.__unorddf2)
                  0040605c    00000030     libc.a : exit.c.obj (.text.exit)
                  0040608c    0000002e     drivers.xwrL64xx.m4f.ti-arm-clang.release.lib : crc.obj (.text.CRC_getPSASig)
                  004060ba    0000002e                                                   : crc.obj (.text.CRC_getPSASigRegAddr)
                  004060e8    0000002e                                                   : edma.obj (.text.EDMAEnableChInShadowRegRegion)
                  00406116    00000002     --HOLE-- [fill = 0]
                  00406118    0000002e     ti_power_clock_config.obj (.text.Module_clockDisable)
                  00406146    00000002     --HOLE-- [fill = 0]
                  00406148    0000002e     libclang_rt.builtins.a : floatsidf.S.obj (.text.__floatsidf)
                  00406176    0000002c     ti_drivers_open_close.obj (.text.Drivers_close)
                  004061a2    00000002     --HOLE-- [fill = 0]
                  004061a4    0000002c     drivers.xwrL64xx.m4f.ti-arm-clang.release.lib : soc_rcm.obj (.text.SOC_rcmSetM4ClockSrc)
                  004061d0    0000002c                                                   : uart_sci.obj (.text.UART_getHandle)
                  004061fc    0000002c     libc.a : getdevice.c.obj (.text.finddevice)
                  00406228    0000002c     libsysbm.a : lseek.c.obj (.text.lseek)
                  00406254    0000002c                : unlink.c.obj (.text.unlink)
                  00406280    0000002c                : write.c.obj (.text.write)
                  004062ac    00000028     libc.a : memory.c.obj (.text.free_list_insert)
                  004062d4    00000024     ti_dpl_config.obj (.text.Dpl_init)
                  004062f8    00000024     drivers.xwrL64xx.m4f.ti-arm-clang.release.lib : edma.obj (.text.EDMAReadIntrStatusRegion)
                  0040631c    00000024     nortos.xwrL64xx.m4f.ti-arm-clang.release.lib : printf.obj (.text.vprintf_)
                  00406340    00000022     drivers.xwrL64xx.m4f.ti-arm-clang.release.lib : soc.obj (.text.SOC_controlModuleUnlockMMR)
                  00406362    00000020     nortos.xwrL64xx.m4f.ti-arm-clang.release.lib : DebugP_log.obj (.text.DebugP_logZoneEnable)
                  00406382    00000002     --HOLE-- [fill = 0]
                  00406384    00000020     libclang_rt.builtins.a : floatunsidf.S.obj (.text.__floatunsidf)
                  004063a4    0000001e     nortos.xwrL64xx.m4f.ti-arm-clang.release.lib : DebugP_log.obj (.text._DebugP_assertNoLog)
                  004063c2    00000002     --HOLE-- [fill = 0]
                  004063c4    0000001c     libc.a : memory.c.obj (.text.free_list_remove)
                  004063e0    0000001c     main.obj (.text.main)
                  004063fc    0000001a     nortos.xwrL64xx.m4f.ti-arm-clang.release.lib : SysTickTimerP.obj (.text.SysTickTimerP_Params_init)
                  00406416    0000001a     drivers.xwrL64xx.m4f.ti-arm-clang.release.lib : uart_sci.obj (.text.UART_deinit)
                  00406430    0000001a     nortos.xwrL64xx.m4f.ti-arm-clang.release.lib : boot_armv7m.obj (.text.stack_init)
                  0040644a    00000018                                                  : ClockP_nortos_m4.obj (.text.ClockP_deinit)
                  00406462    00000016                                                  : HwiP_armv7m.obj (.text.HwiP_inISR)
                  00406478    00000016     drivers.xwrL64xx.m4f.ti-arm-clang.release.lib : soc_rcm.obj (.text.SOC_getEfusePgVersion)
                  0040648e    00000016     ti_drivers_config.obj (.text.System_deinit)
                  004064a4    00000014     drivers.xwrL64xx.m4f.ti-arm-clang.release.lib : edma.obj (.text.EDMA_getRegionId)
                  004064b8    00000014                                                   : soc.obj (.text.SOC_controlModuleLockMMR)
                  004064cc    00000014     libclang_rt.builtins.a : aeabi_uldivmod.S.obj (.text.__aeabi_uldivmod)
                  004064e0    00000012     drivers.xwrL64xx.m4f.ti-arm-clang.release.lib : soc.obj (.text.SOC_clocksEnable)
                  004064f2    00000012     nortos.xwrL64xx.m4f.ti-arm-clang.release.lib : SysTickTimerP.obj (.text.SysTickTimerP_start)
                  00406504    00000012                                                  : SysTickTimerP.obj (.text.SysTickTimerP_stop)
                  00406516    00000012     ti_dpl_config.obj (.text.putchar_)
                  00406528    0000000e     ti_drivers_open_close.obj (.text.Drivers_open)
                  00406536    0000000e     drivers.xwrL64xx.m4f.ti-arm-clang.release.lib : edma.obj (.text.EDMACCPaRAMEntry_init)
                  00406544    0000000e     ti_pinmux_config.obj (.text.Pinmux_init)
                  00406552    0000000e     ti_power_clock_config.obj (.text.PowerClock_init)
                  00406560    0000000e     nortos.xwrL64xx.m4f.ti-arm-clang.release.lib : SysTickTimerP.obj (.text.SysTickTimerP_getCount)
                  0040656e    0000000e                                                  : SysTickTimerP.obj (.text.SysTickTimerP_getReloadCount)
                  0040657c    0000000e     libsysbm.a : hostrename.c.obj (.text.strcpy)
                  0040658a    0000000e                : hostrename.c.obj (.text.strlen)
                  00406598    0000000e     libc.a : memset_t2.S.obj (.text:TI_memset_small)
                  004065a6    0000000c     nortos.xwrL64xx.m4f.ti-arm-clang.release.lib : ClockP_nortos.obj (.text.ClockP_getTicks)
                  004065b2    0000000c                                                  : DebugP_uartLogWriter.obj (.text.DebugP_uartSetDrvIndex)
                  004065be    0000000c     drivers.xwrL64xx.m4f.ti-arm-clang.release.lib : soc.obj (.text.SOC_moduleClockEnable)
                  004065ca    00000002     --HOLE-- [fill = 0]
                  004065cc    0000000c     libc.a : fputc.c.obj (.text.putchar)
                  004065d8    0000000a     nortos.xwrL64xx.m4f.ti-arm-clang.release.lib : ClockP_nortos.obj (.text.ClockP_Params_init)
                  004065e2    0000000a                                                  : ClockP_nortos.obj (.text.ClockP_isActive)
                  004065ec    0000000a     libclang_rt.builtins.a : aeabi_memset.S.obj (.text.__aeabi_memset)
                  004065f6    0000000a     nortos.xwrL64xx.m4f.ti-arm-clang.release.lib : printf.obj (.text._out_char)
                  00406600    00000008     drivers.xwrL64xx.m4f.ti-arm-clang.release.lib : edma.obj (.text.EDMA_allocDmaChannel)
                  00406608    00000008                                                   : edma.obj (.text.EDMA_allocParam)
                  00406610    00000008                                                   : edma.obj (.text.EDMA_allocTcc)
                  00406618    00000008                                                   : edma.obj (.text.EDMA_freeDmaChannel)
                  00406620    00000008                                                   : edma.obj (.text.EDMA_freeParam)
                  00406628    00000008                                                   : edma.obj (.text.EDMA_freeTcc)
                  00406630    00000008     libclang_rt.builtins.a : aeabi_memset.S.obj (.text.__aeabi_memclr)
                  00406638    00000008     libc.a : memory.c.obj (.text.malloc)
                  00406640    00000006     drivers.xwrL64xx.m4f.ti-arm-clang.release.lib : edma.obj (.text.EDMA_isInterruptEnabled)
                  00406646    00000004     ti_board_open_close.obj (.text.Board_driversOpen)
                  0040664a    00000004     nortos.xwrL64xx.m4f.ti-arm-clang.release.lib : ClockP_nortos_m4.obj (.text.ClockP_getTimerCount)
                  0040664e    00000004     ti_dpl_config.obj (.text.Dpl_deinit)
                  00406652    00000004     ti_power_clock_config.obj (.text.PowerClock_deinit)
                  00406656    00000004     drivers.xwrL64xx.m4f.ti-arm-clang.release.lib : soc.obj (.text.SOC_moduleSetClockFrequency)
                  0040665a    00000004     ti_dpl_config.obj (.text.boot)
                  0040665e    00000004     libc.a : fseek.c.obj (.text.fseek)
                  00406662    00000004     libsysbm.a : remove.c.obj (.text.remove)
                  00406666    00000004     libc.a : exit.c.obj (.text:abort)

.rodata    0    00406670    000007b0     
                  00406670    00000050     nortos.xwrL64xx.m4f.ti-arm-clang.release.lib : printf.obj (.rodata._ftoa.pow10)
                  004066c0    00000041     crc_16bit.obj (.rodata.str1.114638030907026476841)
                  00406701    00000037     nortos.xwrL64xx.m4f.ti-arm-clang.release.lib : SemaphoreP_nortos.obj (.rodata.str1.77784356401422800491)
                  00406738    00000035     ti_drivers_open_close.obj (.rodata.str1.135241915826326793361)
                  0040676d    00000035     ti_drivers_open_close.obj (.rodata.str1.89322429334436556861)
                  004067a2    0000002e     nortos.xwrL64xx.m4f.ti-arm-clang.release.lib : ClockP_nortos.obj (.rodata.str1.60552435462749564001)
                  004067d0    0000002a                                                  : DebugP_log.obj (.rodata.str1.8568035916953519521)
                  004067fa    00000028                                                  : SysTickTimerP.obj (.rodata.str1.124645680920677519181)
                  00406822    00000027                                                  : ClockP_nortos_m4.obj (.rodata.str1.5874506960196990421)
                  00406849    00000001     --HOLE-- [fill = 0]
                  0040684a    00000024     crc_16bit.obj (.rodata.gSrcBuffer)
                  0040686e    00000024     drivers.xwrL64xx.m4f.ti-arm-clang.release.lib : edma.obj (.rodata.str1.76418684701105564031)
                  00406892    00000023     nortos.xwrL64xx.m4f.ti-arm-clang.release.lib : ClockP_nortos_m4.obj (.rodata.str1.48637854522803579141)
                  004068b5    00000021                                                  : ClockP_nortos_m4.obj (.rodata.str1.99773122168583189571)
                  004068d6    00000002     --HOLE-- [fill = 0]
                  004068d8    00000020     drivers.xwrL64xx.m4f.ti-arm-clang.release.lib : soc_rcm.obj (.rodata.cst16)
                  004068f8    0000001f     nortos.xwrL64xx.m4f.ti-arm-clang.release.lib : ClockP_nortos_m4.obj (.rodata.str1.10592210478019630971)
                  00406917    0000001f                                                  : SemaphoreP_nortos.obj (.rodata.str1.93106250239489445331)
                  00406936    0000001e     crc_16bit.obj (.rodata.str1.41952573527597959931)
                  00406954    0000001c     drivers.xwrL64xx.m4f.ti-arm-clang.release.lib : soc_rcm.obj (.rodata.str1.56477286324532805231)
                  00406970    0000001b     crc_16bit.obj (.rodata.str1.14224416010221503671)
                  0040698b    0000001b     crc_16bit.obj (.rodata.str1.170230110624497213891)
                  004069a6    0000001b     nortos.xwrL64xx.m4f.ti-arm-clang.release.lib : ClockP_nortos.obj (.rodata.str1.25471646840808198631)
                  004069c1    0000001b                                                  : SysTickTimerP.obj (.rodata.str1.62417832979391646401)
                  004069dc    0000001a     drivers.xwrL64xx.m4f.ti-arm-clang.release.lib : edma.obj (.rodata.str1.100996213821086933721)
                  004069f6    0000001a                                                   : soc_rcm.obj (.rodata.str1.13846211276285849311)
                  00406a10    0000001a     crc_16bit.obj (.rodata.str1.47842435836944478011)
                  00406a2a    0000001a     drivers.xwrL64xx.m4f.ti-arm-clang.release.lib : soc_rcm.obj (.rodata.str1.52576848066905547631)
                  00406a44    0000001a                                                   : soc_rcm.obj (.rodata.str1.73573858413138203341)
                  00406a5e    0000001a     nortos.xwrL64xx.m4f.ti-arm-clang.release.lib : ClockP_nortos_m4.obj (.rodata.str1.90786756798019705061)
                  00406a78    00000019     drivers.xwrL64xx.m4f.ti-arm-clang.release.lib : soc_rcm.obj (.rodata.str1.164767278446434951321)
                  00406a91    00000019                                                   : uart_sci_edma.obj (.rodata.str1.1694563462317297321)
                  00406aaa    00000019     nortos.xwrL64xx.m4f.ti-arm-clang.release.lib : SysTickTimerP.obj (.rodata.str1.31813016594639626501)
                  00406ac3    00000019     drivers.xwrL64xx.m4f.ti-arm-clang.release.lib : uart_sci.obj (.rodata.str1.55013173113347637961)
                  00406adc    00000019                                                   : uart_sci.obj (.rodata.str1.87895611013758742281)
                  00406af5    00000018                                                   : uart_sci.obj (.rodata.str1.120312415395384906381)
                  00406b0d    00000018                                                   : uart_sci_edma.obj (.rodata.str1.96300436347963894471)
                  00406b25    00000017                                                   : edma.obj (.rodata.str1.124854076466481638881)
                  00406b3c    00000017                                                   : uart_sci.obj (.rodata.str1.165585763696907955751)
                  00406b53    00000017     nortos.xwrL64xx.m4f.ti-arm-clang.release.lib : SysTickTimerP.obj (.rodata.str1.26547744409832483041)
                  00406b6a    00000017     drivers.xwrL64xx.m4f.ti-arm-clang.release.lib : soc_rcm.obj (.rodata.str1.85053832093120688671)
                  00406b81    00000016                                                   : edma.obj (.rodata.str1.168695502010531622391)
                  00406b97    00000016                                                   : uart_sci.obj (.rodata.str1.85700947625728835951)
                  00406bad    00000015                                                   : uart_sci.obj (.rodata.str1.30326902893263927811)
                  00406bc2    00000015     nortos.xwrL64xx.m4f.ti-arm-clang.release.lib : SemaphoreP_nortos.obj (.rodata.str1.67625122021398397081)
                  00406bd7    00000014     drivers.xwrL64xx.m4f.ti-arm-clang.release.lib : uart_sci.obj (.rodata.str1.121623592925719072031)
                  00406beb    00000014                                                   : uart_sci.obj (.rodata.str1.156252650444771372741)
                  00406bff    00000014     nortos.xwrL64xx.m4f.ti-arm-clang.release.lib : SysTickTimerP.obj (.rodata.str1.51182185672064785091)
                  00406c13    00000013     drivers.xwrL64xx.m4f.ti-arm-clang.release.lib : edma.obj (.rodata.str1.161616063420144653881)
                  00406c26    00000013                                                   : uart_sci.obj (.rodata.str1.165533286247086816691)
                  00406c39    00000013                                                   : uart_sci.obj (.rodata.str1.69545364057784193721)
                  00406c4c    00000012                                                   : edma.obj (.rodata.str1.108028640702030349071)
                  00406c5e    00000012                                                   : uart_sci_edma.obj (.rodata.str1.160953260642837941861)
                  00406c70    00000012                                                   : edma.obj (.rodata.str1.168183851025455507691)
                  00406c82    00000012                                                   : uart_sci.obj (.rodata.str1.178001865525784930881)
                  00406c94    00000012                                                   : uart_sci_edma.obj (.rodata.str1.26883157310831064051)
                  00406ca6    00000011                                                   : edma.obj (.rodata.str1.106738448986847799941)
                  00406cb7    00000011                                                   : uart_sci.obj (.rodata.str1.45363221463256978381)
                  00406cc8    00000011     ti_drivers_open_close.obj (.rodata.str1.47319419042038394831)
                  00406cd9    00000011     ti_drivers_open_close.obj (.rodata.str1.49542467075964467631)
                  00406cea    00000011     nortos.xwrL64xx.m4f.ti-arm-clang.release.lib : ClockP_nortos.obj (.rodata.str1.56392992661620616651)
                  00406cfb    00000001     --HOLE-- [fill = 0]
                  00406cfc    00000010     drivers.xwrL64xx.m4f.ti-arm-clang.release.lib : soc_rcm.obj (.rodata.cst8)
                  00406d0c    00000010                                                   : soc_rcm.obj (.rodata.str1.1771380296078173761)
                  00406d1c    0000000f                                                   : uart_sci_edma.obj (.rodata.str1.111748486407635674111)
                  00406d2b    0000000f                                                   : edma.obj (.rodata.str1.146140478628064919631)
                  00406d3a    0000000f                                                   : edma.obj (.rodata.str1.161917553004410528641)
                  00406d49    0000000f                                                   : uart_sci.obj (.rodata.str1.58838004102269809421)
                  00406d58    0000000f                                                   : edma.obj (.rodata.str1.7213619448781788421)
                  00406d67    0000000e                                                   : uart_sci.obj (.rodata.str1.103833506493370671461)
                  00406d75    0000000e                                                   : edma.obj (.rodata.str1.71946734960229262581)
                  00406d83    0000000d                                                   : edma.obj (.rodata.str1.20711589974906254701)
                  00406d90    0000000c                                                   : soc_rcm.obj (.rodata.gSocRcmSpiClkSrcValMap)
                  00406d9c    0000000c     nortos.xwrL64xx.m4f.ti-arm-clang.release.lib : ClockP_nortos_m4.obj (.rodata.str1.102805212716916126391)
                  00406da8    0000000c     drivers.xwrL64xx.m4f.ti-arm-clang.release.lib : edma.obj (.rodata.str1.23715209751856245321)
                  00406db4    0000000b                                                   : uart_sci.obj (.rodata.str1.132042644373295978941)
                  00406dbf    0000000b                                                   : uart_sci.obj (.rodata.str1.174583129905367634191)
                  00406dca    0000000b                                                   : edma.obj (.rodata.str1.76990244014968518721)
                  00406dd5    00000001     --HOLE-- [fill = 0]
                  00406dd6    0000000a                                                   : soc_rcm.obj (.rodata.gSocRcmWdtClkSrcValMap)
                  00406de0    0000000a                                                   : uart_sci.obj (.rodata.str1.124552654841916713531)
                  00406dea    0000000a                                                   : edma.obj (.rodata.str1.138945604539585827651)
                  00406df4    0000000a                                                   : edma.obj (.rodata.str1.155011958078798190681)
                  00406dfe    0000000a                                                   : uart_sci.obj (.rodata.str1.170731718426455550511)
                  00406e08    00000006                                                   : edma.obj (.rodata.str1.88401663264709294401)
                  00406e0e    00000005     nortos.xwrL64xx.m4f.ti-arm-clang.release.lib : printf.obj (.rodata.str1.180255128143303278211)
                  00406e13    00000005                                                  : printf.obj (.rodata.str1.62992066646743021711)
                  00406e18    00000004                                                  : printf.obj (.rodata.str1.83442741595977738081)
                  00406e1c    00000004                                                  : printf.obj (.rodata.str1.92767893489218153371)

.data      0    00406e20    00000381     
                  00406e20    000000f0     libc.a : defs.c.obj (.data._ftable)
                  00406f10    00000078     libsysbm.a : host_device.c.obj (.data._device)
                  00406f88    00000064     drivers.xwrL64xx.m4f.ti-arm-clang.release.lib : uart_sci.obj (.data.gUartDrvObj)
                  00406fec    00000050     libsysbm.a : host_device.c.obj (.data._stream)
                  0040703c    00000050     ti_drivers_config.obj (.data.gEdmaAttrs)
                  0040708c    00000038     ti_drivers_open_close.obj (.data.gUartParams)
                  004070c4    00000030     ti_dpl_config.obj (.data.gMpuRegionConfig)
                  004070f4    00000018     ti_pinmux_config.obj (.data.gPinMuxMainDomainCfg)
                  0040710c    00000018     ti_power_clock_config.obj (.data.gSocModulesClockFrequency)
                  00407124    00000014     ti_dpl_config.obj (.data.gClockConfig)
                  00407138    00000010     ti_power_clock_config.obj (.data.gSocModules)
                  00407148    0000000c     nortos.xwrL64xx.m4f.ti-arm-clang.release.lib : AddrTranslateP.obj (.data.gAddrTranslateConfig)
                  00407154    0000000c     ti_dpl_config.obj (.data.gMpuConfig)
                  00407160    00000008     libc.a : exit.c.obj (.data..L_MergedGlobals)
                  00407168    00000008     ti_drivers_config.obj (.data.gEdmaConfig)
                  00407170    00000008     ti_drivers_config.obj (.data.gUartAttrs)
                  00407178    00000008     ti_drivers_config.obj (.data.gUartConfig)
                  00407180    00000004     libc.a : defs.c.obj (.data.__TI_ft_end)
                  00407184    00000004            : _lock.c.obj (.data._lock)
                  00407188    00000004            : _lock.c.obj (.data._unlock)
                  0040718c    00000004     nortos.xwrL64xx.m4f.ti-arm-clang.release.lib : DebugP_log.obj (.data.gDebugLogZone)
                  00407190    00000004                                                  : DebugP_uartLogWriter.obj (.data.gDebugP_uartDrvIndex)
                  00407194    00000004     ti_drivers_config.obj (.data.gEdmaConfigNum)
                  00407198    00000004     ti_drivers_open_close.obj (.data.gEdmaParams)
                  0040719c    00000004     ti_drivers_config.obj (.data.gUartConfigNum)
                  004071a0    00000001     libc.a : memory.c.obj (.data.memory_is_initialized)

MODULE SUMMARY

       Module                            code    ro data   rw data
       ------                            ----    -------   -------
    obj/release/
       ti_drivers_config.obj             136     0         740    
       crc_16bit.obj                     208     211       0      
       ti_drivers_open_close.obj         210     140       68     
       ti_power_clock_config.obj         170     0         40     
       ti_dpl_config.obj                 62      0         80     
       ti_pinmux_config.obj              14      0         24     
       main.obj                          28      0         0      
       ti_board_open_close.obj           6       0         0      
       ti_board_config.obj               4       0         0      
    +--+---------------------------------+-------+---------+---------+
       Total:                            838     351       952    
                                                                  
    /home/epswbld7/ti/ccs1271/ccs/tools/compiler/ti-cgt-armllvm_3.2.2.LTS/lib/armv7em-ti-none-eabihf/c/libc.a
       strcmp_t2.S.obj                   732     0         0      
       memory.c.obj                      712     0         5      
       defs.c.obj                        0       0         404    
       setvbuf.c.obj                     216     0         0      
       s_floorf.c.obj                    156     0         0      
       fputc.c.obj                       148     0         0      
       getdevice.c.obj                   148     0         0      
       s_roundf.c.obj                    126     0         0      
       fclose.c.obj                      116     0         0      
       fseek.c.obj                       108     0         0      
       _io_perm.c.obj                    96      0         0      
       fflush.c.obj                      80      0         0      
       exit.c.obj                        52      0         8      
       autoinit.c.obj                    56      0         0      
       fopen.c.obj                       52      0         0      
       memset_t2.S.obj                   14      0         0      
       _lock.c.obj                       2       0         8      
    +--+---------------------------------+-------+---------+---------+
       Total:                            2814    0         425    
                                                                  
    /home/epswbld7/ti/ccs1271/ccs/tools/compiler/ti-cgt-armllvm_3.2.2.LTS/lib/armv7em-ti-none-eabihf/c/libsysbm.a
       trgmsg.c.obj                      100     0         288    
       host_device.c.obj                 0       0         200    
       hostrename.c.obj                  128     0         0      
       close.c.obj                       96      0         0      
       hostopen.c.obj                    88      0         8      
       hostlseek.c.obj                   88      0         0      
       hostread.c.obj                    84      0         0      
       hostwrite.c.obj                   84      0         0      
       hostunlink.c.obj                  68      0         0      
       hostclose.c.obj                   60      0         0      
       lseek.c.obj                       44      0         0      
       unlink.c.obj                      44      0         0      
       write.c.obj                       44      0         0      
       remove.c.obj                      4       0         0      
    +--+---------------------------------+-------+---------+---------+
       Total:                            932     0         496    
                                                                  
    /home/epswbld7/ti/ccs1271/ccs/tools/compiler/ti-cgt-armllvm_3.2.2.LTS/lib/clang/15.0.7/lib/armv7em-ti-none-eabihf/libclang_rt.builtins.a
       adddf3.S.obj                      438     0         0      
       divdf3.S.obj                      310     0         0      
       comparedf2.c.obj                  268     0         0      
       muldf3.S.obj                      252     0         0      
       udivmoddi4.S.obj                  176     0         0      
       aeabi_dcmp.S.obj                  98      0         0      
       fixdfsi.S.obj                     72      0         0      
       fixunsdfsi.S.obj                  68      0         0      
       extendsfdf2.S.obj                 56      0         0      
       floatsidf.S.obj                   46      0         0      
       floatunsidf.S.obj                 32      0         0      
       aeabi_uldivmod.S.obj              20      0         0      
       aeabi_memset.S.obj                18      0         0      
       aeabi_div0.c.obj                  2       0         0      
    +--+---------------------------------+-------+---------+---------+
       Total:                            1856    0         0      
                                                                  
    /nightlybuilds/mmwave_sdk_internal/mcupsdk_internal/jenkins/MMWAVE_L_SDK_05_05_04_02/source/drivers/lib/drivers.xwrL64xx.m4f.ti-arm-clang.release.lib
       edma.obj                          3548    300       0      
       uart_sci.obj                      2610    324       100    
       soc_rcm.obj                       1628    240       0      
       uart_sci_edma.obj                 878     100       0      
       crc.obj                           478     0         0      
       soc.obj                           168     0         0      
       pinmux.obj                        54      0         0      
    +--+---------------------------------+-------+---------+---------+
       Total:                            9364    964       100    
                                                                  
    /nightlybuilds/mmwave_sdk_internal/mcupsdk_internal/jenkins/MMWAVE_L_SDK_05_05_04_02/source/kernel/nortos/lib/nortos.xwrL64xx.m4f.ti-arm-clang.release.lib
       printf.obj                        4520    98        0      
       HwiP_armv7m.obj                   966     0         640    
       ClockP_nortos.obj                 546     90        56     
       HwiP_armv7m_handlers_nortos.obj   218     0         320    
       MpuP_armv7m.obj                   458     0         0      
       ClockP_nortos_m4.obj              276     176       0      
       SemaphoreP_nortos.obj             326     107       0      
       SysTickTimerP.obj                 278     135       0      
       DebugP_log.obj                    156     42        4      
       AddrTranslateP.obj                106     0         12     
       boot_armv7m.obj                   98      0         0      
       DebugP_uartLogWriter.obj          70      0         4      
       DebugP_nortos.obj                 56      0         0      
       TaskP_nortos.obj                  2       0         0      
    +--+---------------------------------+-------+---------+---------+
       Total:                            8076    648       1036   
                                                                  
       Heap:                             0       0         8192   
       Stack:                            0       0         8192   
    +--+---------------------------------+-------+---------+---------+
       Grand Total:                      23880   1963      19393  


GLOBAL SYMBOLS: SORTED ALPHABETICALLY BY Name 

address   name                          
-------   ----                          
004051cd  AddrTranslateP_getLocalAddr   
00402b73  Board_deinit                  
00402d2b  Board_driversClose            
00406647  Board_driversOpen             
004035f7  Board_init                    
00406666  C$$EXIT                       
00405f2b  C$$IO$$                       
00405fcd  CRC_channelReset              
00403cf9  CRC_configure                 
0040608d  CRC_getPSASig                 
004060bb  CRC_getPSASigRegAddr          
0040576d  CRC_initialize                
004065d9  ClockP_Params_init            
00405943  ClockP_construct              
0040644b  ClockP_deinit                 
00405c61  ClockP_destruct               
004065a7  ClockP_getTicks               
004055bd  ClockP_getTimeUsec            
0040664b  ClockP_getTimerCount          
00403ff3  ClockP_init                   
004065e3  ClockP_isActive               
00405e97  ClockP_start                  
00405aed  ClockP_stop                   
00403873  ClockP_timerClearOverflowInt  
00405371  ClockP_timerTickIsr           
00406363  DebugP_logZoneEnable          
00405c9b  DebugP_uartLogWriterPutChar   
004065b3  DebugP_uartSetDrvIndex        
0040664f  Dpl_deinit                    
004062d5  Dpl_init                      
00406177  Drivers_close                 
004058ab  Drivers_edmaOpen              
00406529  Drivers_open                  
00405d0f  Drivers_uartInit              
004058f7  Drivers_uartOpen              
00406537  EDMACCPaRAMEntry_init         
00402483  EDMAClrIntrRegion             
0040500f  EDMAConfigureChannelRegion    
004060e9  EDMAEnableChInShadowRegRegion 
00404c8d  EDMAEnableTransferRegion      
00405b2d  EDMAMapChToEvtQ               
004062f9  EDMAReadIntrStatusRegion      
00405b6d  EDMASetPaRAM                  
00406601  EDMA_allocDmaChannel          
00406609  EDMA_allocParam               
00406611  EDMA_allocTcc                 
00404f9d  EDMA_close                    
00402d2d  EDMA_deinit                   
00406619  EDMA_freeDmaChannel           
00406621  EDMA_freeParam                
00406629  EDMA_freeTcc                  
00405a1d  EDMA_getBaseAddr              
00405f35  EDMA_getHandle                
004064a5  EDMA_getRegionId              
00402179  EDMA_init                     
00406641  EDMA_isInterruptEnabled       
004039a7  EDMA_open                     
0040460d  EDMA_registerIntr             
00405be9  HOSTclose                     
00405615  HOSTlseek                     
0040566d  HOSTopen                      
004056c5  HOSTread                      
004053d5  HOSTrename                    
00405a65  HOSTunlink                    
00405719  HOSTwrite                     
004018db  HwiP_Params_init              
00404253  HwiP_busFault_handler         
0040186b  HwiP_clearInt                 
004018ed  HwiP_construct                
00404293  HwiP_debugMon_handler         
00401995  HwiP_destruct                 
00401a23  HwiP_disable                  
004017b1  HwiP_disableInt               
00401a2f  HwiP_enable                   
00401759  HwiP_enableInt                
00404233  HwiP_hardFault_handler        
00406463  HwiP_inISR                    
00401a3b  HwiP_init                     
004041d9  HwiP_interrupt_handler        
00404243  HwiP_memFault_handler         
0040420d  HwiP_nmi_handler              
004042a3  HwiP_pendSV_handler           
00401a0f  HwiP_post                     
00404273  HwiP_reserved_handler         
004017a7  HwiP_restore                  
0040180d  HwiP_restoreInt               
0040188d  HwiP_setPri                   
00404283  HwiP_svc_handler              
00404263  HwiP_usageFault_handler       
00406119  Module_clockDisable           
00405f69  Module_clockEnable            
00405d49  Module_clockSetFrequency      
004029a9  MpuP_RegionAttrs_init         
00402ac3  MpuP_disable                  
00402a89  MpuP_enable                   
00402af9  MpuP_init                     
00402ae9  MpuP_isEnable                 
004029c1  MpuP_setRegion                
00405e61  Pinmux_config                 
00406545  Pinmux_init                   
00406653  PowerClock_deinit             
00406553  PowerClock_init               
004064e1  SOC_clocksEnable              
004064b9  SOC_controlModuleLockMMR      
00406341  SOC_controlModuleUnlockMMR    
00406479  SOC_getEfusePgVersion         
004065bf  SOC_moduleClockEnable         
00406657  SOC_moduleSetClockFrequency   
00405d81  SOC_rcmEnableADPLLClock       
004031dd  SOC_rcmEnablePeripheralClock  
00401e69  SOC_rcmGetPeripheralClock     
004061a5  SOC_rcmSetM4ClockSrc          
0040334d  SOC_rcmSetPeripheralClock     
004057bd  SOC_virtToPhy                 
00405bab  SemaphoreP_constructBinary    
00405c25  SemaphoreP_constructMutex     
00403ad3  SemaphoreP_destruct           
00404acd  SemaphoreP_pend               
00405f9b  SemaphoreP_post               
004063fd  SysTickTimerP_Params_init     
00406561  SysTickTimerP_getCount        
0040656f  SysTickTimerP_getReloadCount  
004046d7  SysTickTimerP_setup           
004064f3  SysTickTimerP_start           
00406505  SysTickTimerP_stop            
0040648f  System_deinit                 
00405cd5  System_init                   
00406599  TI_memset_small               
00403dfb  TaskP_yield                   
004034af  UART_close                    
00406417  UART_deinit                   
00402ed3  UART_edmaChannelConfig        
0040498d  UART_flushTxFifo              
004061d1  UART_getHandle                
00404b65  UART_init                     
00401b09  UART_open                     
0040277d  UART_write                    
0040438d  UART_writeDma                 
0040069c  _CIOBUF_                      
0040555d  _DebugP_assert                
004063a5  _DebugP_assertNoLog           
00405db9  _DebugP_logZone               
00400900  __BSS_END                     
00400200  __BSS_START                   
0040069c  __CIOBUF_                     
0045a000  __STACK_END                   
00002000  __STACK_SIZE                  
00002000  __SYSMEM_SIZE                 
00000000  __TI_ATRegion0_region_sz      
00000000  __TI_ATRegion0_src_addr       
00000000  __TI_ATRegion0_trg_addr       
00000000  __TI_ATRegion1_region_sz      
00000000  __TI_ATRegion1_src_addr       
00000000  __TI_ATRegion1_trg_addr       
00000000  __TI_ATRegion2_region_sz      
00000000  __TI_ATRegion2_src_addr       
00000000  __TI_ATRegion2_trg_addr       
UNDEFED   __TI_CINIT_Base               
UNDEFED   __TI_CINIT_Limit              
UNDEFED   __TI_Handler_Table_Base       
UNDEFED   __TI_Handler_Table_Limit      
00405e29  __TI_auto_init_nobinit_nopinit
00405ecd  __TI_cleanup                  
00407160  __TI_cleanup_ptr              
00404f29  __TI_closefile                
0040580d  __TI_doflush                  
00407164  __TI_dtors_ptr                
00407180  __TI_ft_end                   
ffffffff  __TI_pprof_out_hndl           
ffffffff  __TI_prof_data_size           
ffffffff  __TI_prof_data_start          
00405ffd  __TI_readmsg                  
00400000  __TI_static_base__            
004007bc  __TI_tmpnams                  
00405f01  __TI_writemsg                 
0040549b  __TI_wrt_ok                   
00402b7f  __adddf3                      
0040598d  __aeabi_d2iz                  
00405aa9  __aeabi_d2uiz                 
00402b7f  __aeabi_dadd                  
00405439  __aeabi_dcmpeq                
00405475  __aeabi_dcmpge                
00405489  __aeabi_dcmpgt                
00405461  __aeabi_dcmple                
0040544d  __aeabi_dcmplt                
0040602d  __aeabi_dcmpun                
0040373d  __aeabi_ddiv                  
00403dfd  __aeabi_dmul                  
00402b75  __aeabi_dsub                  
00405df1  __aeabi_f2d                   
00406149  __aeabi_i2d                   
004042b3  __aeabi_ldiv0                 
00406631  __aeabi_memclr                
00406631  __aeabi_memclr4               
00406631  __aeabi_memclr8               
004065ed  __aeabi_memset                
004065ed  __aeabi_memset4               
004065ed  __aeabi_memset8               
00406385  __aeabi_ui2d                  
004064cd  __aeabi_uldivmod              
ffffffff  __binit__                     
004050f1  __cmpdf2                      
0040373d  __divdf3                      
004050f1  __eqdf2                       
00405df1  __extendsfdf2                 
0040598d  __fixdfsi                     
00405aa9  __fixunsdfsi                  
00406149  __floatsidf                   
00406385  __floatunsidf                 
00405081  __gedf2                       
00405081  __gtdf2                       
004050f1  __ledf2                       
004050f1  __ltdf2                       
0040665b  __mpu_init                    
00403dfd  __muldf3                      
004050f1  __nedf2                       
00458000  __stack                       
00400200  __start___llvm_prf_bits       
00400200  __start___llvm_prf_cnts       
00400200  __stop___llvm_prf_bits        
00400200  __stop___llvm_prf_cnts        
00402b75  __subdf3                      
00404795  __udivmoddi4                  
0040602d  __unorddf2                    
004059d5  _c_int00                      
00406f10  _device                       
00406e20  _ftable                       
00407184  _lock                         
00404793  _nop                          
00406fec  _stream                       
0045a000  _sys_memory                   
UNDEFED   _system_post_cinit            
00407188  _unlock                       
00406667  abort                         
00403ad5  aligned_alloc                 
ffffffff  binit                         
004054fd  close                         
0040453d  crc_16bit_main                
0040605d  exit                          
004061fd  finddevice                    
00404a31  floorf                        
00404d1d  fputc                         
004040e9  free                          
0040665f  fseek                         
004052a1  fseeko                        
00407148  gAddrTranslateConfig          
00407124  gClockConfig                  
004008b8  gClockCtrl                    
0040718c  gDebugLogZone                 
00407190  gDebugP_uartDrvIndex          
00407168  gEdmaConfig                   
00407194  gEdmaConfigNum                
004008f8  gEdmaHandle                   
00407198  gEdmaParams                   
00400200  gHwiCtrl                      
00400000  gHwiP_vectorTable             
00407154  gMpuConfig                    
004070c4  gMpuRegionConfig              
00407138  gSocModules                   
0040710c  gSocModulesClockFrequency     
00407178  gUartConfig                   
0040719c  gUartConfigNum                
004008fc  gUartHandle                   
0040708c  gUartParams                   
00405309  getdevice                     
00406229  lseek                         
004063e1  main                          
00406639  malloc                        
00403ad5  memalign                      
004008f0  parmbuf                       
004065cd  putchar                       
00406517  putchar_                      
00406663  remove                        
00404eab  roundf                        
00404465  setvbuf                       
00406431  stack_init                    
004024a9  strcmp                        
00406255  unlink                        
0040631d  vprintf_                      
00406281  write                         


GLOBAL SYMBOLS: SORTED BY Symbol Address 

address   name                          
-------   ----                          
00000000  __TI_ATRegion0_region_sz      
00000000  __TI_ATRegion0_src_addr       
00000000  __TI_ATRegion0_trg_addr       
00000000  __TI_ATRegion1_region_sz      
00000000  __TI_ATRegion1_src_addr       
00000000  __TI_ATRegion1_trg_addr       
00000000  __TI_ATRegion2_region_sz      
00000000  __TI_ATRegion2_src_addr       
00000000  __TI_ATRegion2_trg_addr       
00002000  __STACK_SIZE                  
00002000  __SYSMEM_SIZE                 
00400000  __TI_static_base__            
00400000  gHwiP_vectorTable             
00400200  __BSS_START                   
00400200  __start___llvm_prf_bits       
00400200  __start___llvm_prf_cnts       
00400200  __stop___llvm_prf_bits        
00400200  __stop___llvm_prf_cnts        
00400200  gHwiCtrl                      
0040069c  _CIOBUF_                      
0040069c  __CIOBUF_                     
004007bc  __TI_tmpnams                  
004008b8  gClockCtrl                    
004008f0  parmbuf                       
004008f8  gEdmaHandle                   
004008fc  gUartHandle                   
00400900  __BSS_END                     
00401759  HwiP_enableInt                
004017a7  HwiP_restore                  
004017b1  HwiP_disableInt               
0040180d  HwiP_restoreInt               
0040186b  HwiP_clearInt                 
0040188d  HwiP_setPri                   
004018db  HwiP_Params_init              
004018ed  HwiP_construct                
00401995  HwiP_destruct                 
00401a0f  HwiP_post                     
00401a23  HwiP_disable                  
00401a2f  HwiP_enable                   
00401a3b  HwiP_init                     
00401b09  UART_open                     
00401e69  SOC_rcmGetPeripheralClock     
00402179  EDMA_init                     
00402483  EDMAClrIntrRegion             
004024a9  strcmp                        
0040277d  UART_write                    
004029a9  MpuP_RegionAttrs_init         
004029c1  MpuP_setRegion                
00402a89  MpuP_enable                   
00402ac3  MpuP_disable                  
00402ae9  MpuP_isEnable                 
00402af9  MpuP_init                     
00402b73  Board_deinit                  
00402b75  __aeabi_dsub                  
00402b75  __subdf3                      
00402b7f  __adddf3                      
00402b7f  __aeabi_dadd                  
00402d2b  Board_driversClose            
00402d2d  EDMA_deinit                   
00402ed3  UART_edmaChannelConfig        
004031dd  SOC_rcmEnablePeripheralClock  
0040334d  SOC_rcmSetPeripheralClock     
004034af  UART_close                    
004035f7  Board_init                    
0040373d  __aeabi_ddiv                  
0040373d  __divdf3                      
00403873  ClockP_timerClearOverflowInt  
004039a7  EDMA_open                     
00403ad3  SemaphoreP_destruct           
00403ad5  aligned_alloc                 
00403ad5  memalign                      
00403cf9  CRC_configure                 
00403dfb  TaskP_yield                   
00403dfd  __aeabi_dmul                  
00403dfd  __muldf3                      
00403ff3  ClockP_init                   
004040e9  free                          
004041d9  HwiP_interrupt_handler        
0040420d  HwiP_nmi_handler              
00404233  HwiP_hardFault_handler        
00404243  HwiP_memFault_handler         
00404253  HwiP_busFault_handler         
00404263  HwiP_usageFault_handler       
00404273  HwiP_reserved_handler         
00404283  HwiP_svc_handler              
00404293  HwiP_debugMon_handler         
004042a3  HwiP_pendSV_handler           
004042b3  __aeabi_ldiv0                 
0040438d  UART_writeDma                 
00404465  setvbuf                       
0040453d  crc_16bit_main                
0040460d  EDMA_registerIntr             
004046d7  SysTickTimerP_setup           
00404793  _nop                          
00404795  __udivmoddi4                  
0040498d  UART_flushTxFifo              
00404a31  floorf                        
00404acd  SemaphoreP_pend               
00404b65  UART_init                     
00404c8d  EDMAEnableTransferRegion      
00404d1d  fputc                         
00404eab  roundf                        
00404f29  __TI_closefile                
00404f9d  EDMA_close                    
0040500f  EDMAConfigureChannelRegion    
00405081  __gedf2                       
00405081  __gtdf2                       
004050f1  __cmpdf2                      
004050f1  __eqdf2                       
004050f1  __ledf2                       
004050f1  __ltdf2                       
004050f1  __nedf2                       
004051cd  AddrTranslateP_getLocalAddr   
004052a1  fseeko                        
00405309  getdevice                     
00405371  ClockP_timerTickIsr           
004053d5  HOSTrename                    
00405439  __aeabi_dcmpeq                
0040544d  __aeabi_dcmplt                
00405461  __aeabi_dcmple                
00405475  __aeabi_dcmpge                
00405489  __aeabi_dcmpgt                
0040549b  __TI_wrt_ok                   
004054fd  close                         
0040555d  _DebugP_assert                
004055bd  ClockP_getTimeUsec            
00405615  HOSTlseek                     
0040566d  HOSTopen                      
004056c5  HOSTread                      
00405719  HOSTwrite                     
0040576d  CRC_initialize                
004057bd  SOC_virtToPhy                 
0040580d  __TI_doflush                  
004058ab  Drivers_edmaOpen              
004058f7  Drivers_uartOpen              
00405943  ClockP_construct              
0040598d  __aeabi_d2iz                  
0040598d  __fixdfsi                     
004059d5  _c_int00                      
00405a1d  EDMA_getBaseAddr              
00405a65  HOSTunlink                    
00405aa9  __aeabi_d2uiz                 
00405aa9  __fixunsdfsi                  
00405aed  ClockP_stop                   
00405b2d  EDMAMapChToEvtQ               
00405b6d  EDMASetPaRAM                  
00405bab  SemaphoreP_constructBinary    
00405be9  HOSTclose                     
00405c25  SemaphoreP_constructMutex     
00405c61  ClockP_destruct               
00405c9b  DebugP_uartLogWriterPutChar   
00405cd5  System_init                   
00405d0f  Drivers_uartInit              
00405d49  Module_clockSetFrequency      
00405d81  SOC_rcmEnableADPLLClock       
00405db9  _DebugP_logZone               
00405df1  __aeabi_f2d                   
00405df1  __extendsfdf2                 
00405e29  __TI_auto_init_nobinit_nopinit
00405e61  Pinmux_config                 
00405e97  ClockP_start                  
00405ecd  __TI_cleanup                  
00405f01  __TI_writemsg                 
00405f2b  C$$IO$$                       
00405f35  EDMA_getHandle                
00405f69  Module_clockEnable            
00405f9b  SemaphoreP_post               
00405fcd  CRC_channelReset              
00405ffd  __TI_readmsg                  
0040602d  __aeabi_dcmpun                
0040602d  __unorddf2                    
0040605d  exit                          
0040608d  CRC_getPSASig                 
004060bb  CRC_getPSASigRegAddr          
004060e9  EDMAEnableChInShadowRegRegion 
00406119  Module_clockDisable           
00406149  __aeabi_i2d                   
00406149  __floatsidf                   
00406177  Drivers_close                 
004061a5  SOC_rcmSetM4ClockSrc          
004061d1  UART_getHandle                
004061fd  finddevice                    
00406229  lseek                         
00406255  unlink                        
00406281  write                         
004062d5  Dpl_init                      
004062f9  EDMAReadIntrStatusRegion      
0040631d  vprintf_                      
00406341  SOC_controlModuleUnlockMMR    
00406363  DebugP_logZoneEnable          
00406385  __aeabi_ui2d                  
00406385  __floatunsidf                 
004063a5  _DebugP_assertNoLog           
004063e1  main                          
004063fd  SysTickTimerP_Params_init     
00406417  UART_deinit                   
00406431  stack_init                    
0040644b  ClockP_deinit                 
00406463  HwiP_inISR                    
00406479  SOC_getEfusePgVersion         
0040648f  System_deinit                 
004064a5  EDMA_getRegionId              
004064b9  SOC_controlModuleLockMMR      
004064cd  __aeabi_uldivmod              
004064e1  SOC_clocksEnable              
004064f3  SysTickTimerP_start           
00406505  SysTickTimerP_stop            
00406517  putchar_                      
00406529  Drivers_open                  
00406537  EDMACCPaRAMEntry_init         
00406545  Pinmux_init                   
00406553  PowerClock_init               
00406561  SysTickTimerP_getCount        
0040656f  SysTickTimerP_getReloadCount  
00406599  TI_memset_small               
004065a7  ClockP_getTicks               
004065b3  DebugP_uartSetDrvIndex        
004065bf  SOC_moduleClockEnable         
004065cd  putchar                       
004065d9  ClockP_Params_init            
004065e3  ClockP_isActive               
004065ed  __aeabi_memset                
004065ed  __aeabi_memset4               
004065ed  __aeabi_memset8               
00406601  EDMA_allocDmaChannel          
00406609  EDMA_allocParam               
00406611  EDMA_allocTcc                 
00406619  EDMA_freeDmaChannel           
00406621  EDMA_freeParam                
00406629  EDMA_freeTcc                  
00406631  __aeabi_memclr                
00406631  __aeabi_memclr4               
00406631  __aeabi_memclr8               
00406639  malloc                        
00406641  EDMA_isInterruptEnabled       
00406647  Board_driversOpen             
0040664b  ClockP_getTimerCount          
0040664f  Dpl_deinit                    
00406653  PowerClock_deinit             
00406657  SOC_moduleSetClockFrequency   
0040665b  __mpu_init                    
0040665f  fseek                         
00406663  remove                        
00406666  C$$EXIT                       
00406667  abort                         
00406e20  _ftable                       
00406f10  _device                       
00406fec  _stream                       
0040708c  gUartParams                   
004070c4  gMpuRegionConfig              
0040710c  gSocModulesClockFrequency     
00407124  gClockConfig                  
00407138  gSocModules                   
00407148  gAddrTranslateConfig          
00407154  gMpuConfig                    
00407160  __TI_cleanup_ptr              
00407164  __TI_dtors_ptr                
00407168  gEdmaConfig                   
00407178  gUartConfig                   
00407180  __TI_ft_end                   
00407184  _lock                         
00407188  _unlock                       
0040718c  gDebugLogZone                 
00407190  gDebugP_uartDrvIndex          
00407194  gEdmaConfigNum                
00407198  gEdmaParams                   
0040719c  gUartConfigNum                
00458000  __stack                       
0045a000  __STACK_END                   
0045a000  _sys_memory                   
ffffffff  __TI_pprof_out_hndl           
ffffffff  __TI_prof_data_size           
ffffffff  __TI_prof_data_start          
ffffffff  __binit__                     
ffffffff  binit                         
UNDEFED   __TI_CINIT_Base               
UNDEFED   __TI_CINIT_Limit              
UNDEFED   __TI_Handler_Table_Base       
UNDEFED   __TI_Handler_Table_Limit      
UNDEFED   _system_post_cinit            

[280 symbols]
