******************************************************************************
            TI ARM Clang Linker Unix v3.2.2                    
******************************************************************************
>> Linked Fri Aug 29 15:10:30 2025

OUTPUT FILE NAME:   <motion_and_presence_detection_demo.release.out>
ENTRY POINT SYMBOL: "_c_int00"  address: 0044aa61


MEMORY CONFIGURATION

         name            origin    length      used     unused   attr    fill
----------------------  --------  ---------  --------  --------  ----  --------
  M4F_VECS              00400000   00000200  00000140  000000c0  RWIX
  M4F_RAM12             00400200   00057e00  00057e00  00000000  RWIX
  M4F_RBL               00458000   00008000  00008000  00000000  RWIX
  M4F_RAM3              00460000   00020000  00007fe1  0001801f  RWIX
  HWASS_SHM_MEM         60000000   00080000  0005e400  00021c00  RWIX


SEGMENT ALLOCATION MAP

run origin  load origin   length   init length attrs members
----------  ----------- ---------- ----------- ----- -------
00400000    00400000    00000140   00000140    rw-
  00400000    00400000    00000140   00000140    rw- .vectors
00400200    00400200    00021840   00000000    rw-
  00400200    00400200    00021840   00000000    rw- .bss
00421a40    00421a40    000365c0   000365c0    r-x
  00421a40    00421a40    0002bff0   0002bff0    r-x .text
  0044da30    0044da30    0000a5d0   0000a5d0    r-- .rodata.1
00458000    00458000    00008000   00000000    rw-
  00458000    00458000    00004000   00000000    rw- .taskstack
  0045c000    0045c000    00002000   00000000    rw- .stack
  0045e000    0045e000    00002000   00000000    rw- .sysmem
00460000    00460000    00003e80   00003e80    r--
  00460000    00460000    00003e80   00003e80    r-- .rodata.2
00463e80    00463e80    00004161   00004161    rw-
  00463e80    00463e80    00004161   00004161    rw- .data
60000000    60000000    0005e400   00000000    rw-
  60000000    60000000    0005e400   00000000    rw- .l3


SECTION ALLOCATION MAP

 output                                  attributes/
section   page    origin      length       input sections
--------  ----  ----------  ----------   ----------------
.vectors   0    00400000    00000140     
                  00400000    00000140     freertos.xwrL64xx.m4f.ti-arm-clang.release.lib : HwiP_armv7m_handlers_freertos.obj (.vectors)

.bss       0    00400200    00021840     UNINITIALIZED
                  00400200    00007000     (.common:gMmwCoreLocMem)
                  00407200    00006400     (.common:gMmwCoreLocMem2)
                  0040d600    00004ee8     (.common:distances)
                  004124e8    00000014     freertos.xwrL64xx.m4f.ti-arm-clang.release.lib : timers.obj (.bss.xActiveTimerList1)
                  004124fc    00000004                                                    : timers.obj (.bss.pxCurrentTimerList)
                  00412500    00004000     control.xwrL64xx.m4f.ti-arm-clang.release.lib : mmwave_fullcfg.obj (.bss.gMmwHeapMem)
                  00416500    00002000     (.common:gMainTaskStack)
                  00418500    00001000     freertos.xwrL64xx.m4f.ti-arm-clang.release.lib : port.obj (.bss.uxIdleTaskStack)
                  00419500    00001000     (.common:gAdcFileTaskStack)
                  0041a500    00001000     (.common:gCliTskStack)
                  0041b500    00001000     (.common:gTlvTaskStack)
                  0041c500    00000800     (.common:gMmwCoreLocMem3)
                  0041cd00    00000800     (.common:gPowerTaskStack)
                  0041d500    00000800     (.common:gmmwinitTaskStack)
                  0041dd00    00000400                                                    : port.obj (.bss.uxTimerTaskStack)
                  0041e100    00000354     (.common:gCLI)
                  0041e454    000002a0     (.common:gMMWave_MCB)
                  0041e6f4    00000280     (.common:gHwiCtrl)
                  0041e974    0000021c     ti_drivers_config.obj (.bss.gUartObjects)
                  0041eb90    000001f8     (.common:doaProcDpuCfg)
                  0041ed88    000001f0     (.common:appSceneryParamTable)
                  0041ef78    00000008     libsysbm.a : hostopen.c.obj (.bss.parmbuf)
                  0041ef80    000001e4     datapath_tracker3d.xwrL64xx.m4f.ti-arm-clang.release.lib : cfarprochwa.obj (.bss.gCfarProcHeapMem)
                  0041f164    000001e0     (.common:aoasvcProcDpuCfg)
                  0041f344    00000004     freertos.xwrL64xx.m4f.ti-arm-clang.release.lib : tasks.obj (.bss.pxDelayedTaskList)
                  0041f348    00000038     (.common:gClockCtrl)
                  0041f380    000001d8     (.common:guDopProcHeapMem)
                  0041f558    00000028     (.common:intrObj_rangeProc)
                  0041f580    00000198     datapath_tracker3d.xwrL64xx.m4f.ti-arm-clang.release.lib : aoasvcproc.obj (.bss.gAoasvcProcHeapMem)
                  0041f718    00000194     ti_drivers_config.obj (.bss.gQspiObjects)
                  0041f8ac    00000194     (.common:gAntennaSymbolsGenLoopTime)
                  0041fa40    00000194     (.common:gAoaosvcCpuCycles)
                  0041fbd4    00000028     (.common:rangeCompCfg)
                  0041fbfc    00000004     freertos.xwrL64xx.m4f.ti-arm-clang.release.lib : tasks.obj (.bss.pxOverflowDelayedTaskList)
                  0041fc00    00000188     datapath_tracker3d.xwrL64xx.m4f.ti-arm-clang.release.lib : doaproc.obj (.bss.gDoaProcHeapMem)
                  0041fd88    00000188     (.common:uDopProcDpuCfg)
                  0041ff10    00000024     (.common:i2cTransaction)
                  0041ff34    0000000a     (.common:tempStats)
                  0041ff3e    00000002     control.xwrL64xx.m4f.ti-arm-clang.release.lib : mmwave_link_xWRLx4xx.obj (.bss.MMWave_openLink.clpcTxcodes.0)
                  0041ff40    00000184     datapath_tracker3d.xwrL64xx.m4f.ti-arm-clang.release.lib : mpdproc.obj (.bss.gMpdProcHeapMem)
                  004200c4    00000184     (.common:mpdProcDpuCfg)
                  00420248    00000020     (.common:gHwiFrameStartHwiObject)
                  00420268    00000014     freertos.xwrL64xx.m4f.ti-arm-clang.release.lib : timers.obj (.bss.xActiveTimerList2)
                  0042027c    00000004                                                    : timers.obj (.bss.pxOverflowTimerList)
                  00420280    00000164     datapath_tracker3d.xwrL64xx.m4f.ti-arm-clang.release.lib : rangeprochwa.obj (.bss.gRangeProcHeapMem)
                  004203e4    00000014     freertos.xwrL64xx.m4f.ti-arm-clang.release.lib : tasks.obj (.bss.xDelayedTaskList1)
                  004203f8    00000008     (.common:demoEndTime)
                  00420400    00000154     datapath_tracker3d.xwrL64xx.m4f.ti-arm-clang.release.lib : trackerproc.obj (.bss.gTrackerProcHeapMem)
                  00420554    00000140     freertos.xwrL64xx.m4f.ti-arm-clang.release.lib : tasks.obj (.bss.pxReadyTasksLists)
                  00420694    0000012c     (.common:Power_contextSave)
                  004207c0    00000128     (.common:rangeProcDpuCfg)
                  004208e8    00000120     libsysbm.a : trgmsg.c.obj (.bss:_CIOBUF_)
                  00420a08    00000118     ti_drivers_config.obj (.bss.gI2cObjects)
                  00420b20    00000100     freertos.xwrL64xx.m4f.ti-arm-clang.release.lib : timers.obj (.bss.prvCheckForValidListAndQueue.ucStaticTimerQueueStorage)
                  00420c20    00000100     (.common:HwaParamsetIntr)
                  00420d20    00000100     (.common:xQueueRegistry)
                  00420e20    000000d4     (.common:cfarProcDpuCfg)
                  00420ef4    000000b0     ti_drivers_config.obj (.bss.gEdmaObjects)
                  00420fa4    000000a0     libc.a : defs.c.obj (.bss.__TI_tmpnams)
                  00421044    00000094     mmwavelink_m4.lib : rl_device.o (.bss.z_FeDriverData)
                  004210d8    0000007c     freertos.xwrL64xx.m4f.ti-arm-clang.release.lib : port.obj (.bss.xIdleTaskTCB)
                  00421154    0000007c                                                    : port.obj (.bss.xTimerTaskTCB)
                  004211d0    0000007c     (.common:gAdcFileTaskObj)
                  0042124c    0000007c     (.common:gCliTaskObj)
                  004212c8    0000007c     (.common:gDpcTaskObj)
                  00421344    0000007c     (.common:gMainTaskObj)
                  004213c0    0000007c     (.common:gPowerTaskObj)
                  0042143c    0000007c     (.common:gTlvTaskObj)
                  004214b8    0000007c     (.common:gmmwinitTaskObj)
                  00421534    00000004     libc.a : memory.c.obj (.bss.sys_free)
                  00421538    00000070     (.common:gHwaObject)
                  004215a8    00000060     freertos.xwrL64xx.m4f.ti-arm-clang.release.lib : DebugP_freertos.obj (.bss.gDebugLogLockObj)
                  00421608    00000060     (.common:gMmwOsalMutex)
                  00421668    00000060     (.common:gMmwOsalSem)
                  004216c8    00000048                                                    : timers.obj (.bss.prvCheckForValidListAndQueue.xStaticTimerQueue)
                  00421710    00000048     (.common:gPowerSemObj)
                  00421758    00000048     (.common:gRovDummyQueue)
                  004217a0    00000048     (.common:gmmwinitObj)
                  004217e8    00000040     control.xwrL64xx.m4f.ti-arm-clang.release.lib : mmwave_fullcfg.obj (.bss.gMmwHeapObj)
                  00421828    00000040     (.common:AppDebugData)
                  00421868    00000020     (.common:gTimerHwiObj)
                  00421888    00000020     (.common:idleHwiObj)
                  004218a8    00000014     freertos.xwrL64xx.m4f.ti-arm-clang.release.lib : tasks.obj (.bss.xDelayedTaskList2)
                  004218bc    00000014                                                    : tasks.obj (.bss.xPendingReadyList)
                  004218d0    00000014                                                    : tasks.obj (.bss.xSuspendedTaskList)
                  004218e4    00000014                                                    : tasks.obj (.bss.xTasksWaitingTermination)
                  004218f8    00000014     (.common:gStVecCorPrfile)
                  0042190c    00000014     (.common:idleHwiPrms)
                  00421920    00000014     (.common:intrObj_cfarProc)
                  00421934    00000014     (.common:intrObj_doaProc)
                  00421948    00000014     (.common:intrObj_uDopProc)
                  0042195c    00000010     (.common:gFlashObject_MX25V1635F)
                  0042196c    00000010     (.common:rxData)
                  0042197c    00000004     (.common:gAdcFileTask)
                  00421980    00000010     datapath_tracker3d.xwrL64xx.m4f.ti-arm-clang.release.lib : trackerproc.obj (.bss.gTrackerProcDescrpHdlHeapMem)
                  00421990    00000010     (.common:txData)
                  004219a0    00000008     (.common:demoTimeus)
                  004219a8    00000008     (.common:frmPrdus)
                  004219b0    00000008     (.common:gEdmaHandle)
                  004219b8    00000008     (.common:gMmwDemoFlash)
                  004219c0    00000008     (.common:slpTimeus)
                  004219c8    00000008     (.common:test)
                  004219d0    00000008     (.common:ullIdleTime)
                  004219d8    00000008     (.common:ullSleepTime)
                  004219e0    00000004     (.common:gCliTask)
                  004219e4    00000004     (.common:gDpcTask)
                  004219e8    00000004     (.common:gFlashHandle)
                  004219ec    00000004     (.common:gI2cHandle)
                  004219f0    00000004     (.common:gMainTask)
                  004219f4    00000004     (.common:gPowerSem)
                  004219f8    00000004     (.common:gPowerTask)
                  004219fc    00000004     (.common:gPreStoredAdcTestBuff)
                  00421a00    00000004     (.common:gQspiHandle)
                  00421a04    00000004     (.common:gTimerBaseAddr)
                  00421a08    00000004     (.common:gTlvTask)
                  00421a0c    00000004     (.common:gUartHandle)
                  00421a10    00000004     (.common:gmmwinit)
                  00421a14    00000004     (.common:gmmwinitTask)
                  00421a18    00000004     (.common:gpioBaseAddrLed)
                  00421a1c    00000004     (.common:hwRes)
                  00421a20    00000004     (.common:hwaHandle)
                  00421a24    00000004     (.common:pinNumLed)
                  00421a28    00000002     control.xwrL64xx.m4f.ti-arm-clang.release.lib : mmwave_link_xWRLx4xx.obj (.bss.MMWave_openLink.clpcTxcodes.1)
                  00421a2a    00000001                                                   : mmwave_link_xWRLx4xx.obj (.bss.MMWave_openLink.clpcCalTemp)
                  00421a2b    00000001     (.common:pgVersion)
                  00421a2c    00000014     --HOLE--

.taskstack 
*          0    00458000    00004000     UNINITIALIZED
                  00458000    00004000     mmw_cli.obj (.taskstack)

.stack     0    0045c000    00002000     UNINITIALIZED
                  0045c000    00000004     freertos.xwrL64xx.m4f.ti-arm-clang.release.lib : boot_armv7m.obj (.stack)
                  0045c004    00001ffc     --HOLE--

.sysmem    0    0045e000    00002000     UNINITIALIZED
                  0045e000    00000010     libc.a : memory.c.obj (.sysmem)
                  0045e010    00001ff0     --HOLE--

.l3        0    60000000    0005e400     UNINITIALIZED
                  60000000    0005e400     motion_detect.obj (.l3)

__llvm_prf_cnts 
*          0    00400200    00000000     UNINITIALIZED

__llvm_prf_bits 
*          0    00400200    00000000     UNINITIALIZED

.text      0    00421a40    0002bff0     
                  00421a40    00000dc8     motion_detect.obj (.text.mmwDemo_TransmitProcessedOutputTask)
                  00422808    00000c30     libc.a : _scanfi.c.obj (.text.__TI_scanfi)
                  00423438    00000afa     datapath_tracker3d.xwrL64xx.m4f.ti-arm-clang.release.lib : cfarprochwa.obj (.text.CFAR_DET_HWA_cfarRangeDoppler_ProcList)
                  00423f32    00000006     drivers.xwrL64xx.m4f.ti-arm-clang.release.lib : edma.obj (.text.EDMA_isInterruptEnabled)
                  00423f38    00000a8c     libc.a : e_pow.c.obj (.text.pow)
                  004249c4    00000004     ti_board_open_close.obj (.text.Board_driversOpen)
                  004249c8    00000a0c     libc.a : _printfi.c.obj (.text:__TI_printfi)
                  004253d4    000008b6     datapath_tracker3d.xwrL64xx.m4f.ti-arm-clang.release.lib : rangeprochwa.obj (.text.rangeProcHWA_HardwareConfig)
                  00425c8a    00000002     ti_board_config.obj (.text.Board_init)
                  00425c8c    00000824     alg_gtrack3d.xwrL64xx.m4f.ti-arm-clang.release.lib : gtrack_unit_update.obj (.text.gtrack_unitUpdate)
                  004264b0    00000800     datapath_tracker3d.xwrL64xx.m4f.ti-arm-clang.release.lib : doaproc.obj (.text.doaProc_configHwa)
                  00426cb0    000007f8     drivers.xwrL64xx.m4f.ti-arm-clang.release.lib : hwa.obj (.text.HWA_configParamSet)
                  004274a8    000007ac     datapath_tracker3d.xwrL64xx.m4f.ti-arm-clang.release.lib : cfarprochwa.obj (.text.CFAR_DET_HWA_cfarRange_ProcList)
                  00427c54    00000734     alg_gtrack3d.xwrL64xx.m4f.ti-arm-clang.release.lib : gtrack_create.obj (.text.gtrack_create)
                  00428388    00000724     libc.a : k_rem_pio2.c.obj (.text.__kernel_rem_pio2)
                  00428aac    0000071a     ADC_testbuf.obj (.text.mmwDemo_adcFileReadTask)
                  004291c6    00000002     freertos.xwrL64xx.m4f.ti-arm-clang.release.lib : CacheP_null.obj (.text.CacheP_inv)
                  004291c8    000006b0     datapath_tracker3d.xwrL64xx.m4f.ti-arm-clang.release.lib : doaproc.obj (.text.doaProc_configHwa_v2)
                  00429878    00000678     dpc.obj (.text.DPC_Execute)
                  00429ef0    0000066c     datapath_tracker3d.xwrL64xx.m4f.ti-arm-clang.release.lib : udopproc.obj (.text.uDopProc_configHwa)
                  0042a55c    00000630     drivers.xwrL64xx.m4f.ti-arm-clang.release.lib : hwa.obj (.text.HWA_configCommon)
                  0042ab8c    000005f2     dpc.obj (.text.DoaProc_configParser)
                  0042b17e    00000002     freertos.xwrL64xx.m4f.ti-arm-clang.release.lib : CacheP_null.obj (.text.CacheP_wb)
                  0042b180    00000594     libc.a : e_powf.c.obj (.text.powf)
                  0042b714    00000004     freertos.xwrL64xx.m4f.ti-arm-clang.release.lib : ClockP_freertos.obj (.text.ClockP_getTicks)
                  0042b718    00000590     dpc.obj (.text.CfarProc_configParser)
                  0042bca8    00000588     datapath_tracker3d.xwrL64xx.m4f.ti-arm-clang.release.lib : mpdproc.obj (.text.assignPointsToZones)
                  0042c230    00000570     control.xwrL64xx.m4f.ti-arm-clang.release.lib : mmwave_link_common.obj (.text.MMWave_configLink)
                  0042c7a0    00000570     freertos.xwrL64xx.m4f.ti-arm-clang.release.lib : printf.obj (.text._vsnprintf)
                  0042cd10    00000570     dpc.obj (.text.uDopProc_configParser)
                  0042d280    00000546     alg_classifier.xwrL64xx.m4f.ti-arm-clang.release.lib : classifier_layers.obj (.text.conv2_op)
                  0042d7c6    00000002     freertos.xwrL64xx.m4f.ti-arm-clang.release.lib : ClockP_freertos_m4.obj (.text.ClockP_timerClearOverflowInt)
                  0042d7c8    00000536     mmwave_control_config.obj (.text.Mmwave_populateDefaultChirpControlCfg)
                  0042dcfe    00000002     drivers.xwrL64xx.m4f.ti-arm-clang.release.lib : hwa.obj (.text.HWA_init)
                  0042dd00    00000528     libc.a : s_cos.c.obj (.text.cos)
                  0042e228    00000528            : s_sin.c.obj (.text.sin)
                  0042e750    00000502     mmw_cli.obj (.text.CLI_init)
                  0042ec52    00000002     freertos.xwrL64xx.m4f.ti-arm-clang.release.lib : power_xwrLx4xx_freertos.obj (.text.Power_initPolicy)
                  0042ec54    000004ee     alg_gtrack3d.xwrL64xx.m4f.ti-arm-clang.release.lib : gtrack_module.obj (.text.gtrack_moduleAllocate)
                  0042f142    00000002     libclang_rt.builtins.a : aeabi_div0.c.obj (.text.__aeabi_ldiv0)
                  0042f144    000004bc     alg_gtrack3d.xwrL64xx.m4f.ti-arm-clang.release.lib : gtrack_utilities_3d.obj (.text.gtrack_matrixInv)
                  0042f600    000004a8     freertos.xwrL64xx.m4f.ti-arm-clang.release.lib : printf.obj (.text._etoa)
                  0042faa8    00000480     datapath_tracker3d.xwrL64xx.m4f.ti-arm-clang.release.lib : aoasvcproc.obj (.text.aoasvcProc_SteeringVecCorrection)
                  0042ff28    00000474     libc.a : strtod.c.obj (.text.strtod)
                  0043039c    00000004     freertos.xwrL64xx.m4f.ti-arm-clang.release.lib : ClockP_freertos_m4.obj (.text.ClockP_getTimerCount)
                  004303a0    00000470     dpc.obj (.text.DPC_Config)
                  00430810    00000448     mmw_cli.obj (.text.CLI_MMWaveSensorStart)
                  00430c58    00000440     freertos.xwrL64xx.m4f.ti-arm-clang.release.lib : printf.obj (.text._ftoa)
                  00431098    000003e0     alg_gtrack3d.xwrL64xx.m4f.ti-arm-clang.release.lib : gtrack_unit_score.obj (.text.gtrack_unitScore)
                  00431478    000003c8     dpc.obj (.text.RangeProc_configParser)
                  00431840    000003b0     freertos.xwrL64xx.m4f.ti-arm-clang.release.lib : HwiP_armv7m.obj (.text.hwi)
                  00431bf0    000003a8     datapath_tracker3d.xwrL64xx.m4f.ti-arm-clang.release.lib : udopproc.obj (.text.uDopProc_ConfigTriggerHwa)
                  00431f98    000003a0                                                              : doaproc.obj (.text.doaProc_configEdma)
                  00432338    00000394                                                              : cfarprochwa.obj (.text.CFAR_DET_HWA_cfarRange_ProcList_1tx_1rx)
                  004326cc    00000004     control.xwrL64xx.m4f.ti-arm-clang.release.lib : mmwave_link_xWRLx4xx.obj (.text.MMWave_ExitCriticalRegion)
                  004326d0    0000037c     range_phase_bias_measurement.obj (.text.mmwDemo_rangeBiasRxChPhaseMeasure)
                  00432a4c    0000037a     board.xwrL64xx.m4f.ti-arm-clang.release.lib : flash_nor_qspi.obj (.text.Flash_norQspiOpen)
                  00432dc6    00000002     libc.a : _lock.c.obj (.text._nop)
                  00432dc8    00000360     drivers.xwrL64xx.m4f.ti-arm-clang.release.lib : uart_sci.obj (.text.UART_open)
                  00433128    00000348     dpc.obj (.text.AoasvcProc_configParser)
                  00433470    00000342     drivers.xwrL64xx.m4f.ti-arm-clang.release.lib : i2c_v0.obj (.text.I2C_hwiFxn)
                  004337b2    00000002     freertos.xwrL64xx.m4f.ti-arm-clang.release.lib : printf.obj (.text._out_null)
                  004337b4    00000320     datapath_tracker3d.xwrL64xx.m4f.ti-arm-clang.release.lib : udopproc.obj (.text.DPU_uDopProc_process)
                  00433ad4    00000004     control.xwrL64xx.m4f.ti-arm-clang.release.lib : mmwave_link_xWRLx4xx.obj (.text.MMWave_TimeStamp)
                  00433ad8    00000320     factory_cal.obj (.text.mmwDemo_factoryCal)
                  00433df8    00000310     drivers.xwrL64xx.m4f.ti-arm-clang.release.lib : soc_rcm.obj (.text.SOC_rcmGetPeripheralClock)
                  00434108    0000030a                                                   : edma.obj (.text.EDMA_init)
                  00434412    00000006                                                   : gpio.obj (.text.GPIO_moduleEnable)
                  00434418    000002f0     libc.a : e_log10.c.obj (.text.log10)
                  00434708    000002de     datapath_tracker3d.xwrL64xx.m4f.ti-arm-clang.release.lib : cfarprochwa.obj (.text.CFAR_DET_HWA_config_HWA)
                  004349e6    0000001a     freertos.xwrL64xx.m4f.ti-arm-clang.release.lib : HeapP_freertos.obj (.text.HeapP_free)
                  00434a00    000002dc     libc.a : strcmp_t2.S.obj (.text:strcmp)
                  00434cdc    000002bc     alg_classifier.xwrL64xx.m4f.ti-arm-clang.release.lib : classifier_layers.obj (.text.conv1_op)
                  00434f98    000002b8     libc.a : _printfi.c.obj (.text._pconv_a)
                  00435250    000002b8     datapath_tracker3d.xwrL64xx.m4f.ti-arm-clang.release.lib : aoasvcproc.obj (.text.aoasvcProc_configHwa)
                  00435508    0000029a     mmw_cli.obj (.text.CLI_MMWaveRangeSNRCompensation)
                  004357a2    00000294     motion_detect.obj (.text.motion_detect)
                  00435a36    00000274     drivers.xwrL64xx.m4f.ti-arm-clang.release.lib : i2c_v0.obj (.text.I2C_open)
                  00435caa    00000002     alg_gtrack3d.xwrL64xx.m4f.ti-arm-clang.release.lib : gtrack_unit_stop.obj (.text.gtrack_unitStop)
                  00435cac    00000258     freertos.xwrL64xx.m4f.ti-arm-clang.release.lib : power_xwrLx4xx_freertos.obj (.text.Power_sleepPolicy)
                  00435f04    00000244     datapath_tracker3d.xwrL64xx.m4f.ti-arm-clang.release.lib : trackerproc.obj (.text.DPU_TrackerProc_config)
                  00436148    00000238     libc.a : _printfi.c.obj (.text._pconv_g)
                  00436380    00000236     control.xwrL64xx.m4f.ti-arm-clang.release.lib : mmwave_link_xWRLx4xx.obj (.text.MMWave_openLink)
                  004365b6    00000002     power_management.obj (.text.power_LPDSentryhook)
                  004365b8    0000022e     drivers.xwrL64xx.m4f.ti-arm-clang.release.lib : qspi.obj (.text.QSPI_open)
                  004367e6    0000022c                                                   : uart_sci.obj (.text.UART_write)
                  00436a12    00000006     libc.a : _scanfi.c.obj (.text.OUTLINED_FUNCTION_3)
                  00436a18    00000228     datapath_tracker3d.xwrL64xx.m4f.ti-arm-clang.release.lib : udopproc.obj (.text.DPU_uDopProc_config)
                  00436c40    00000228     dpc.obj (.text.MmwDemo_cfgDopplerParamMapping)
                  00436e68    00000228     power_management.obj (.text.powerManagementTask)
                  00437090    00000222     drivers.xwrL64xx.m4f.ti-arm-clang.release.lib : i2c_v0.obj (.text.I2C_primeTransfer)
                  004372b2    00000006     freertos.xwrL64xx.m4f.ti-arm-clang.release.lib : SemaphoreP_freertos.obj (.text.SemaphoreP_destruct)
                  004372b8    0000021c     tracker_utils.obj (.text.MmwDemo_CLITrackingCfg)
                  004374d4    0000021c     datapath_tracker3d.xwrL64xx.m4f.ti-arm-clang.release.lib : rangeprochwa.obj (.text.rangeProcHWA_ConfigEDMA_evtDecim)
                  004376f0    00000218     alg_gtrack3d.xwrL64xx.m4f.ti-arm-clang.release.lib : gtrack_utilities.obj (.text.gtrack_computeJacobian)
                  00437908    00000204                                                        : gtrack_step.obj (.text.gtrack_step)
                  00437b0c    000001f6     datapath_tracker3d.xwrL64xx.m4f.ti-arm-clang.release.lib : dpedma.obj (.text.DPEDMA_configSyncTransfer)
                  00437d02    00000002     freertos.xwrL64xx.m4f.ti-arm-clang.release.lib : port.obj (.text.vPortConfigTimerForRunTimeStats)
                  00437d04    000001f4     alg_gtrack3d.xwrL64xx.m4f.ti-arm-clang.release.lib : gtrack_unit_event.obj (.text.gtrack_unitEvent)
                  00437ef8    000001e8     datapath_tracker3d.xwrL64xx.m4f.ti-arm-clang.release.lib : udopproc.obj (.text.uDopProc_FeatExtraction)
                  004380e0    000001de                                                              : dpedma.obj (.text.DPEDMA_configSyncA_singleFrame)
                  004382be    000001d8                                                              : dpedma.obj (.text.DPEDMA_configSyncAB)
                  00438496    00000002     --HOLE-- [fill = 0]
                  00438498    000001ca                                                              : aoasvcproc.obj (.text.aoasvcProc_configEdma)
                  00438662    00000002     --HOLE-- [fill = 0]
                  00438664    000001ca     freertos.xwrL64xx.m4f.ti-arm-clang.release.lib : MpuP_armv7m.obj (.text.mpu)
                  0043882e    00000002     --HOLE-- [fill = 0]
                  00438830    000001c6     datapath_tracker3d.xwrL64xx.m4f.ti-arm-clang.release.lib : aoasvcproc.obj (.text.DPU_AoasvcProc_process)
                  004389f6    000001c6     drivers.xwrL64xx.m4f.ti-arm-clang.release.lib : hwa.obj (.text.HWA_open)
                  00438bbc    000001c2     datapath_tracker3d.xwrL64xx.m4f.ti-arm-clang.release.lib : doaproc.obj (.text.DPU_DoaProc_config)
                  00438d7e    00000002     --HOLE-- [fill = 0]
                  00438d80    000001c0     libc.a : e_logf.c.obj (.text.logf)
                  00438f40    000001b8     alg_gtrack3d.xwrL64xx.m4f.ti-arm-clang.release.lib : gtrack_unit_create.obj (.text.gtrack_unitCreate)
                  004390f8    000001b8     libc.a : strtoll.c.obj (.text.strtoll)
                  004392b0    000001b6     libclang_rt.builtins.a : adddf3.S.obj (.text.adddf3_subdf3)
                  00439466    00000002     --HOLE-- [fill = 0]
                  00439468    000001b4     datapath_tracker3d.xwrL64xx.m4f.ti-arm-clang.release.lib : mpdproc.obj (.text.stateMachine)
                  0043961c    000001b2                                                              : udopproc.obj (.text.uDopProc_configEdma_loopBack)
                  004397ce    000001b0     drivers.xwrL64xx.m4f.ti-arm-clang.release.lib : uart_sci.obj (.text.UART_read)
                  0043997e    00000002     --HOLE-- [fill = 0]
                  00439980    000001b0     utils.xwrL64xx.m4f.ti-arm-clang.release.lib : mathutils.obj (.text.mathUtils_genWindow)
                  00439b30    000001b0     range_phase_bias_measurement.obj (.text.mmwDemo_rangeBiasRxChPhaseMeasureConfig)
                  00439ce0    000001ae     freertos.xwrL64xx.m4f.ti-arm-clang.release.lib : timers.obj (.text.prvTimerTask)
                  00439e8e    00000002     --HOLE-- [fill = 0]
                  00439e90    000001a6     drivers.xwrL64xx.m4f.ti-arm-clang.release.lib : edma.obj (.text.EDMA_deinit)
                  0043a036    00000002     --HOLE-- [fill = 0]
                  0043a038    000001a0     datapath_tracker3d.xwrL64xx.m4f.ti-arm-clang.release.lib : aoasvcproc.obj (.text.DPU_AoasvcProc_config)
                  0043a1d8    000001a0     libc.a : _printfi.c.obj (.text.fcvt)
                  0043a378    00000194     control.xwrL64xx.m4f.ti-arm-clang.release.lib : mmwave_link_common.obj (.text.MMWave_deviceGetVersion)
                  0043a50c    00000190     drivers.xwrL64xx.m4f.ti-arm-clang.release.lib : uart_sci_edma.obj (.text.UART_edmaChannelConfig)
                  0043a69c    00000004     control.xwrL64xx.m4f.ti-arm-clang.release.lib : mmwave_listlib.obj (.text.MMWave_listGetHead)
                  0043a6a0    00000190     libc.a : s_exp2f.c.obj (.text.exp2f)
                  0043a830    0000018c     drivers.xwrL64xx.m4f.ti-arm-clang.release.lib : qspi_edma.obj (.text.QSPI_edmaTransfer)
                  0043a9bc    00000182     datapath_tracker3d.xwrL64xx.m4f.ti-arm-clang.release.lib : udopproc.obj (.text.uDopProc_configEdma)
                  0043ab3e    00000002     --HOLE-- [fill = 0]
                  0043ab40    00000180     libc.a : _printfi.c.obj (.text._pconv_e)
                  0043acc0    00000180            : fwrite.c.obj (.text.fwrite)
                  0043ae40    0000017a     drivers.xwrL64xx.m4f.ti-arm-clang.release.lib : uart_sci.obj (.text.UART_controllerIsr)
                  0043afba    00000002     --HOLE-- [fill = 0]
                  0043afbc    00000178                                                   : power_xwrLx4xx.obj (.text.Power_sleep)
                  0043b134    00000176                                                   : qspi_edma.obj (.text.QSPI_edmaChannelConfig)
                  0043b2aa    00000002     --HOLE-- [fill = 0]
                  0043b2ac    00000170                                                   : soc_rcm.obj (.text.SOC_rcmEnablePeripheralClock)
                  0043b41c    00000004     control.xwrL64xx.m4f.ti-arm-clang.release.lib : mmwave_listlib.obj (.text.MMWave_listGetNext)
                  0043b420    00000170     libc.a : k_sin.c.obj (.text.__kernel_sin)
                  0043b590    00000170            : strtoull.c.obj (.text.strtoull)
                  0043b700    0000016a     datapath_tracker3d.xwrL64xx.m4f.ti-arm-clang.release.lib : rangeprochwa.obj (.text.DPU_RangeProcHWA_config)
                  0043b86a    00000002     --HOLE-- [fill = 0]
                  0043b86c    0000016a     board.xwrL64xx.m4f.ti-arm-clang.release.lib : flash_nor_qspi.obj (.text.Flash_norQspiWrite)
                  0043b9d6    00000002     --HOLE-- [fill = 0]
                  0043b9d8    00000168     drivers.xwrL64xx.m4f.ti-arm-clang.release.lib : power_xwrLx4xx.obj (.text.Power_Idle3)
                  0043bb40    00000168     libc.a : k_cos.c.obj (.text.__kernel_cos)
                  0043bca8    00000168            : e_sqrt.c.obj (.text.sqrt)
                  0043be10    00000162     drivers.xwrL64xx.m4f.ti-arm-clang.release.lib : soc_rcm.obj (.text.SOC_rcmSetPeripheralClock)
                  0043bf72    00000002     --HOLE-- [fill = 0]
                  0043bf74    00000160     datapath_tracker3d.xwrL64xx.m4f.ti-arm-clang.release.lib : dbscan.obj (.text.expandCluster)
                  0043c0d4    0000015a     control.xwrL64xx.m4f.ti-arm-clang.release.lib : mmwave_link_xWRLx4xx.obj (.text.MMWave_initLink)
                  0043c22e    00000002     --HOLE-- [fill = 0]
                  0043c230    00000158     libc.a : e_asinf.c.obj (.text.asinf)
                  0043c388    00000158            : s_atanf.c.obj (.text.atanf)
                  0043c4e0    00000156     drivers.xwrL64xx.m4f.ti-arm-clang.release.lib : qspi.obj (.text.QSPI_readCmd)
                  0043c636    00000002     --HOLE-- [fill = 0]
                  0043c638    00000156     freertos.xwrL64xx.m4f.ti-arm-clang.release.lib : queue.obj (.text.xQueueSemaphoreTake)
                  0043c78e    00000002     --HOLE-- [fill = 0]
                  0043c790    00000150     alg_gtrack3d.xwrL64xx.m4f.ti-arm-clang.release.lib : gtrack_unit_update.obj (.text.gtrack_velocityStateHandling)
                  0043c8e0    00000150     libc.a : e_log10f.c.obj (.text.log10f)
                  0043ca30    0000014e     board.xwrL64xx.m4f.ti-arm-clang.release.lib : ina.obj (.text.SensorConfig228)
                  0043cb7e    0000014a     tracker_utils.obj (.text.MmwDemo_CLIBoundaryBoxCfg)
                  0043ccc8    00000148     mmw_cli.obj (.text.CLI_MMWStart)
                  0043ce10    00000148     mmw_cli.obj (.text.CLI_task)
                  0043cf58    00000148     drivers.xwrL64xx.m4f.ti-arm-clang.release.lib : uart_sci.obj (.text.UART_close)
                  0043d0a0    00000148     datapath_tracker3d.xwrL64xx.m4f.ti-arm-clang.release.lib : rangeprochwa.obj (.text.rangeProcHWA_ParseConfig)
                  0043d1e8    00000144     freertos.xwrL64xx.m4f.ti-arm-clang.release.lib : printf.obj (.text._ntoa_format)
                  0043d32c    00000140     alg_featExtract.xwrL64xx.m4f.ti-arm-clang.release.lib : featExtract_compute.obj (.text.featExtract_compute)
                  0043d46c    00000140     alg_gtrack3d.xwrL64xx.m4f.ti-arm-clang.release.lib : gtrack_utilities.obj (.text.gtrack_cartesian2spherical)
                  0043d5ac    0000013c     datapath_tracker3d.xwrL64xx.m4f.ti-arm-clang.release.lib : trackerproc.obj (.text.DPU_TrackerProc_process)
                  0043d6e8    0000013c     libc.a : e_log2f.c.obj (.text.log2f)
                  0043d824    0000013a     freertos.xwrL64xx.m4f.ti-arm-clang.release.lib : tasks.obj (.text.xTaskIncrementTick)
                  0043d95e    00000002     --HOLE-- [fill = 0]
                  0043d960    00000138     mmw_cli.obj (.text.CLI_MMWaveChirpCommonCfg)
                  0043da98    00000138     mmw_cli.obj (.text.CLI_MMWaveChirpTimingCfg)
                  0043dbd0    00000138     datapath_tracker3d.xwrL64xx.m4f.ti-arm-clang.release.lib : cfarprochwa.obj (.text.DPU_CFARProcHWA_config)
                  0043dd08    00000138                                                              : cfarprochwa.obj (.text.DPU_CFARProcHWA_process)
                  0043de40    00000138     libc.a : strtol.c.obj (.text.strtol)
                  0043df78    00000138     datapath_tracker3d.xwrL64xx.m4f.ti-arm-clang.release.lib : udopproc.obj (.text.uDopProc_updateTrackIdFeatures)
                  0043e0b0    00000136     libclang_rt.builtins.a : divdf3.S.obj (.text.__divdf3)
                  0043e1e6    00000002     --HOLE-- [fill = 0]
                  0043e1e8    00000136     freertos.xwrL64xx.m4f.ti-arm-clang.release.lib : queue.obj (.text.xQueueGenericSend)
                  0043e31e    00000002     --HOLE-- [fill = 0]
                  0043e320    00000136                                                    : queue.obj (.text.xQueueReceive)
                  0043e456    00000002     --HOLE-- [fill = 0]
                  0043e458    00000134     mmw_cli.obj (.text.CLI_MMWaveCfarCfg)
                  0043e58c    00000132     drivers.xwrL64xx.m4f.ti-arm-clang.release.lib : edma.obj (.text.allocResource)
                  0043e6be    00000130     freertos.xwrL64xx.m4f.ti-arm-clang.release.lib : ClockP_freertos_m4.obj (.text.ClockP_init)
                  0043e7ee    0000012e     datapath_tracker3d.xwrL64xx.m4f.ti-arm-clang.release.lib : doaproc.obj (.text.doaProc_InternalLoop)
                  0043e91c    0000012e     mmwavelink_m4.lib : rl_device.o (.text.rl_initErrorCheck)
                  0043ea4a    0000012c     drivers.xwrL64xx.m4f.ti-arm-clang.release.lib : edma.obj (.text.EDMA_open)
                  0043eb76    00000002     --HOLE-- [fill = 0]
                  0043eb78    00000128     dpc.obj (.text.MmwDemo_calcActiveAntennaGeometry)
                  0043eca0    00000124     datapath_tracker3d.xwrL64xx.m4f.ti-arm-clang.release.lib : dpedma.obj (.text.DPEDMA_configDummyChannel)
                  0043edc4    00000120     libc.a : fopen.c.obj (.text._openfile)
                  0043eee4    00000120            : memory.c.obj (.text.aligned_alloc)
                  0043f004    00000004     drivers.xwrL64xx.m4f.ti-arm-clang.release.lib : prcm.obj (.text.PRCMPeripheralStatusGet)
                  0043f008    00000120     libc.a : s_ceil.c.obj (.text.ceil)
                  0043f128    00000120            : s_floor.c.obj (.text.floor)
                  0043f248    00000120     freertos.xwrL64xx.m4f.ti-arm-clang.release.lib : HeapP_internal.obj (.text.pvHeapMalloc)
                  0043f368    0000011c     libc.a : strtoul.c.obj (.text.strtoul)
                  0043f484    0000011a     freertos.xwrL64xx.m4f.ti-arm-clang.release.lib : tasks.obj (.text.xTaskResumeAll)
                  0043f59e    00000118     datapath_tracker3d.xwrL64xx.m4f.ti-arm-clang.release.lib : dpedma.obj (.text.DPEDMA_freeEDMAChannel)
                  0043f6b6    00000002     --HOLE-- [fill = 0]
                  0043f6b8    00000118     freertos.xwrL64xx.m4f.ti-arm-clang.release.lib : tasks.obj (.text.prvAddNewTaskToReadyList)
                  0043f7d0    00000112     mmw_cli.obj (.text.CLI_MMWaveVersion)
                  0043f8e2    00000006     alg_classifier.xwrL64xx.m4f.ti-arm-clang.release.lib : classifier_layers.obj (.text.classifier_bytes_needed)
                  0043f8e8    00000110     alg_gtrack3d.xwrL64xx.m4f.ti-arm-clang.release.lib : gtrack_math.obj (.text.gtrack_calcRotMatZX)
                  0043f9f8    0000010c     datapath_tracker3d.xwrL64xx.m4f.ti-arm-clang.release.lib : cfarprochwa.obj (.text.CFAR_DET_HWA_config_EDMA)
                  0043fb04    00000004     drivers.xwrL64xx.m4f.ti-arm-clang.release.lib : soc.obj (.text.SOC_moduleSetClockFrequency)
                  0043fb08    0000010c     libc.a : s_scalbn.c.obj (.text.scalbn)
                  0043fc14    00000004     libclang_rt.builtins.a : aeabi_memcpy.S.obj (.text.__aeabi_memcpy)
                  0043fc18    00000108     datapath_tracker3d.xwrL64xx.m4f.ti-arm-clang.release.lib : mpdproc.obj (.text.DPU_MpdProc_process)
                  0043fd20    00000108     board.xwrL64xx.m4f.ti-arm-clang.release.lib : flash_nor_qspi.obj (.text.Flash_norQspiReset)
                  0043fe28    00000108     alg_gtrack3d.xwrL64xx.m4f.ti-arm-clang.release.lib : gtrack_unit_start.obj (.text.gtrack_unitStart)
                  0043ff30    00000106                                                        : gtrack_utilities_3d.obj (.text.gtrack_matrixComputePJT)
                  00440036    00000002     --HOLE-- [fill = 0]
                  00440038    00000104     drivers.xwrL64xx.m4f.ti-arm-clang.release.lib : edma.obj (.text.EDMA_transferCompletionMasterIsrFxn)
                  0044013c    00000102     datapath_tracker3d.xwrL64xx.m4f.ti-arm-clang.release.lib : aoasvcproc.obj (.text.aoasvcProc_setInputOutputEdma)
                  0044023e    00000100     dpc.obj (.text.DPC_Init)
                  0044033e    00000002     --HOLE-- [fill = 0]
                  00440340    000000fc     libclang_rt.builtins.a : muldf3.S.obj (.text.__muldf3)
                  0044043c    000000fc     dpc.obj (.text.rangeBiasRxChPhaseMeasure_quadfit)
                  00440538    000000fa     drivers.xwrL64xx.m4f.ti-arm-clang.release.lib : edma.obj (.text.EDMA_freeResource)
                  00440632    00000002     --HOLE-- [fill = 0]
                  00440634    000000fa                                                   : qspi.obj (.text.QSPI_readMemMapMode)
                  0044072e    00000002     --HOLE-- [fill = 0]
                  00440730    000000f8     mmw_cli.obj (.text.CLI_MMWaveAdcLogging)
                  00440828    000000f4     libc.a : fread.c.obj (.text.fread)
                  0044091c    000000f4     freertos.xwrL64xx.m4f.ti-arm-clang.release.lib : tasks.obj (.text.prvIdleTask)
                  00440a10    000000f0     datapath_tracker3d.xwrL64xx.m4f.ti-arm-clang.release.lib : cfarprochwarangecomp.obj (.text.CFAR_DET_HWA_RangeComp_SNRNeededToKeepPoint)
                  00440b00    000000f0     libc.a : fputs.c.obj (.text.fputs)
                  00440bf0    000000f0            : memory.c.obj (.text.free)
                  00440ce0    000000ee     freertos.xwrL64xx.m4f.ti-arm-clang.release.lib : tasks.obj (.text.vTaskDelete)
                  00440dce    000000ec     mmw_cli.obj (.text.CLI_MMWaveFactoryCalConfig)
                  00440eba    00000002     --HOLE-- [fill = 0]
                  00440ebc    000000ec     alg_gtrack3d.xwrL64xx.m4f.ti-arm-clang.release.lib : gtrack_module.obj (.text.gtrack_modulePresence)
                  00440fa8    000000ec                                                        : gtrack_utilities.obj (.text.gtrack_spherical2cartesian)
                  00441094    000000e8     datapath_tracker3d.xwrL64xx.m4f.ti-arm-clang.release.lib : cfarprochwa.obj (.text.CFAR_DET_HWA_ConfigAoaFov)
                  0044117c    000000e8     drivers.xwrL64xx.m4f.ti-arm-clang.release.lib : qspi.obj (.text.QSPI_writeCmd)
                  00441264    000000e8                                                   : uart_sci_edma.obj (.text.UART_readDma)
                  0044134c    000000e8     alg_classifier.xwrL64xx.m4f.ti-arm-clang.release.lib : classifier_predict.obj (.text.classifier_predict)
                  00441434    000000e8                                                          : classifier_layers.obj (.text.layer_norm)
                  0044151c    00000004     libc.a : printf.c.obj (.text._outc)
                  00441520    000000e4     ti_board_config.obj (.text.mmwDemo_PowerMeasurement)
                  00441604    000000e2     alg_gtrack3d.xwrL64xx.m4f.ti-arm-clang.release.lib : gtrack_utilities_3d.obj (.text.gtrack_computeMahalanobis)
                  004416e6    00000002     --HOLE-- [fill = 0]
                  004416e8    000000e0     mmw_cli.obj (.text.CLI_MMWaveFrameCfg)
                  004417c8    000000de     alg_gtrack3d.xwrL64xx.m4f.ti-arm-clang.release.lib : gtrack_unit_predict.obj (.text.gtrack_unitPredict)
                  004418a6    00000002     --HOLE-- [fill = 0]
                  004418a8    000000dc     datapath_tracker3d.xwrL64xx.m4f.ti-arm-clang.release.lib : trackerproc.obj (.text.DPU_TrackerProc_CartesianToSpherical)
                  00441984    000000dc                                                              : trackerproc.obj (.text.DPU_trackerProc_updateParamTables)
                  00441a60    000000da     dpc.obj (.text.MpdProc_configParser)
                  00441b3a    00000002     --HOLE-- [fill = 0]
                  00441b3c    000000d8     drivers.xwrL64xx.m4f.ti-arm-clang.release.lib : edma.obj (.text.EDMA_allocResource)
                  00441c14    000000d8                                                   : uart_sci_edma.obj (.text.UART_writeDma)
                  00441cec    000000d8     libc.a : setvbuf.c.obj (.text.setvbuf)
                  00441dc4    000000d6     drivers.xwrL64xx.m4f.ti-arm-clang.release.lib : edma.obj (.text.EDMA_unregisterIntr)
                  00441e9a    000000d4                                                   : i2c_v0.obj (.text.I2C_transfer)
                  00441f6e    00000002     --HOLE-- [fill = 0]
                  00441f70    000000d4     dpc.obj (.text.MmwDemo_compressPointCloudList)
                  00442044    000000d4     freertos.xwrL64xx.m4f.ti-arm-clang.release.lib : TimerP_rti.obj (.text.TimerP_setup)
                  00442118    000000d2     mmw_cli.obj (.text.CLI_MMWaveSigProcChainCfg)
                  004421ea    00000002     --HOLE-- [fill = 0]
                  004421ec    000000d2     datapath_tracker3d.xwrL64xx.m4f.ti-arm-clang.release.lib : dbscan.obj (.text.dbscan)
                  004422be    000000d0     control.xwrL64xx.m4f.ti-arm-clang.release.lib : mmwave_fullcfg.obj (.text.MMWave_addChirp)
                  0044238e    000000ce     board.xwrL64xx.m4f.ti-arm-clang.release.lib : flash_nor_qspi.obj (.text.Flash_norQspiSet4ByteAddrMode)
                  0044245c    000000ce     mmw_cli.obj (.text.MmwDemo_CLIMicroDopplerParamCfg)
                  0044252a    00000002     --HOLE-- [fill = 0]
                  0044252c    000000ce     alg_gtrack3d.xwrL64xx.m4f.ti-arm-clang.release.lib : gtrack_delete.obj (.text.gtrack_delete)
                  004425fa    000000ce     mmwavelink_m4.lib : rl_device.o (.text.rl_mmWaveLinkInit)
                  004426c8    000000cc     datapath_tracker3d.xwrL64xx.m4f.ti-arm-clang.release.lib : dbscan.obj (.text.calculateDistances)
                  00442794    000000cc     libc.a : s_scalbnf.c.obj (.text.scalbnf)
                  00442860    000000ca     mmw_cli.obj (.text.CLI_MMWaveGuiMonSel)
                  0044292a    00000002     --HOLE-- [fill = 0]
                  0044292c    000000ca     drivers.xwrL64xx.m4f.ti-arm-clang.release.lib : edma.obj (.text.EDMA_registerIntr)
                  004429f6    000000ca     alg_gtrack3d.xwrL64xx.m4f.ti-arm-clang.release.lib : gtrack_utilities_3d.obj (.text.gtrack_censor2world)
                  00442ac0    000000ca     dpc.obj (.text.mmwDemo_doaProcConfig)
                  00442b8a    00000006     freertos.xwrL64xx.m4f.ti-arm-clang.release.lib : list.obj (.text.vListInitialiseItem)
                  00442b90    000000c8     mmw_cli.obj (.text.CLI_MMWaveCompRangeBiasAndRxChanPhaseCfg)
                  00442c58    000000c8     mmw_cli.obj (.text.CLI_MmwDemo_AntGeometryCfg)
                  00442d20    000000c8     libc.a : s_cosf.c.obj (.text.cosf)
                  00442de8    000000c6     mmw_cli.obj (.text.CLI_help)
                  00442eae    000000c4     drivers.xwrL64xx.m4f.ti-arm-clang.release.lib : hwa.obj (.text.HWA_enableParamSetInterrupt)
                  00442f72    000000c4     tracker_utils.obj (.text.MmwDemo_CLIPresenceParamCfg)
                  00443036    000000c4     alg_classifier.xwrL64xx.m4f.ti-arm-clang.release.lib : classifier_create.obj (.text.classifier_create)
                  004430fa    00000002     --HOLE-- [fill = 0]
                  004430fc    000000c4     alg_featExtract.xwrL64xx.m4f.ti-arm-clang.release.lib : featExtract_create.obj (.text.featExtract_create)
                  004431c0    000000c4     libc.a : s_round.c.obj (.text.round)
                  00443284    000000c2     mmwavelink_m4.lib : rl_device.o (.text.rl_mmWaveDfpVerGet)
                  00443346    000000bc     mmw_cli.obj (.text.CLI_MMWaveMpdBoundaryBox)
                  00443402    00000002     --HOLE-- [fill = 0]
                  00443404    000000bc     drivers.xwrL64xx.m4f.ti-arm-clang.release.lib : qspi.obj (.text.QSPI_spiConfigWrite)
                  004434c0    000000bc     freertos.xwrL64xx.m4f.ti-arm-clang.release.lib : SysTickTimerP.obj (.text.SysTickTimerP_setup)
                  0044357c    000000ba     mmw_cli.obj (.text.CLI_open)
                  00443636    00000002     --HOLE-- [fill = 0]
                  00443638    000000ba     freertos.xwrL64xx.m4f.ti-arm-clang.release.lib : HwiP_armv7m_handlers_freertos.obj (.text.hwi)
                  004436f2    000000b8     datapath_tracker3d.xwrL64xx.m4f.ti-arm-clang.release.lib : dpedmahwa.obj (.text.DPEDMAHWA_configTwoHotSignature)
                  004437aa    000000b8     board.xwrL64xx.m4f.ti-arm-clang.release.lib : flash_nor_qspi.obj (.text.Flash_norQspiErase)
                  00443862    000000b8                                                 : flash_nor_qspi.obj (.text.Flash_norQspiEraseSector)
                  0044391a    00000002     --HOLE-- [fill = 0]
                  0044391c    000000b4     alg_featExtract.xwrL64xx.m4f.ti-arm-clang.release.lib : featExtract_utilities.obj (.text.featExtract_interpFreq)
                  004439d0    000000b2     power_management.obj (.text.power_LPDSresumehook)
                  00443a82    00000004     libc.a : printf.c.obj (.text._outs)
                  00443a86    00000002     --HOLE-- [fill = 0]
                  00443a88    000000b0     datapath_tracker3d.xwrL64xx.m4f.ti-arm-clang.release.lib : cfarprochwa.obj (.text.CFAR_DET_HWA_ConvertFovToIdx)
                  00443b38    000000b0     drivers.xwrL64xx.m4f.ti-arm-clang.release.lib : hwa.obj (.text.HWA_configRam)
                  00443be8    000000b0     control.xwrL64xx.m4f.ti-arm-clang.release.lib : mmwave_fullcfg.obj (.text.MMWave_getChirpHandle)
                  00443c98    000000b0                                                   : mmwave.obj (.text.MMWave_init)
                  00443d48    000000b0     tracker_utils.obj (.text.MmwDemo_CLIStaticBoundaryBoxCfg)
                  00443df8    000000b0     libclang_rt.builtins.a : udivmoddi4.S.obj (.text)
                  00443ea8    000000ae     ti_dpl_config.obj (.text.TimerP_init)
                  00443f56    00000002     --HOLE-- [fill = 0]
                  00443f58    000000ac     mmw_cli.obj (.text.CLI_readLine)
                  00444004    000000ac     control.xwrL64xx.m4f.ti-arm-clang.release.lib : mmwave_fullcfg.obj (.text.MMWave_addProfile)
                  004440b0    000000ac     libsysbm.a : open.c.obj (.text.open)
                  0044415c    000000aa     alg_gtrack3d.xwrL64xx.m4f.ti-arm-clang.release.lib : gtrack_math.obj (.text.gtrack_matrixCovFilter)
                  00444206    000000a8     freertos.xwrL64xx.m4f.ti-arm-clang.release.lib : tasks.obj (.text.xTaskPriorityInherit)
                  004442ae    00000002     --HOLE-- [fill = 0]
                  004442b0    000000a6     control.xwrL64xx.m4f.ti-arm-clang.release.lib : mmwave_link_common.obj (.text.MMWave_deinitLink)
                  00444356    00000002     --HOLE-- [fill = 0]
                  00444358    000000a6     mmw_cli.obj (.text.MmwDemo_CLISensorWarmReset)
                  004443fe    000000a6     motion_detect.obj (.text.MmwDemo_startSensor)
                  004444a4    000000a6     interrupts.obj (.text.mmwDemoFrameStartISR)
                  0044454a    000000a6     freertos.xwrL64xx.m4f.ti-arm-clang.release.lib : tasks.obj (.text.xTaskRemoveFromEventList)
                  004445f0    000000a4     drivers.xwrL64xx.m4f.ti-arm-clang.release.lib : power_xwrLx4xx.obj (.text.Power_init)
                  00444694    000000a4                                                   : soc_rcm.obj (.text.SOC_rcmStartInitSharedRam)
                  00444738    000000a4     freertos.xwrL64xx.m4f.ti-arm-clang.release.lib : printf.obj (.text._ntoa_long_long)
                  004447dc    000000a4                                                    : printf.obj (.text._out_rev)
                  00444880    000000a4     board.xwrL64xx.m4f.ti-arm-clang.release.lib : ina.obj (.text.currentRead228)
                  00444924    000000a4     alg_gtrack3d.xwrL64xx.m4f.ti-arm-clang.release.lib : gtrack_utilities_3d.obj (.text.gtrack_calcMeasurementLimits)
                  004449c8    000000a4                                                        : gtrack_utilities_3d.obj (.text.gtrack_cart2sph)
                  00444a6c    000000a2     datapath_tracker3d.xwrL64xx.m4f.ti-arm-clang.release.lib : rangeprochwa.obj (.text.DPU_RangeProcHWA_init)
                  00444b0e    000000a2     control.xwrL64xx.m4f.ti-arm-clang.release.lib : mmwave_fullcfg.obj (.text.MMWave_getChirpCfg)
                  00444bb0    000000a2     drivers.xwrL64xx.m4f.ti-arm-clang.release.lib : uart_sci.obj (.text.UART_flushTxFifo)
                  00444c52    000000a0     mmw_cli.obj (.text.CLI_MMWaveMajorMotionStateCfg)
                  00444cf2    000000a0     mmw_cli.obj (.text.CLI_MMWaveMinorMotionStateCfg)
                  00444d92    000000a0     drivers.xwrL64xx.m4f.ti-arm-clang.release.lib : i2c_v0.obj (.text.I2C_close)
                  00444e32    000000a0     tracker_utils.obj (.text.MmwDemo_CLIAllocationParamCfg)
                  00444ed2    00000002     --HOLE-- [fill = 0]
                  00444ed4    000000a0     alg_gtrack3d.xwrL64xx.m4f.ti-arm-clang.release.lib : gtrack_utilities_3d.obj (.text.gtrack_calcDistance)
                  00444f74    000000a0     freertos.xwrL64xx.m4f.ti-arm-clang.release.lib : tasks.obj (.text.prvAddCurrentTaskToDelayedList)
                  00445014    000000a0                                                    : timers.obj (.text.prvSampleTimeNow)
                  004450b4    0000009e     datapath_tracker3d.xwrL64xx.m4f.ti-arm-clang.release.lib : rangeprochwa.obj (.text.DPU_RangeProcHWA_control)
                  00445152    00000002     --HOLE-- [fill = 0]
                  00445154    0000009e     alg_gtrack3d.xwrL64xx.m4f.ti-arm-clang.release.lib : gtrack_math.obj (.text.gtrack_matrixMakeSymmetrical)
                  004451f2    00000002     --HOLE-- [fill = 0]
                  004451f4    0000009c     control.xwrL64xx.m4f.ti-arm-clang.release.lib : mmwave_fullcfg.obj (.text.MMWave_delProfile)
                  00445290    0000009c     libc.a : s_floorf.c.obj (.text.floorf)
                  0044532c    00000004     ti_dpl_config.obj (.text.boot)
                  00445330    00000098     datapath_tracker3d.xwrL64xx.m4f.ti-arm-clang.release.lib : cfarprochwa.obj (.text.CFAR_DET_HWA_ConfigRangeView)
                  004453c8    00000098                                                              : aoasvcproc.obj (.text.DPU_AoasvcProc_init)
                  00445460    00000098     control.xwrL64xx.m4f.ti-arm-clang.release.lib : mmwave.obj (.text.MMWave_factoryCalibConfig)
                  004454f8    00000098     libc.a : _bufread.c.obj (.text.__TI_buff_read)
                  00445590    00000098     dpc.obj (.text.mmwDemo_aoasvcProcConfig)
                  00445628    00000098     dpc.obj (.text.mmwDemo_rangeProcConfig)
                  004456c0    00000098     dpc.obj (.text.mmwDemo_uDopProcConfig)
                  00445758    00000098     libc.a : s_tanf.c.obj (.text.tanf)
                  004457f0    00000096     motion_detect.obj (.text.MmwDemo_stopSensor)
                  00445886    00000096     freertos.xwrL64xx.m4f.ti-arm-clang.release.lib : tasks.obj (.text.vTaskStartScheduler)
                  0044591c    00000004     libc.a : fseek.c.obj (.text.fseek)
                  00445920    00000096     drivers.xwrL64xx.m4f.ti-arm-clang.release.lib : power_xwrLx4xx_asm.obj (.text)
                  004459b6    00000094     mmw_cli.obj (.text.CLI_MMWaveSensorPositionCfg)
                  00445a4a    00000002     --HOLE-- [fill = 0]
                  00445a4c    00000094     datapath_tracker3d.xwrL64xx.m4f.ti-arm-clang.release.lib : doaproc.obj (.text.DPU_DoaProc_init)
                  00445ae0    00000094     control.xwrL64xx.m4f.ti-arm-clang.release.lib : mmwave_link_common.obj (.text.MMWave_LinkInitCommon)
                  00445b74    00000094     drivers.xwrL64xx.m4f.ti-arm-clang.release.lib : uart_sci.obj (.text.UART_init)
                  00445c08    00000094     freertos.xwrL64xx.m4f.ti-arm-clang.release.lib : printf.obj (.text._ntoa_long)
                  00445c9c    00000094     alg_gtrack3d.xwrL64xx.m4f.ti-arm-clang.release.lib : gtrack_utilities_3d.obj (.text.gtrack_calcMeasurementSpread)
                  00445d30    00000094     libc.a : s_sinf.c.obj (.text.sinf)
                  00445dc4    00000094            : e_sqrtf.c.obj (.text.sqrtf)
                  00445e58    00000092     monitors.obj (.text.mmwDemo_LiveMonConfig)
                  00445eea    00000002     --HOLE-- [fill = 0]
                  00445eec    00000092     power_management.obj (.text.power_idle3resumehook)
                  00445f7e    00000090     datapath_tracker3d.xwrL64xx.m4f.ti-arm-clang.release.lib : dpedmahwa.obj (.text.DPEDMAHWA_configOneHotSignature)
                  0044600e    00000090     drivers.xwrL64xx.m4f.ti-arm-clang.release.lib : edma.obj (.text.EDMADisableTransferRegion)
                  0044609e    00000090                                                   : edma.obj (.text.EDMAEnableTransferRegion)
                  0044612e    00000002     --HOLE-- [fill = 0]
                  00446130    00000090     alg_featExtract.xwrL64xx.m4f.ti-arm-clang.release.lib : featExtract_math.obj (.text.featExtract_circularRotateVector)
                  004461c0    00000090     alg_gtrack3d.xwrL64xx.m4f.ti-arm-clang.release.lib : gtrack_math.obj (.text.gtrack_sincosd)
                  00446250    0000008e     mmw_cli.obj (.text.CLI_MMWaveChannelCfg)
                  004462de    0000008e     tracker_utils.obj (.text.MmwDemo_CLIGatingParamCfg)
                  0044636c    0000008e     freertos.xwrL64xx.m4f.ti-arm-clang.release.lib : tasks.obj (.text.prvInitialiseNewTask)
                  004463fa    00000002     --HOLE-- [fill = 0]
                  004463fc    0000008e     drivers.xwrL64xx.m4f.ti-arm-clang.release.lib : power_xwrLx4xx.obj (.text.restoreNVICRegs)
                  0044648a    0000008e     freertos.xwrL64xx.m4f.ti-arm-clang.release.lib : HeapP_internal.obj (.text.vHeapFree)
                  00446518    0000008c     datapath_tracker3d.xwrL64xx.m4f.ti-arm-clang.release.lib : cfarprochwa.obj (.text.CFARHWA_convHwaCfarDetListToDetMask)
                  004465a4    0000008c     alg_gtrack3d.xwrL64xx.m4f.ti-arm-clang.release.lib : gtrack_math.obj (.text.gtrack_matrixMultiply)
                  00446630    0000008a     datapath_tracker3d.xwrL64xx.m4f.ti-arm-clang.release.lib : cfarprochwa.obj (.text.CFAR_DET_HWA_saveConfiguration)
                  004466ba    0000008a     power_management.obj (.text.power_Idleresumehook)
                  00446744    00000088     datapath_tracker3d.xwrL64xx.m4f.ti-arm-clang.release.lib : udopproc.obj (.text.DPU_uDopProc_init)
                  004467cc    00000088     libc.a : fputc.c.obj (.text.fputc)
                  00446854    00000088     motion_detect.obj (.text.mmwDemo_mmWaveInit)
                  004468dc    00000086     datapath_tracker3d.xwrL64xx.m4f.ti-arm-clang.release.lib : cfarprochwa.obj (.text.CFAR_DET_HWA_triggerCFAR)
                  00446962    00000086     drivers.xwrL64xx.m4f.ti-arm-clang.release.lib : uart_sci_edma.obj (.text.UART_txEdmaIsrFxn)
                  004469e8    00000086     alg_gtrack3d.xwrL64xx.m4f.ti-arm-clang.release.lib : gtrack_utilities_3d.obj (.text.gtrack_computeMahalanobisPartial)
                  00446a6e    00000002     --HOLE-- [fill = 0]
                  00446a70    00000086     drivers.xwrL64xx.m4f.ti-arm-clang.release.lib : power_xwrLx4xx.obj (.text.saveNVICRegs)
                  00446af6    00000084     alg_gtrack3d.xwrL64xx.m4f.ti-arm-clang.release.lib : gtrack_utilities_3d.obj (.text.gtrack_isPointBehindTarget)
                  00446b7a    00000084     board.xwrL64xx.m4f.ti-arm-clang.release.lib : ina.obj (.text.i2cReadAddress)
                  00446bfe    00000084     freertos.xwrL64xx.m4f.ti-arm-clang.release.lib : queue.obj (.text.xQueueReceiveFromISR)
                  00446c82    00000002     --HOLE-- [fill = 0]
                  00446c84    00000082     drivers.xwrL64xx.m4f.ti-arm-clang.release.lib : qspi.obj (.text.QSPI_init)
                  00446d06    00000082     freertos.xwrL64xx.m4f.ti-arm-clang.release.lib : tasks.obj (.text.vTaskSwitchContext)
                  00446d88    00000080     drivers.xwrL64xx.m4f.ti-arm-clang.release.lib : uart_sci_edma.obj (.text.UART_rxEdmaIsrFxn)
                  00446e08    00000080     motion_detect.obj (.text.mmwDemo_freeDmaChannels)
                  00446e88    0000007e     alg_gtrack3d.xwrL64xx.m4f.ti-arm-clang.release.lib : gtrack_module.obj (.text.gtrack_moduleUpdate)
                  00446f06    0000007e     libc.a : s_roundf.c.obj (.text.roundf)
                  00446f84    0000007c     mmw_cli.obj (.text.CLI_MMWaveAdcDataSourceCfg)
                  00447000    0000007c     board.xwrL64xx.m4f.ti-arm-clang.release.lib : flash_nor_qspi.obj (.text.Flash_norQspiWaitReady)
                  0044707c    0000007a     datapath_tracker3d.xwrL64xx.m4f.ti-arm-clang.release.lib : cfarprochwa.obj (.text.DPU_CFARProcHWA_init)
                  004470f6    0000007a     freertos.xwrL64xx.m4f.ti-arm-clang.release.lib : timers.obj (.text.prvCheckForValidListAndQueue)
                  00447170    0000007a                                                    : queue.obj (.text.prvCopyDataToQueue)
                  004471ea    00000078     datapath_tracker3d.xwrL64xx.m4f.ti-arm-clang.release.lib : dpedma.obj (.text.DPEDMA_setup_shadow_link)
                  00447262    00000002     --HOLE-- [fill = 0]
                  00447264    00000078     drivers.xwrL64xx.m4f.ti-arm-clang.release.lib : hwa.obj (.text.HWA_paramDoneISR)
                  004472dc    00000078     libc.a : sscanf.c.obj (.text._chkmbc)
                  00447354    00000078     alg_gtrack3d.xwrL64xx.m4f.ti-arm-clang.release.lib : gtrack_math.obj (.text.gtrack_matrixTransposeMultiply)
                  004473cc    00000078     power_management.obj (.text.power_idle3entryhook)
                  00447444    00000078     alg_classifier.xwrL64xx.m4f.ti-arm-clang.release.lib : classifier_layers.obj (.text.softmax_func_approx)
                  004474bc    00000078     freertos.xwrL64xx.m4f.ti-arm-clang.release.lib : tasks.obj (.text.vTaskPriorityDisinheritAfterTimeout)
                  00447534    00000076     mmw_cli.obj (.text.CLI_MMWaveExtensionHandler)
                  004475aa    00000002     --HOLE-- [fill = 0]
                  004475ac    00000076     drivers.xwrL64xx.m4f.ti-arm-clang.release.lib : hwa.obj (.text.HWA_getDMAChanIndex)
                  00447622    00000076     control.xwrL64xx.m4f.ti-arm-clang.release.lib : mmwave_fullcfg.obj (.text.MMWave_getProfileCfg)
                  00447698    00000076                                                   : mmwave_fullcfg.obj (.text.MMWave_getProfileHandle)
                  0044770e    00000076                                                   : mmwave.obj (.text.MMWave_open)
                  00447784    00000076     freertos.xwrL64xx.m4f.ti-arm-clang.release.lib : DebugP_freertos.obj (.text._DebugP_logZone)
                  004477fa    00000076     board.xwrL64xx.m4f.ti-arm-clang.release.lib : ina.obj (.text.i2cWriteAddress)
                  00447870    00000074     ti_drivers_open_close.obj (.text.Drivers_edmaOpen)
                  004478e4    00000074     drivers.xwrL64xx.m4f.ti-arm-clang.release.lib : hwa.obj (.text.HWA_disableParamSetInterrupt)
                  00447958    00000074     libc.a : fclose.c.obj (.text.__TI_closefile)
                  004479cc    00000074     alg_gtrack3d.xwrL64xx.m4f.ti-arm-clang.release.lib : gtrack_listlib.obj (.text.gtrack_listRemoveElement)
                  00447a40    00000074                                                        : gtrack_math.obj (.text.gtrack_matrixCovNormalize)
                  00447ab4    00000074     mmwavelink_m4.lib : rl_device.o (.text.rl_fecssDevPwrOn)
                  00447b28    00000072     mmw_cli.obj (.text.CLI_MMWaveAoaCfg)
                  00447b9a    00000072     drivers.xwrL64xx.m4f.ti-arm-clang.release.lib : edma.obj (.text.EDMA_close)
                  00447c0c    00000072     control.xwrL64xx.m4f.ti-arm-clang.release.lib : mmwave.obj (.text.MMWave_getTemperatureReport)
                  00447c7e    00000072     drivers.xwrL64xx.m4f.ti-arm-clang.release.lib : power_xwrLx4xx.obj (.text.Power_configureWakeup)
                  00447cf0    00000072     alg_gtrack3d.xwrL64xx.m4f.ti-arm-clang.release.lib : gtrack_math.obj (.text.gtrack_matrixCovAcc)
                  00447d62    00000002     --HOLE-- [fill = 0]
                  00447d64    00000072     freertos.xwrL64xx.m4f.ti-arm-clang.release.lib : queue.obj (.text.prvUnlockQueue)
                  00447dd6    00000072                                                    : tasks.obj (.text.xTaskPriorityDisinherit)
                  00447e48    00000070     drivers.xwrL64xx.m4f.ti-arm-clang.release.lib : edma.obj (.text.EDMAConfigureChannelRegion)
                  00447eb8    00000070     freertos.xwrL64xx.m4f.ti-arm-clang.release.lib : SemaphoreP_freertos.obj (.text.SemaphoreP_constructBinary)
                  00447f28    0000006e     datapath_tracker3d.xwrL64xx.m4f.ti-arm-clang.release.lib : dpedma.obj (.text.DPEDMA_startTransfer)
                  00447f96    0000006e     drivers.xwrL64xx.m4f.ti-arm-clang.release.lib : hwa.obj (.text.HWA_getDMAconfig)
                  00448004    0000006e     tracker_utils.obj (.text.MmwDemoCLIMaxAccelerationParamCfg)
                  00448072    0000006e     mmw_cli.obj (.text.MmwDemo_CLIMeasureRangeBiasAndRxChanPhaseCfg)
                  004480e0    0000006e     libclang_rt.builtins.a : comparedf2.c.obj (.text.__gedf2)
                  0044814e    00000002     --HOLE-- [fill = 0]
                  00448150    0000006e                            : comparedf2.c.obj (.text.__ledf2)
                  004481be    00000002     --HOLE-- [fill = 0]
                  004481c0    0000006e                            : truncdfsf2.S.obj (.text.__truncdfsf2)
                  0044822e    00000002     --HOLE-- [fill = 0]
                  00448230    0000006c     ti_drivers_open_close.obj (.text.Drivers_close)
                  0044829c    0000006c     tracker_utils.obj (.text.MmwDemo_CLIStateParamCfg)
                  00448308    0000006c     mmwave_control_config.obj (.text.Mmwave_populateDefaultOpenCfg)
                  00448374    0000006c     drivers.xwrL64xx.m4f.ti-arm-clang.release.lib : qspi_edma.obj (.text.QSPI_edmaChannelFree)
                  004483e0    0000006c     libc.a : _printfi.c.obj (.text._mcpy)
                  0044844c    0000006c     alg_gtrack3d.xwrL64xx.m4f.ti-arm-clang.release.lib : gtrack_utilities_3d.obj (.text.gtrack_sph2cart)
                  004484b8    0000006c                                                        : gtrack_unit_report.obj (.text.gtrack_unitReport)
                  00448524    0000006c     libc.a : memory.c.obj (.text.split)
                  00448590    0000006c     freertos.xwrL64xx.m4f.ti-arm-clang.release.lib : port.obj (.text.xPortStartScheduler)
                  004485fc    0000006a                                                    : AddrTranslateP.obj (.text.AddrTranslateP_getLocalAddr)
                  00448666    0000006a                                                    : queue.obj (.text.xQueueGenericReset)
                  004486d0    0000006a                                                    : queue.obj (.text.xQueueGenericSendFromISR)
                  0044873a    00000068     ti_board_open_close.obj (.text.Board_flashOpen)
                  004487a2    00000002     --HOLE-- [fill = 0]
                  004487a4    00000068     mmw_demo_utils.obj (.text.MmwDemo_FillTrackerSensorPositionCfg)
                  0044880c    00000068     drivers.xwrL64xx.m4f.ti-arm-clang.release.lib : uart_sci.obj (.text.UART_readCancelNoCB)
                  00448874    00000068                                                   : uart_sci.obj (.text.UART_writeCancelNoCB)
                  004488dc    00000068     alg_classifier.xwrL64xx.m4f.ti-arm-clang.release.lib : classifier_layers.obj (.text.dense_op)
                  00448944    00000068     datapath_tracker3d.xwrL64xx.m4f.ti-arm-clang.release.lib : dbscan.obj (.text.findNeighbours)
                  004489ac    00000004     alg_gtrack3d.xwrL64xx.m4f.ti-arm-clang.release.lib : gtrack_listlib.obj (.text.gtrack_listGetFirst)
                  004489b0    00000068     libc.a : s_frexp.c.obj (.text.frexp)
                  00448a18    00000068            : fseek.c.obj (.text.fseeko)
                  00448a80    00000068            : getdevice.c.obj (.text.getdevice)
                  00448ae8    00000068     alg_gtrack3d.xwrL64xx.m4f.ti-arm-clang.release.lib : gtrack_utilities_3d.obj (.text.gtrack_isPointInsideBox)
                  00448b50    00000066     freertos.xwrL64xx.m4f.ti-arm-clang.release.lib : SemaphoreP_freertos.obj (.text.SemaphoreP_pend)
                  00448bb6    00000066                                                    : SemaphoreP_freertos.obj (.text.SemaphoreP_post)
                  00448c1c    00000066     dpc.obj (.text.mpdProc_dpuInit)
                  00448c82    00000064     drivers.xwrL64xx.m4f.ti-arm-clang.release.lib : edma.obj (.text.EDMAFreeChannelRegion)
                  00448ce6    00000002     --HOLE-- [fill = 0]
                  00448ce8    00000064     libsysbm.a : hostrename.c.obj (.text.HOSTrename)
                  00448d4c    00000064     drivers.xwrL64xx.m4f.ti-arm-clang.release.lib : hwa.obj (.text.HWA_enable)
                  00448db0    00000064                                                   : hwa.obj (.text.HWA_getDriverAccess)
                  00448e14    00000064                                                   : soc_rcm.obj (.text.SOC_rcmWaitMemInitSharedRam)
                  00448e78    00000008                                                   : edma.obj (.text.EDMA_allocDmaChannel)
                  00448e80    00000064     freertos.xwrL64xx.m4f.ti-arm-clang.release.lib : port.obj (.text.xPortPendSVHandler)
                  00448ee4    00000064                                                    : timers.obj (.text.xTimerCreateTimerTask)
                  00448f48    00000062     datapath_tracker3d.xwrL64xx.m4f.ti-arm-clang.release.lib : rangeprochwa.obj (.text.DPU_RangeProcHWA_process)
                  00448faa    00000002     --HOLE-- [fill = 0]
                  00448fac    00000062     libclang_rt.builtins.a : aeabi_dcmp.S.obj (.text.__aeabi_dcmp)
                  0044900e    00000062     dpc.obj (.text.aoasvcProc_dpuInit)
                  00449070    00000062     dpc.obj (.text.cfarProc_dpuInit)
                  004490d2    00000062     dpc.obj (.text.doaProc_dpuInit)
                  00449134    00000062     alg_gtrack3d.xwrL64xx.m4f.ti-arm-clang.release.lib : gtrack_module.obj (.text.gtrack_modulePredict)
                  00449196    00000062     dpc.obj (.text.rangeProc_dpuInit)
                  004491f8    00000062     dpc.obj (.text.udopProc_dpuInit)
                  0044925a    00000060     mmw_cli.obj (.text.CLI_MMWaveSensorStop)
                  004492ba    00000060     board.xwrL64xx.m4f.ti-arm-clang.release.lib : flash.obj (.text.Flash_offsetToBlkPage)
                  0044931a    00000060     libc.a : _io_perm.c.obj (.text.__TI_wrt_ok)
                  0044937a    00000002     --HOLE-- [fill = 0]
                  0044937c    00000060     libsysbm.a : close.c.obj (.text.close)
                  004493dc    00000060     alg_classifier.xwrL64xx.m4f.ti-arm-clang.release.lib : classifier_layers.obj (.text.gav1d)
                  0044943c    00000060     libc.a : printf.c.obj (.text.printf)
                  0044949c    0000005e     drivers.xwrL64xx.m4f.ti-arm-clang.release.lib : hwa.obj (.text.HWA_readCFARPeakCountReg)
                  004494fa    0000005e     control.xwrL64xx.m4f.ti-arm-clang.release.lib : mmwave_fullcfg.obj (.text.MMWave_getNumChirps)
                  00449558    0000005e     freertos.xwrL64xx.m4f.ti-arm-clang.release.lib : DebugP_log.obj (.text._DebugP_assert)
                  004495b6    0000005e     alg_gtrack3d.xwrL64xx.m4f.ti-arm-clang.release.lib : gtrack_utilities.obj (.text.gtrack_unrollRadialVelocity)
                  00449614    0000005e     dpc.obj (.text.mmwDemo_cfarProcConfig)
                  00449672    0000005e     dpc.obj (.text.mmwDemo_mpdProcConfig)
                  004496d0    0000005c     control.xwrL64xx.m4f.ti-arm-clang.release.lib : mmwave_fullcfg.obj (.text.MMWave_getNumProfiles)
                  0044972c    0000005c     libclang_rt.builtins.a : fixunsdfdi.S.obj (.text.__fixunsdfdi)
                  00449788    0000005c     freertos.xwrL64xx.m4f.ti-arm-clang.release.lib : tasks.obj (.text.xTaskCheckForTimeOut)
                  004497e4    0000005a     main.obj (.text.main)
                  0044983e    0000005a     dpc.obj (.text.mmwDemo_trackerConfig)
                  00449898    00000058     libsysbm.a : hostlseek.c.obj (.text.HOSTlseek)
                  004498f0    00000058                : hostopen.c.obj (.text.HOSTopen)
                  00449948    00000058     drivers.xwrL64xx.m4f.ti-arm-clang.release.lib : hwa.obj (.text.HWA_getHWAMemInfo)
                  004499a0    00000058     freertos.xwrL64xx.m4f.ti-arm-clang.release.lib : SemaphoreP_freertos.obj (.text.SemaphoreP_constructCounting)
                  004499f8    00000058                                                    : queue.obj (.text.xQueueGiveFromISR)
                  00449a50    00000056     drivers.xwrL64xx.m4f.ti-arm-clang.release.lib : i2c_v0.obj (.text.I2C_completeCurrTransfer)
                  00449aa6    00000056     libc.a : _ltoa.c.obj (.text.__TI_ltoa)
                  00449afc    00000056     mmw_flash_cal.obj (.text.mmwDemo_flashWrite)
                  00449b52    00000054     mmw_cli.obj (.text.CLI_MMWaveClusterParamCfg)
                  00449ba6    00000002     --HOLE-- [fill = 0]
                  00449ba8    00000054     libsysbm.a : hostread.c.obj (.text.HOSTread)
                  00449bfc    00000054                : hostwrite.c.obj (.text.HOSTwrite)
                  00449c50    00000054     drivers.xwrL64xx.m4f.ti-arm-clang.release.lib : qspi.obj (.text.QSPI_close)
                  00449ca4    00000054     libc.a : _printfi.c.obj (.text._pconv_f)
                  00449cf8    00000054     alg_featExtract.xwrL64xx.m4f.ti-arm-clang.release.lib : featExtract_utilities.obj (.text.featExtract_specShiftAroundFreq)
                  00449d4c    00000054     dpc.obj (.text.trackerProc_dpuInit)
                  00449da0    00000052     mmw_cli.obj (.text.CLI_MMWaveRangeSelCfg)
                  00449df2    00000002     --HOLE-- [fill = 0]
                  00449df4    00000052     alg_gtrack3d.xwrL64xx.m4f.ti-arm-clang.release.lib : gtrack_module.obj (.text.gtrack_moduleReport)
                  00449e46    00000002     --HOLE-- [fill = 0]
                  00449e48    00000052     freertos.xwrL64xx.m4f.ti-arm-clang.release.lib : HeapP_internal.obj (.text.vHeapGetHeapStats)
                  00449e9a    00000052                                                    : timers.obj (.text.xTimerGenericCommand)
                  00449eec    00000050     drivers.xwrL64xx.m4f.ti-arm-clang.release.lib : hwa.obj (.text.HWA_reset)
                  00449f3c    00000050     control.xwrL64xx.m4f.ti-arm-clang.release.lib : mmwave.obj (.text.MMWave_start)
                  00449f8c    00000050     drivers.xwrL64xx.m4f.ti-arm-clang.release.lib : soc.obj (.text.SOC_virtToPhy)
                  00449fdc    00000050     freertos.xwrL64xx.m4f.ti-arm-clang.release.lib : SemaphoreP_freertos.obj (.text.SemaphoreP_constructMutex)
                  0044a02c    00000050     libc.a : fflush.c.obj (.text.__TI_doflush)
                  0044a07c    00000050     datapath_tracker3d.xwrL64xx.m4f.ti-arm-clang.release.lib : doaproc.obj (.text.doaProc_setInputEdma)
                  0044a0cc    0000004e                                                              : doaproc.obj (.text.DPU_DoaProc_process)
                  0044a11a    0000004e     ti_drivers_open_close.obj (.text.Drivers_uartOpen)
                  0044a168    0000004e     motion_detect.obj (.text.MmwDemo_openSensor)
                  0044a1b6    0000004e     libc.a : _printfi.c.obj (.text._ecpy)
                  0044a204    0000004c     mmw_cli.obj (.text.CLI_write)
                  0044a250    0000004c     freertos.xwrL64xx.m4f.ti-arm-clang.release.lib : ClockP_freertos.obj (.text.ClockP_getTimeUsec)
                  0044a29c    0000004c     ti_drivers_open_close.obj (.text.Drivers_i2cOpen)
                  0044a2e8    0000004c     ti_drivers_open_close.obj (.text.Drivers_qspiOpen)
                  0044a334    0000004c     mmw_cli.obj (.text.MmwDemo_CLIClassifierParamCfg)
                  0044a380    0000004c     motion_detect.obj (.text.MmwDemo_configSensor)
                  0044a3cc    0000004c     alg_featExtract.xwrL64xx.m4f.ti-arm-clang.release.lib : featExtract_math.obj (.text.featExtract_vectorEntropy)
                  0044a418    0000004a     mmw_cli.obj (.text.CLI_MMWaveprofileSwitchCfg)
                  0044a462    0000004a     drivers.xwrL64xx.m4f.ti-arm-clang.release.lib : edma.obj (.text.EDMADisableChInShadowRegRegion)
                  0044a4ac    0000004a     control.xwrL64xx.m4f.ti-arm-clang.release.lib : mmwave.obj (.text.MMWave_deinit)
                  0044a4f6    00000002     --HOLE-- [fill = 0]
                  0044a4f8    0000004a     drivers.xwrL64xx.m4f.ti-arm-clang.release.lib : prcm.obj (.text.PRCMLPDSEnter)
                  0044a542    0000004a                                                   : prcm.obj (.text.PRCMSetSRAMRetention)
                  0044a58c    0000004a                                                   : prcm.obj (.text.PRCMSleepEnter)
                  0044a5d6    0000004a     ti_drivers_config.obj (.text.System_init)
                  0044a620    0000004a     libc.a : _io_perm.c.obj (.text.__TI_rd_ok)
                  0044a66a    00000002     --HOLE-- [fill = 0]
                  0044a66c    0000004a     alg_gtrack3d.xwrL64xx.m4f.ti-arm-clang.release.lib : gtrack_module.obj (.text.gtrack_moduleAssociate)
                  0044a6b6    00000048     datapath_tracker3d.xwrL64xx.m4f.ti-arm-clang.release.lib : cfarprochwa.obj (.text.CFAR_DET_HWA_prepareHwaRunTime)
                  0044a6fe    00000048                                                              : cfarprochwa.obj (.text.CFAR_DET_HWA_prepareHwaRunTimeScndPass)
                  0044a746    00000048     mmw_cli.obj (.text.CLI_MMWaveSteerVecCorrCfg)
                  0044a78e    00000048     drivers.xwrL64xx.m4f.ti-arm-clang.release.lib : hwa.obj (.text.HWA_setSoftwareTrigger)
                  0044a7d6    00000002     --HOLE-- [fill = 0]
                  0044a7d8    00000048                                                   : prcm.obj (.text.PRCMLPDSRestoreInfoSet)
                  0044a820    00000048     ti_board_config.obj (.text.SensorConfig)
                  0044a868    00000048     libclang_rt.builtins.a : fixdfsi.S.obj (.text.__fixdfsi)
                  0044a8b0    00000048     alg_gtrack3d.xwrL64xx.m4f.ti-arm-clang.release.lib : gtrack_utilities_3d.obj (.text.gtrack_calcDim)
                  0044a8f8    00000048                                                        : gtrack_utilities_3d.obj (.text.gtrack_isInsideBoresightStaticZone)
                  0044a940    00000048     datapath_tracker3d.xwrL64xx.m4f.ti-arm-clang.release.lib : rangeprochwa.obj (.text.rangeProcHWA_EDMA_transferCompletionCallbackFxn)
                  0044a988    00000048     mmwavelink_m4.lib : rl_device.o (.text.rl_fecssRfFactoryCal)
                  0044a9d0    00000048                       : rl_device.o (.text.rl_fecssRfRuntimeCal)
                  0044aa18    00000048                       : rl_device.o (.text.rl_fecssRlRuntimeTxClpcCal)
                  0044aa60    00000048     freertos.xwrL64xx.m4f.ti-arm-clang.release.lib : boot_armv7m.obj (.text:_c_int00)
                  0044aaa8    00000046     drivers.xwrL64xx.m4f.ti-arm-clang.release.lib : edma.obj (.text.EDMA_getBaseAddr)
[...]
0044bb8b  Flash_open                                     
0044bbc1  Pinmux_config                                  
0044bbf9  __aeabi_ul2f                                   
0044bbf9  __floatundisf                                  
0044bc31  gtrack_matrixSetDiag                           
0044bc67  SOC_enableMDLLClock                            
0044bc9d  __TI_cleanup                                   
0044bcd1  __TI_writemsg                                  
0044bcfb  C$$IO$$                                        
0044bd39  vQueueDelete                                   
0044bd6d  DPC_ObjDet_MemPoolAlloc                        
0044bd9f  DPEDMA_setCcnt                                 
0044bdd1  EDMA_getHandle                                 
0044be03  MMWave_close                                   
0044be35  MMWave_stopLink                                
0044be69  Module_clockEnable                             
0044be9b  Power_getThresholds                            
0044beff  xQueueCreateMutexStatic                        
0044bf31  Drivers_edmaClose                              
0044bf61  HWA_disableDoneInterrupt                       
0044bf91  SOC_rcmWaitMemInitTpcc                         
0044bfc1  __TI_readmsg                                   
0044bff1  __aeabi_dcmpun                                 
0044bff1  __unorddf2                                     
0044c051  exit                                           
0044c081  featExtract_linearInterpolate                  
0044c0b1  fopen                                          
0044c0e1  gtrack_matrixAdd                               
0044c111  gtrack_matrixSub                               
0044c171  sscanf                                         
0044c1fd  ClockP_timerTickIsr                            
0044c22b  DPEDMA_linkParamSets                           
0044c259  EDMAEnableChInShadowRegRegion                  
0044c287  QSPI_getHandle                                 
0044c2b5  __aeabi_i2d                                    
0044c2b5  __floatsidf                                    
0044c2e5  featExtract_cumulativeWeightedSum              
0044c313  DPU_MpdProc_config                             
0044c36d  SOC_rcmSetM4ClockSrc                           
0044c399  __aeabi_ul2d                                   
0044c399  __floatundidf                                  
0044c3c5  fclose                                         
0044c3f1  finddevice                                     
0044c41d  lseek                                          
0044c449  read                                           
0044c475  rl_mmWaveLinkDeInit                            
0044c4a1  unlink                                         
0044c4cd  write                                          
0044c4f9  gtrack_alloc                                   
0044c523  mmwDemo_flashInit                              
0044c54d  vPortSuppressTicksAndSleep                     
0044c577  vTaskPlaceOnEventListRestricted                
0044c5a1  xQueueGiveMutexRecursive                       
0044c5cb  featExtract_delete                             
0044c61d  pxPortInitialiseStack                          
0044c645  vQueueAddToRegistry                            
0044c66d  xQueueTakeMutexRecursive                       
0044c695  ClockP_sleep                                   
0044c6e1  MMWave_listAdd                                 
0044c707  MMWave_osalSemCreate                           
0044c72d  gtrack_free                                    
0044c753  DPEDMA_setDestinationAddress                   
0044c777  DPEDMA_setSourceAddress                        
0044c79b  EDMALinkChannel                                
0044c7bf  EDMAReadIntrStatusRegion                       
0044c7e3  MMWave_osalMutexCreate                         
0044c807  SOC_rcmStartMemInitTpcc                        
0044c82b  aoasvcProc_setOutputEdmaCcnt                   
0044c851  puts                                           
0044c875  uxListRemove                                   
0044c899  EDMA_allocParam                                
0044c8a1  vPortSVCHandler                                
0044c8c5  vprintf_                                       
0044c8e9  xQueueCreateCountingSemaphoreStatic            
0044c90d  xQueueGenericCreateStatic                      
0044c931  xTaskGetSchedulerState                         
0044c955  Dpl_init                                       
0044c977  Drivers_open                                   
0044c999  GPIO_setDirMode                                
0044c9bb  SOC_controlModuleUnlockMMR                     
0044c9dd  gtrack_listEnqueue                             
0044ca23  strspn                                         
0044ca45  DebugP_logZoneEnable                           
0044ca65  PRCMPeripheralClkEnable                        
0044ca85  PRCMSetPSCONDFTRTAOverride                     
0044caa5  __aeabi_ui2d                                   
0044caa5  __floatunsidf                                  
0044cac5  featExtract_vectorSum                          
0044cae5  gtrack_listDequeue                             
0044cb05  mmwDemo_dpcTask                                
0044cb45  strcspn                                        
0044cb65  vPortEnterCritical                             
0044cb85  vTaskPlaceOnEventList                          
0044cba5  EDMAClrIntrRegion                              
0044cbc3  Flash_read                                     
0044cbe1  Flash_write                                    
0044cbff  MMWaveMon_TxnSynthFreqCfg                      
0044cc1d  SOC_memoryInit                                 
0044cc3b  TimerP_Params_init                             
0044cc59  TimerP_isr0                                    
0044cc79  _DebugP_assertNoLog                            
0044cc99  gtrack_vectorScalarMulAcc                      
0044ccb7  memccpy                                        
0044ccd5  DPU_MpdProc_init                               
0044ccf1  HeapP_alloc                                    
0044cd0d  I2C_Transaction_init                           
0044cd29  MMWave_decodeError                             
0044cd45  MMWave_listCat                                 
0044cd7d  Power_idleWicIsr                               
0044cd99  SOC_triggerWarmReset                           
0044cdd1  vApplicationGetIdleTaskMemory                  
0044cded  vApplicationGetTimerTaskMemory                 
0044ce09  vListInsertEnd                                 
0044ce25  HeapP_getHeapStats                             
0044ce3f  SysTickTimerP_Params_init                      
0044ce59  UART_deinit                                    
0044ce75  gtrack_vectorAdd                               
0044ce91  gtrack_vectorSub                               
0044cead  mmwreinitTask                                  
0044cee1  stack_init                                     
0044cefb  vPortExitCritical                              
0044cf15  vPortFree                                      
0044cf2f  vTaskInternalSetTimeOutState                   
0044cf49  Board_driversClose                             
0044cf61  DPU_TrackerProc_init                           
0044cf79  Drivers_uartClose                              
0044cf91  EDMADmaGetPaRAMEntry                           
0044cfc1  MMWave_listRemove                              
0044cfd9  PRCMLPDSWakeUpGPIOSelect                       
0044cff1  PRCMLPDSWakeUpSYNCIOSelect                     
0044d009  QSPI_readCmdParams_init                        
0044d021  QSPI_writeCmdParams_init                       
0044d039  TaskP_yield                                    
0044d081  pvTaskIncrementMutexHeldCount                  
0044d099  EDMADmaSetPaRAMEntry                           
0044d0af  HwiP_inISR                                     
0044d0c5  MMWaveMon_RxSatLiveCfg                         
0044d0db  MMWave_encodeError                             
0044d0f1  Power_idleFunc                                 
0044d107  QSPI_transaction_init                          
0044d11d  SOC_getEfusePgVersion                          
0044d133  SOC_isDeviceAOP                                
0044d149  SOC_rcmReadSynthTrimValid                      
0044d161  featExtract_vectorScalarMul                    
0044d179  gtrack_matrixGetDiag                           
0044d191  gtrack_matrixInit                              
0044d1a9  gtrack_vectorScalarMul                         
0044d1bf  mathUtils_ceilLog2                             
0044d1d5  vListInitialise                                
0044d1eb  CPUcpsid                                       
0044d1ff  CPUcpsie                                       
0044d213  ClockP_usecToTicks                             
0044d227  EDMA_getRegionId                               
0044d23b  GPIO_pinWriteHigh                              
0044d24f  GPIO_pinWriteLow                               
0044d277  Power_disablePolicy                            
0044d28b  SOC_controlModuleLockMMR                       
0044d2a1  __aeabi_uldivmod                               
0044d2f1  Flash_eraseBlk                                 
0044d305  PRCMMCUInit                                    
0044d317  SOC_clocksEnable                               
0044d329  SysTickTimerP_start                            
0044d33b  SysTickTimerP_stop                             
0044d34d  classifier_free                                
0044d35f  classifier_malloc                              
0044d371  featExtract_free                               
0044d383  featExtract_malloc                             
0044d395  freertos_main                                  
0044d3a9  mathUtils_pow2roundup                          
0044d3cd  TI_memcpy_small                                
0044d3df  DPEDMA_local2Global                            
0044d45f  PRCMLPDSIntervalSet                            
0044d46f  PRCMLPDSWakeUpSPISelect                        
0044d47f  PRCMLPDSWakeUpUartRxSelect                     
0044d48f  PRCMLPDSWakeupSourceDisable                    
0044d49f  Power_enablePolicy                             
0044d4af  QSPI_setAddressByteCount                       
0044d4bf  QSPI_setDummyBitCount                          
0044d4cf  QSPI_setReadCmd                                
0044d4df  QSPI_setRxLines                                
0044d4ef  QSPI_setWriteCmd                               
0044d4ff  _MmwDemo_debugAssert                           
0044d50f  gtrack_unitGetC                                
0044d51f  gtrack_unitGetSpread                           
0044d52f  lroundf                                        
0044d53f  vTaskStepTick                                  
0044d54f  vTaskSuspendAll                                
0044d55f  wcslen                                         
0044d56f  EDMACCPaRAMEntry_init                          
0044d57d  Flash_close                                    
0044d5df  PRCMIsRdrStateIdle                             
0044d5ed  PRCMLPDSWakeupSourceEnable                     
0044d5fb  Pinmux_init                                    
0044d609  PowerClock_init                                
0044d625  SysTickTimerP_getCount                         
0044d633  SysTickTimerP_getReloadCount                   
0044d641  gtrack_unitGetMCenter                          
0044d651  gtrack_vectorInit                              
0044d689  vTaskMissedYield                               
0044d697  TI_memset_small                                
0044d7a1  PRCMSlowClkCtrGet                              
0044d7ad  Power_getConstraintMask                        
0044d7b9  Power_getLowPowModeTaken                       
0044d7c5  Power_setLowPowModeTaken                       
0044d7d1  SOC_moduleClockEnable                          
0044d7e9  putchar                                        
0044d801  xTaskGetCurrentTaskHandle                      
0044d80d  xTaskGetTickCount                              
0044d823  Cycleprofiler_getTimeStamp                     
0044d841  MMWave_osalMutexDelete                         
0044d84b  MMWave_osalMutexLock                           
0044d855  MMWave_osalMutexUnlock                         
0044d85f  MMWave_osalSemDelete                           
0044d869  MMWave_osalSemSignal                           
0044d873  MMWave_osalSemWait                             
0044d887  Mmwave_populateDefaultCalibrationCfg           
0044d8c3  TimerP_start                                   
0044d8cd  TimerP_stop                                    
0044d8d9  __aeabi_memset                                 
0044d8d9  __aeabi_memset4                                
0044d8d9  __aeabi_memset8                                
0044d90b  gtrack_listInit                                
0044d915  mathUtils_floorLog2                            
0044d91f  EDMA_allocTcc                                  
0044d927  EDMA_freeDmaChannel                            
0044d92f  EDMA_freeParam                                 
0044d937  EDMA_freeTcc                                   
0044d9ef  TimerP_clearOverflowInt                        
0044d9f9  __aeabi_errno_addr                             
0044da01  __aeabi_memclr                                 
0044da01  __aeabi_memclr4                                
0044da01  __aeabi_memclr8                                
0044da11  gtrack_unitDelete                              
0044da19  malloc                                         
0044da21  gtrack_listGetNext                             
0044da25  putchar_                                       
0044da29  remove                                         
0044da2c  C$$EXIT                                        
0044da2d  abort                                          
0044da30  SteeringVectors                                
00457780  __aeabi_ctype_table_                           
00457780  __aeabi_ctype_table_C                          
00457d20  defaultSceneryParams                           
00458000  gDpcTaskStack                                  
0045c000  __stack                                        
0045e000  __STACK_END                                    
0045e000  _sys_memory                                    
004601a0  Power_config                                   
00462490  I2C_defaultTransaction                         
004624b4  pInit                                          
0046303c  defaultAllocationParams                        
00463434  defaultGatingParams                            
00463ba0  defaultStateParams                             
00463c54  ValidDigSampRates                              
00463e68  uxTopUsedPriority                              
00465680  gMmwMssMCB                                     
004665c0  azimBinCorrArrayQ4                             
004669c0  elevBinCorrArrayQ4                             
004671c0  _ftable                                        
004672b0  appPresenceParamTable                          
004673a0  Power_module                                   
00467468  parkInfo                                       
00467748  _device                                        
004677c0  gFlashDevCfg_MX25V1635F                        
0046795c  appAllocationParamTable                        
00467a1c  _stream                                        
00467a6c  appGatingParamTable                            
00467b3c  gMpuRegionConfig                               
00467c2c  gUartParams                                    
00467c64  appMaxAccelerationParams                       
00467c94  appStateParamTable                             
00467cc4  gFlashAttrs_MX25V1635F                         
00467cf4  gHwaAttrs                                      
00467d24  gSocModulesClockFrequency                      
00467d54  EdmaCallbackcnt                                
00467d58  gFactoryCalibDataStorage                       
00467d80  gHwaEDMAChanMapping                            
00467da0  gSocModules                                    
00467dc0  gFlashNorQspiFxns                              
00467ddc  SteeringVecParams                              
00467df4  gCLIMMWaveExtensionTable                       
00467e24  gClockConfig                                   
00467e38  gDefaultAntGeometry                            
00467e4c  appInitialRadialVelocity                       
00467e5c  gEdmaConfig                                    
00467e6c  gFlashConfig                                   
00467e7c  gFlashToSpiProtocolMap                         
00467e8c  gAddrTranslateConfig                           
00467e98  gI2cParams                                     
00467ea4  gMpuConfig                                     
00467eb0  __TI_cleanup_ptr                               
00467eb4  __TI_dtors_ptr                                 
00467eb8  demoStartTime                                  
00467ec8  gEdmaParams                                    
00467ed0  gFlashParams                                   
00467ed8  gI2cConfig                                     
00467ee0  gQspiConfig                                    
00467ef0  gUartConfig                                    
00467ef8  FreeRTOS_errno                                 
00467efc  MMWave_ISRHandle                               
00467f00  __TI_ft_end                                    
00467f04  __aeabi_errno                                  
00467f08  _lock                                          
00467f0c  _unlock                                        
00467f10  gCfarHwaObj                                    
00467f14  gDebugLogZone                                  
00467f18  gDebugTargetCode                               
00467f1c  gEdmaConfigNum                                 
00467f20  gFlashConfigNum                                
00467f24  gGtrackMemoryUsed                              
00467f28  gHwaConfigNum                                  
00467f2c  gHwaObjectPtr                                  
00467f30  gI2cConfigNum                                  
00467f34  gMaxSatYVal                                    
00467f38  gMinSatYVal                                    
00467f3c  gNearestCluster                                
00467f40  gPreStoredAdcTestBuffInd                       
00467f44  gPreStoredAdcTestBuffRdInd                     
00467f48  gQspiConfigNum                                 
00467f4c  gQspiParams                                    
00467f50  gSocClk                                        
00467f54  gTestMinMpdCentroid                            
00467f58  gTestRangeLED                                  
00467f5c  gUartConfigNum                                 
00467f60  hwadoneisr                                     
00467f70  pinParkCfg                                     
00467f80  pxCurrentTCB                                   
00467f84  sensPerChirpLuTable                            
00467f88  sensorStop                                     
00467fcf  demoLowPwrStateTaken                           
00467fd1  gIsDefCfgUsed                                  
00467fd2  idleExited                                     
00467fd3  isSensorStarted                                
60000000  gMmwL3                                         
ffffffff  __TI_pprof_out_hndl                            
ffffffff  __TI_prof_data_size                            
ffffffff  __TI_prof_data_start                           
ffffffff  __binit__                                      
ffffffff  binit                                          
UNDEFED   __TI_CINIT_Base                                
UNDEFED   __TI_CINIT_Limit                               
UNDEFED   __TI_Handler_Table_Base                        
UNDEFED   __TI_Handler_Table_Limit                       
UNDEFED   _system_post_cinit                             

[1100 symbols]
